/*--------------------------------------------------------------*
 * Compilé avec C6809 v0.83                                     *
 *--------------------------------------------------------------*
 * Fichier source      : tmp/HJL5.ASM
 * Fichier destination : tmp/HJL5.BIN
 * Contenu :
 *     Main     0:IMG.ASM      10201
 *--------------------------------------------------------------*/

Macro Pass
Pass1
Pass2
      2        B541                      ORG $B541
      3        B541               DRAW_HJL5
      4  5+3   B541 34   48              PSHS U,DP
      5  7     B543 10FF B9B9            STS SSAV_HJL5+2
      6
      7  7     B547 10FE 9F00            LDS $9F00
      8  7     B54B 10FF B9C5            STS ERASE_POS_HJL5_1+2
      9  3     B54F CE   BBDC            LDU #ERASE_DATA_HJL5_2
     10  4+4   B552 32   E9 0232         LEAS 562,S
     11  5+0   B556 EC   E4              LDD ,S
     12  5+4   B558 36   46              PSHU D,S
     13  2     B55A 84   F0              ANDA #$F0
     14  2     B55C C4   0F              ANDB #$0F
     15  4     B55E C3   0AA0            ADDD #$0aa0
     16  5+0   B561 ED   E4              STD ,S
     17
     18  4+4   B563 32   E9 00A0         LEAS 160,S
     19  5+1   B567 EC   E8 88           LDD -120,S
     20  5+2   B56A 36   06              PSHU D
     21  2     B56C 84   F0              ANDA #$F0
     22  2     B56E C4   0F              ANDB #$0F
     23  4     B570 C3   0AA0            ADDD #$0aa0
     24  5+1   B573 ED   E8 88           STD -120,S
     25
     26  4+1   B576 A6   E8 B2           LDA -78,S
     27  5+1   B579 36   02              PSHU A
     28  2     B57B 84   0F              ANDA #$0F
     29  2     B57D 8A   D0              ORA #$d0
     30  4+1   B57F A7   E8 B2           STA -78,S
     31
     32  4+1   B582 A6   E8 DA           LDA -38,S
     33  5+1   B585 36   02              PSHU A
     34  2     B587 84   0F              ANDA #$0F
     35  2     B589 8A   F0              ORA #$f0
     36  4+1   B58B A7   E8 DA           STA -38,S
     37
     38  5+1   B58E EC   E8 B0           LDD -80,S
     39  5+2   B591 36   06              PSHU D
     40
     41  5+1   B593 EC   E8 D8           LDD -40,S
     42  5+2   B596 36   06              PSHU D
     43
     44  3     B598 CC   AACA            LDD #$aaca
     45  5+1   B59B ED   E8 D8           STD -40,S
     46
     47  5+1   B59E ED   E8 B0           STD -80,S
     48
     49  5+3   B5A1 35   12              PULS A,X
     50  5+5   B5A3 36   52              PSHU A,X,S
     51  2     B5A5 86   AA              LDA #$aa
     52  3     B5A7 8E   DA11            LDX #$da11
     53  5+3   B5AA 34   12              PSHS A,X
     54
     55  4+1   B5AC 32   E8 28           LEAS 40,S
     56  5+1   B5AF EC   E8 27           LDD 39,S
     57  5+2   B5B2 36   06              PSHU D
     58  2     B5B4 84   F0              ANDA #$F0
     59  2     B5B6 8A   0A              ORA #$0a
     60  2     B5B8 C6   AC              LDB #$ac
     61  5+1   B5BA ED   E8 27           STD 39,S
     62
     63  5+1   B5BD EC   E8 4F           LDD 79,S
     64  5+2   B5C0 36   06              PSHU D
     65  2     B5C2 84   F0              ANDA #$F0
     66  2     B5C4 8A   0A              ORA #$0a
     67  2     B5C6 C6   AC              LDB #$ac
     68  5+1   B5C8 ED   E8 4F           STD 79,S
     69
     70  5+1   B5CB EC   E8 77           LDD 119,S
     71  5+2   B5CE 36   06              PSHU D
     72  2     B5D0 84   F0              ANDA #$F0
     73  2     B5D2 8A   0A              ORA #$0a
     74  2     B5D4 C6   BA              LDB #$ba
     75  5+1   B5D6 ED   E8 77           STD 119,S
     76
     77  5+1   B5D9 EC   E8 29           LDD 41,S
     78  5+2   B5DC 36   06              PSHU D
     79
     80  5+1   B5DE EC   E8 51           LDD 81,S
     81  5+2   B5E1 36   06              PSHU D
     82
     83  5+1   B5E3 EC   E8 79           LDD 121,S
     84  5+2   B5E6 36   06              PSHU D
     85
     86  3     B5E8 CC   DDAA            LDD #$ddaa
     87  5+1   B5EB ED   E8 79           STD 121,S
     88
     89  2     B5EE C6   11              LDB #$11
     90  5+1   B5F0 ED   E8 51           STD 81,S
     91
     92  2     B5F3 86   AC              LDA #$ac
     93  5+1   B5F5 ED   E8 29           STD 41,S
     94
     95  5+3   B5F8 35   12              PULS A,X
     96  5+5   B5FA 36   52              PSHU A,X,S
     97  2     B5FC 86   AC              LDA #$ac
     98  3     B5FE 8E   AC1E            LDX #$ac1e
     99  5+3   B601 34   12              PSHS A,X
    100
    101  4+4   B603 32   E9 0118         LEAS 280,S
    102  5+1   B607 EC   E8 87           LDD -121,S
    103  5+2   B60A 36   06              PSHU D
    104  2     B60C 84   F0              ANDA #$F0
    105  2     B60E 8A   0A              ORA #$0a
    106  2     B610 C6   BA              LDB #$ba
    107  5+1   B612 ED   E8 87           STD -121,S
    108
    109  5+1   B615 EC   E8 AF           LDD -81,S
    110  5+2   B618 36   06              PSHU D
    111  2     B61A 84   F0              ANDA #$F0
    112  2     B61C 8A   0A              ORA #$0a
    113  2     B61E C6   BA              LDB #$ba
    114  5+1   B620 ED   E8 AF           STD -81,S
    115
    116  5+1   B623 EC   E8 D7           LDD -41,S
    117  5+2   B626 36   06              PSHU D
    118  2     B628 84   F0              ANDA #$F0
    119  2     B62A 8A   0C              ORA #$0c
    120  2     B62C C6   AC              LDB #$ac
    121  5+1   B62E ED   E8 D7           STD -41,S
    122
    123  4+1   B631 A6   E8 2A           LDA 42,S
    124  5+1   B634 36   02              PSHU A
    125  2     B636 84   0F              ANDA #$0F
    126  2     B638 8A   A0              ORA #$a0
    127  4+1   B63A A7   E8 2A           STA 42,S
    128
    129  5+1   B63D EC   E8 4F           LDD 79,S
    130  5+2   B640 36   06              PSHU D
    131  2     B642 84   0F              ANDA #$0F
    132  2     B644 8A   A0              ORA #$a0
    133  2     B646 C6   CC              LDB #$cc
    134  5+1   B648 ED   E8 4F           STD 79,S
    135
    136  5+1   B64B EC   E8 51           LDD 81,S
    137  5+2   B64E 36   06              PSHU D
    138  2     B650 86   C2              LDA #$c2
    139  2     B652 C4   0F              ANDB #$0F
    140  2     B654 CA   A0              ORB #$a0
    141  5+1   B656 ED   E8 51           STD 81,S
    142
    143  5+1   B659 EC   E8 89           LDD -119,S
    144  5+2   B65C 36   06              PSHU D
    145
    146  5+1   B65E EC   E8 B1           LDD -79,S
    147  5+2   B661 36   06              PSHU D
    148
    149  5+1   B663 EC   E8 D9           LDD -39,S
    150  5+2   B666 36   06              PSHU D
    151
    152  5+1   B668 EC   E8 28           LDD 40,S
    153  5+2   B66B 36   06              PSHU D
    154
    155  3     B66D CC   DD91            LDD #$dd91
    156  5+1   B670 ED   E8 B1           STD -79,S
    157
    158  3     B673 CC   CDAA            LDD #$cdaa
    159  5+1   B676 ED   E8 89           STD -119,S
    160
    161  2     B679 C6   A1              LDB #$a1
    162  5+1   B67B ED   E8 D9           STD -39,S
    163
    164  3     B67E CC   CA22            LDD #$ca22
    165  5+1   B681 ED   E8 28           STD 40,S
    166
    167  5+3   B684 35   12              PULS A,X
    168  5+5   B686 36   52              PSHU A,X,S
    169  2     B688 86   CC              LDA #$cc
    170  3     B68A 8E   DD91            LDX #$dd91
    171  5+3   B68D 34   12              PSHS A,X
    172
    173  4+1   B68F 32   E8 77           LEAS 119,S
    174  4+1   B692 A6   63              LDA 3,S
    175  5+1   B694 36   02              PSHU A
    176  2     B696 84   0F              ANDA #$0F
    177  2     B698 8A   90              ORA #$90
    178  4+1   B69A A7   63              STA 3,S
    179
    180  5+3   B69C 35   12              PULS A,X
    181  5+5   B69E 36   52              PSHU A,X,S
    182  2     B6A0 86   AA              LDA #$aa
    183  3     B6A2 8E   CC2C            LDX #$cc2c
    184  5+3   B6A5 34   12              PSHS A,X
    185
    186  4+1   B6A7 32   E8 28           LEAS 40,S
    187  4+1   B6AA A6   63              LDA 3,S
    188  5+1   B6AC 36   02              PSHU A
    189  2     B6AE 84   0F              ANDA #$0F
    190  2     B6B0 8A   90              ORA #$90
    191  4+1   B6B2 A7   63              STA 3,S
    192
    193  5+3   B6B4 35   12              PULS A,X
    194  5+5   B6B6 36   52              PSHU A,X,S
    195  2     B6B8 86   CA              LDA #$ca
    196  3     B6BA 8E   AC31            LDX #$ac31
    197  5+3   B6BD 34   12              PSHS A,X
    198
    199  4+1   B6BF 32   E8 28           LEAS 40,S
    200  4+1   B6C2 A6   63              LDA 3,S
    201  5+1   B6C4 36   02              PSHU A
    202  2     B6C6 84   0F              ANDA #$0F
    203  2     B6C8 8A   90              ORA #$90
    204  4+1   B6CA A7   63              STA 3,S
    205
    206  5+3   B6CC 35   12              PULS A,X
    207  5+5   B6CE 36   52              PSHU A,X,S
    208  2     B6D0 86   CA              LDA #$ca
    209  3     B6D2 8E   ACDD            LDX #$acdd
    210  5+3   B6D5 34   12              PSHS A,X
    211
    212  4+1   B6D7 32   E8 28           LEAS 40,S
    213  5+1   B6DA EC   E8 28           LDD 40,S
    214  5+2   B6DD 36   06              PSHU D
    215  2     B6DF 84   F0              ANDA #$F0
    216  2     B6E1 8A   0C              ORA #$0c
    217  2     B6E3 C6   AC              LDB #$ac
    218  5+1   B6E5 ED   E8 28           STD 40,S
    219
    220  5+1   B6E8 EC   E8 2A           LDD 42,S
    221  5+2   B6EB 36   06              PSHU D
    222  2     B6ED 86   9A              LDA #$9a
    223  2     B6EF C4   F0              ANDB #$F0
    224  2     B6F1 CA   01              ORB #$01
    225  5+1   B6F3 ED   E8 2A           STD 42,S
    226
    227  5+1   B6F6 EC   E8 50           LDD 80,S
    228  5+2   B6F9 36   06              PSHU D
    229  2     B6FB 84   F0              ANDA #$F0
    230  2     B6FD 8A   0C              ORA #$0c
    231  2     B6FF C6   CC              LDB #$cc
    232  5+1   B701 ED   E8 50           STD 80,S
    233
    234  5+1   B704 EC   E8 52           LDD 82,S
    235  5+2   B707 36   06              PSHU D
    236  2     B709 86   AA              LDA #$aa
    237  2     B70B C4   F0              ANDB #$F0
    238  2     B70D CA   0F              ORB #$0f
    239  5+1   B70F ED   E8 52           STD 82,S
    240
    241  5+1   B712 EC   E8 78           LDD 120,S
    242  5+2   B715 36   06              PSHU D
    243  2     B717 84   F0              ANDA #$F0
    244  2     B719 8A   0D              ORA #$0d
    245  2     B71B C6   CC              LDB #$cc
    246  5+1   B71D ED   E8 78           STD 120,S
    247
    248  5+1   B720 EC   E8 7A           LDD 122,S
    249  5+2   B723 36   06              PSHU D
    250  2     B725 86   AA              LDA #$aa
    251  2     B727 C4   F0              ANDB #$F0
    252  2     B729 CA   01              ORB #$01
    253  5+1   B72B ED   E8 7A           STD 122,S
    254
    255  5+4   B72E 35   16              PULS D,X
    256  5+6   B730 36   56              PSHU D,X,S
    257  3     B732 CC   CCAC            LDD #$ccac
    258  3     B735 8E   D9A1            LDX #$d9a1
    259  5+4   B738 34   16              PSHS D,X
    260
    261  4+4   B73A 32   E9 0105         LEAS 261,S
    262  5+1   B73E EC   E8 3C           LDD 60,S
    263  5+2   B741 36   06              PSHU D
    264  2     B743 84   F0              ANDA #$F0
    265  2     B745 C4   0F              ANDB #$0F
    266  4     B747 C3   0DD0            ADDD #$0dd0
    267  5+1   B74A ED   E8 3C           STD 60,S
    268
    269  4+1   B74D A6   E8 64           LDA 100,S
    270  5+1   B750 36   02              PSHU A
    271  2     B752 84   F0              ANDA #$F0
    272  2     B754 8A   0D              ORA #$0d
    273  4+1   B756 A7   E8 64           STA 100,S
    274
    275  5+1   B759 EC   E8 9C           LDD -100,S
    276  5+2   B75C 36   06              PSHU D
    277
    278  5+1   B75E EC   E8 C4           LDD -60,S
    279  5+2   B761 36   06              PSHU D
    280
    281  5+1   B763 EC   E8 EC           LDD -20,S
    282  5+2   B766 36   06              PSHU D
    283
    284  5+1   B768 EC   E8 14           LDD 20,S
    285  5+4   B76B 36   46              PSHU D,S
    286
    287  3     B76D CC   CD9A            LDD #$cd9a
    288  5+1   B770 ED   E8 C4           STD -60,S
    289
    290  2     B773 C6   A0              LDB #$a0
    291  5+1   B775 ED   E8 9C           STD -100,S
    292
    293  3     B778 CC   DCDD            LDD #$dcdd
    294  5+1   B77B ED   E8 EC           STD -20,S
    295
    296  2     B77E 86   3D              LDA #$3d
    297  5+1   B780 ED   E8 14           STD 20,S
    298
    299
    300  7     B783 10FE 9F02            LDS $9F00+2
    301  7     B787 10FF BA9D            STS ERASE_POS_HJL5_2+2
    302  3     B78B CE   BC4C            LDU #ERASE_DATA_HJL5_END
    303
    304  4+4   B78E 32   E9 0297         LEAS 663,S
    305  4+1   B792 A6   E8 C4           LDA -60,S
    306  5+1   B795 36   02              PSHU A
    307  2     B797 84   0F              ANDA #$0F
    308  2     B799 8A   A0              ORA #$a0
    309  4+1   B79B A7   E8 C4           STA -60,S
    310
    311  5+1   B79E EC   E8 12           LDD 18,S
    312  5+2   B7A1 36   06              PSHU D
    313  2     B7A3 84   0F              ANDA #$0F
    314  2     B7A5 C4   F0              ANDB #$F0
    315  4     B7A7 C3   A00A            ADDD #$a00a
    316  5+1   B7AA ED   E8 12           STD 18,S
    317
    318  5+1   B7AD EC   E8 3A           LDD 58,S
    319  5+2   B7B0 36   06              PSHU D
    320  2     B7B2 84   0F              ANDA #$0F
    321  2     B7B4 C4   F0              ANDB #$F0
    322  4     B7B6 C3   A00A            ADDD #$a00a
    323  5+1   B7B9 ED   E8 3A           STD 58,S
    324
    325  4+1   B7BC A6   E8 EC           LDA -20,S
    326  5+1   B7BF 36   02              PSHU A
    327
    328  4+1   B7C1 A6   E8 14           LDA 20,S
    329  5+1   B7C4 36   02              PSHU A
    330
    331  4+1   B7C6 A6   E8 3C           LDA 60,S
    332  5+3   B7C9 36   42              PSHU A,S
    333
    334  2     B7CB 86   DD              LDA #$dd
    335  4+1   B7CD A7   E8 14           STA 20,S
    336
    337  2     B7D0 86   CD              LDA #$cd
    338  4+1   B7D2 A7   E8 EC           STA -20,S
    339
    340  2     B7D5 86   DF              LDA #$df
    341  4+1   B7D7 A7   E8 3C           STA 60,S
    342
    343  4+4   B7DA 32   E9 00DA         LEAS 218,S
    344  5+1   B7DE EC   E8 88           LDD -120,S
    345  5+2   B7E1 36   06              PSHU D
    346  2     B7E3 84   0F              ANDA #$0F
    347  2     B7E5 C4   F0              ANDB #$F0
    348  4     B7E7 C3   A00A            ADDD #$a00a
    349  5+1   B7EA ED   E8 88           STD -120,S
    350
    351  5+1   B7ED EC   E8 B0           LDD -80,S
    352  5+2   B7F0 36   06              PSHU D
    353  2     B7F2 84   0F              ANDA #$0F
    354  2     B7F4 8A   A0              ORA #$a0
    355  2     B7F6 C6   AA              LDB #$aa
    356  5+1   B7F8 ED   E8 B0           STD -80,S
    357
    358  5+1   B7FB EC   E8 D8           LDD -40,S
    359  5+2   B7FE 36   06              PSHU D
    360  2     B800 84   0F              ANDA #$0F
    361  2     B802 8A   C0              ORA #$c0
    362  2     B804 C6   CC              LDB #$cc
    363  5+1   B806 ED   E8 D8           STD -40,S
    364
    365  5+1   B809 EC   E8 DA           LDD -38,S
    366  5+2   B80C 36   06              PSHU D
    367  2     B80E 86   A9              LDA #$a9
    368  2     B810 C4   0F              ANDB #$0F
    369  2     B812 CA   00              ORB #$00
    370  5+1   B814 ED   E8 DA           STD -38,S
    371
    372  4+1   B817 A6   63              LDA 3,S
    373  5+1   B819 36   02              PSHU A
    374  2     B81B 84   0F              ANDA #$0F
    375  2     B81D 8A   90              ORA #$90
    376  4+1   B81F A7   63              STA 3,S
    377
    378  4+1   B821 A6   E8 8A           LDA -118,S
    379  5+1   B824 36   02              PSHU A
    380
    381  4+1   B826 A6   E8 B2           LDA -78,S
    382  5+1   B829 36   02              PSHU A
    383
    384  2     B82B 86   A2              LDA #$a2
    385  4+1   B82D A7   E8 B2           STA -78,S
    386
    387  2     B830 86   C2              LDA #$c2
    388  4+1   B832 A7   E8 8A           STA -118,S
    389
    390  5+3   B835 35   12              PULS A,X
    391  5+5   B837 36   52              PSHU A,X,S
    392  2     B839 86   CA              LDA #$ca
    393  3     B83B 8E   CCCA            LDX #$ccca
    394  5+3   B83E 34   12              PSHS A,X
    395
    396  4+1   B840 32   E8 28           LEAS 40,S
    397  4+1   B843 A6   63              LDA 3,S
    398  5+1   B845 36   02              PSHU A
    399  2     B847 84   0F              ANDA #$0F
    400  2     B849 8A   90              ORA #$90
    401  4+1   B84B A7   63              STA 3,S
    402
    403  5+3   B84D 35   12              PULS A,X
    404  5+5   B84F 36   52              PSHU A,X,S
    405  2     B851 86   CA              LDA #$ca
    406  3     B853 8E   CCD0            LDX #$ccd0
    407  5+3   B856 34   12              PSHS A,X
    408
    409  4+1   B858 32   E8 28           LEAS 40,S
    410  4+1   B85B A6   63              LDA 3,S
    411  5+1   B85D 36   02              PSHU A
    412  2     B85F 84   0F              ANDA #$0F
    413  2     B861 8A   E0              ORA #$e0
    414  4+1   B863 A7   63              STA 3,S
    415
    416  5+3   B865 35   12              PULS A,X
    417  5+5   B867 36   52              PSHU A,X,S
    418  2     B869 86   CA              LDA #$ca
    419  3     B86B 8E   CCDC            LDX #$ccdc
    420  5+3   B86E 34   12              PSHS A,X
    421
    422  4+1   B870 32   E8 28           LEAS 40,S
    423  4+1   B873 A6   63              LDA 3,S
    424  5+1   B875 36   02              PSHU A
    425  2     B877 84   0F              ANDA #$0F
    426  2     B879 8A   E0              ORA #$e0
    427  4+1   B87B A7   63              STA 3,S
    428
    429  5+3   B87D 35   12              PULS A,X
    430  5+5   B87F 36   52              PSHU A,X,S
    431  2     B881 86   CC              LDA #$cc
    432  3     B883 8E   CAAC            LDX #$caac
    433  5+3   B886 34   12              PSHS A,X
    434
    435  4+1   B888 32   E8 28           LEAS 40,S
    436  4+1   B88B A6   63              LDA 3,S
    437  5+1   B88D 36   02              PSHU A
    438  2     B88F 84   0F              ANDA #$0F
    439  2     B891 8A   E0              ORA #$e0
    440  4+1   B893 A7   63              STA 3,S
    441
    442  5+3   B895 35   12              PULS A,X
    443  5+5   B897 36   52              PSHU A,X,S
    444  2     B899 86   CC              LDA #$cc
    445  3     B89B 8E   CCAA            LDX #$ccaa
    446  5+3   B89E 34   12              PSHS A,X
    447
    448  4+1   B8A0 32   E8 28           LEAS 40,S
    449  4+1   B8A3 A6   63              LDA 3,S
    450  5+1   B8A5 36   02              PSHU A
    451  2     B8A7 84   0F              ANDA #$0F
    452  2     B8A9 8A   E0              ORA #$e0
    453  4+1   B8AB A7   63              STA 3,S
    454
    455  5+3   B8AD 35   12              PULS A,X
    456  5+5   B8AF 36   52              PSHU A,X,S
    457  2     B8B1 86   CC              LDA #$cc
    458  3     B8B3 8E   CCCA            LDX #$ccca
    459  5+3   B8B6 34   12              PSHS A,X
    460
    461  4+1   B8B8 32   E8 28           LEAS 40,S
    462  4+1   B8BB A6   63              LDA 3,S
    463  5+1   B8BD 36   02              PSHU A
    464  2     B8BF 84   0F              ANDA #$0F
    465  2     B8C1 8A   E0              ORA #$e0
    466  4+1   B8C3 A7   63              STA 3,S
    467
    468  5+3   B8C5 35   12              PULS A,X
    469  5+5   B8C7 36   52              PSHU A,X,S
    470  2     B8C9 86   DC              LDA #$dc
    471  3     B8CB 8E   CC9A            LDX #$cc9a
    472  5+3   B8CE 34   12              PSHS A,X
    473
    474  4+1   B8D0 32   E8 28           LEAS 40,S
    475  4+1   B8D3 A6   63              LDA 3,S
    476  5+1   B8D5 36   02              PSHU A
    477  2     B8D7 84   0F              ANDA #$0F
    478  2     B8D9 8A   E0              ORA #$e0
    479  4+1   B8DB A7   63              STA 3,S
    480
    481  5+3   B8DD 35   12              PULS A,X
    482  5+5   B8DF 36   52              PSHU A,X,S
    483  2     B8E1 86   AA              LDA #$aa
    484  3     B8E3 8E   CDAA            LDX #$cdaa
    485  5+3   B8E6 34   12              PSHS A,X
    486
    487  4+1   B8E8 32   E8 28           LEAS 40,S
    488  4+1   B8EB A6   63              LDA 3,S
    489  5+1   B8ED 36   02              PSHU A
    490  2     B8EF 84   0F              ANDA #$0F
    491  2     B8F1 8A   E0              ORA #$e0
    492  4+1   B8F3 A7   63              STA 3,S
    493
    494  5+3   B8F5 35   12              PULS A,X
    495  5+5   B8F7 36   52              PSHU A,X,S
    496  2     B8F9 86   AA              LDA #$aa
    497  3     B8FB 8E   CCCA            LDX #$ccca
    498  5+3   B8FE 34   12              PSHS A,X
    499
    500  4+1   B900 32   E8 28           LEAS 40,S
    501  4+1   B903 A6   63              LDA 3,S
    502  5+1   B905 36   02              PSHU A
    503  2     B907 84   0F              ANDA #$0F
    504  2     B909 8A   E0              ORA #$e0
    505  4+1   B90B A7   63              STA 3,S
    506
    507  5+3   B90D 35   12              PULS A,X
    508  5+5   B90F 36   52              PSHU A,X,S
    509  2     B911 86   AA              LDA #$aa
    510  3     B913 8E   CD1A            LDX #$cd1a
    511  5+3   B916 34   12              PSHS A,X
    512
    513  4+1   B918 32   E8 28           LEAS 40,S
    514  4+1   B91B A6   63              LDA 3,S
    515  5+1   B91D 36   02              PSHU A
    516  2     B91F 84   0F              ANDA #$0F
    517  2     B921 8A   E0              ORA #$e0
    518  4+1   B923 A7   63              STA 3,S
    519
    520  5+1   B925 EC   E8 2A           LDD 42,S
    521  5+2   B928 36   06              PSHU D
    522  2     B92A 84   0F              ANDA #$0F
    523  2     B92C C4   0F              ANDB #$0F
    524  4     B92E C3   A000            ADDD #$a000
    525  5+1   B931 ED   E8 2A           STD 42,S
    526
    527  5+1   B934 EC   E8 28           LDD 40,S
    528  5+2   B937 36   06              PSHU D
    529
    530  3     B939 CC   CADD            LDD #$cadd
    531  5+1   B93C ED   E8 28           STD 40,S
    532
    533  5+3   B93F 35   12              PULS A,X
    534  5+5   B941 36   52              PSHU A,X,S
    535  2     B943 86   AA              LDA #$aa
    536  3     B945 8E   CCA9            LDX #$cca9
    537  5+3   B948 34   12              PSHS A,X
    538
    539  4+1   B94A 32   E8 50           LEAS 80,S
    540  5+3   B94D 35   12              PULS A,X
    541  5+5   B94F 36   52              PSHU A,X,S
    542  2     B951 86   CC              LDA #$cc
    543  3     B953 8E   CD30            LDX #$cd30
    544  5+3   B956 34   12              PSHS A,X
    545
    546  4+1   B958 32   E8 28           LEAS 40,S
    547  4+1   B95B A6   E8 2A           LDA 42,S
    548  5+1   B95E 36   02              PSHU A
    549  2     B960 84   F0              ANDA #$F0
    550  2     B962 8A   00              ORA #$00
    551  4+1   B964 A7   E8 2A           STA 42,S
    552
    553  4+1   B967 A6   E8 52           LDA 82,S
    554  5+1   B96A 36   02              PSHU A
    555  2     B96C 84   F0              ANDA #$F0
    556  2     B96E 8A   00              ORA #$00
    557  4+1   B970 A7   E8 52           STA 82,S
    558
    559  5+1   B973 EC   E8 78           LDD 120,S
    560  5+2   B976 36   06              PSHU D
    561  2     B978 84   F0              ANDA #$F0
    562  2     B97A 8A   0D              ORA #$0d
    563  2     B97C C6   DD              LDB #$dd
    564  5+1   B97E ED   E8 78           STD 120,S
    565
    566  5+1   B981 EC   E8 28           LDD 40,S
    567  5+2   B984 36   06              PSHU D
    568
    569  5+1   B986 EC   E8 50           LDD 80,S
    570  5+2   B989 36   06              PSHU D
    571
    572  3     B98B CC   DDDD            LDD #$dddd
    573  5+1   B98E ED   E8 50           STD 80,S
    574
    575  2     B991 C6   CD              LDB #$cd
    576  5+1   B993 ED   E8 28           STD 40,S
    577
    578  5+3   B996 35   12              PULS A,X
    579  5+5   B998 36   52              PSHU A,X,S
    580  2     B99A 86   CC              LDA #$cc
    581  3     B99C 8E   DD00            LDX #$dd00
    582  5+3   B99F 34   12              PSHS A,X
    583
    584  4+4   B9A1 32   E9 00B5         LEAS 181,S
    585  4+1   B9A5 A6   E8 EC           LDA -20,S
    586  5+1   B9A8 36   02              PSHU A
    587
    588  4+1   B9AA A6   E8 14           LDA 20,S
    589  5+3   B9AD 36   42              PSHU A,S
    590
    591  2     B9AF 86   DD              LDA #$dd
    592  4+1   B9B1 A7   E8 14           STA 20,S
    593
    594  4+1   B9B4 A7   E8 EC           STA -20,S
    595
    596        B9B7               SSAV_HJL5
    597  4     B9B7 10CE 0000            LDS #$0000
    598  5+5   B9BB 35   C8              PULS DP,U,PC * Ajout du PC au PULS>>
    599
    600        B9BD               ERASE_HJL5
    601  5+3   B9BD 34   48              PSHS U,DP
    602  7     B9BF 10FF BB6D            STS ERASE_SSAV_HJL5+2
    603
    604        B9C3               ERASE_POS_HJL5_1
    605  4     B9C3 10CE 0000            LDS #$0000
    606  3     B9C7 CE   BB71            LDU #ERASE_DATA_HJL5_1
    607
    608        B9CA               ERASE_CODE_HJL5_1
    609  5+4   B9CA 37   46              PULU D,S
    610  5+1   B9CC ED   E8 14           STD 20,S
    611  5+2   B9CF 37   06              PULU D
    612  5+1   B9D1 ED   E8 EC           STD -20,S
    613  5+2   B9D4 37   06              PULU D
    614  5+1   B9D6 ED   E8 C4           STD -60,S
    615  5+2   B9D9 37   06              PULU D
    616  5+1   B9DB ED   E8 9C           STD -100,S
    617  5+1   B9DE 37   02              PULU A
    618  4+1   B9E0 A7   E8 64           STA 100,S
    619  5+2   B9E3 37   06              PULU D
    620  5+1   B9E5 ED   E8 3C           STD 60,S
    621  5+6   B9E8 37   56              PULU D,X,S
    622  5+4   B9EA 34   16              PSHS D,X
    623  5+2   B9EC 37   06              PULU D
    624  5+1   B9EE ED   E8 7A           STD 122,S
    625  5+2   B9F1 37   06              PULU D
    626  5+1   B9F3 ED   E8 78           STD 120,S
    627  5+2   B9F6 37   06              PULU D
    628  5+1   B9F8 ED   E8 52           STD 82,S
    629  5+2   B9FB 37   06              PULU D
    630  5+1   B9FD ED   E8 50           STD 80,S
    631  5+2   BA00 37   06              PULU D
    632  5+1   BA02 ED   E8 2A           STD 42,S
    633  5+2   BA05 37   06              PULU D
    634  5+1   BA07 ED   E8 28           STD 40,S
    635  5+5   BA0A 37   52              PULU A,X,S
    636  5+3   BA0C 34   12              PSHS A,X
    637  5+1   BA0E 37   02              PULU A
    638  4+1   BA10 A7   63              STA 3,S
    639  5+5   BA12 37   52              PULU A,X,S
    640  5+3   BA14 34   12              PSHS A,X
    641  5+1   BA16 37   02              PULU A
    642  4+1   BA18 A7   63              STA 3,S
    643  5+5   BA1A 37   52              PULU A,X,S
    644  5+3   BA1C 34   12              PSHS A,X
    645  5+1   BA1E 37   02              PULU A
    646  4+1   BA20 A7   63              STA 3,S
    647  5+5   BA22 37   52              PULU A,X,S
    648  5+3   BA24 34   12              PSHS A,X
    649  5+2   BA26 37   06              PULU D
    650  5+1   BA28 ED   E8 28           STD 40,S
    651  5+2   BA2B 37   06              PULU D
    652  5+1   BA2D ED   E8 D9           STD -39,S
    653  5+2   BA30 37   06              PULU D
    654  5+1   BA32 ED   E8 B1           STD -79,S
    655  5+2   BA35 37   06              PULU D
    656  5+1   BA37 ED   E8 89           STD -119,S
    657  5+2   BA3A 37   06              PULU D
    658  5+1   BA3C ED   E8 51           STD 81,S
    659  5+2   BA3F 37   06              PULU D
    660  5+1   BA41 ED   E8 4F           STD 79,S
    661  5+1   BA44 37   02              PULU A
    662  4+1   BA46 A7   E8 2A           STA 42,S
    663  5+2   BA49 37   06              PULU D
    664  5+1   BA4B ED   E8 D7           STD -41,S
    665  5+2   BA4E 37   06              PULU D
    666  5+1   BA50 ED   E8 AF           STD -81,S
    667  5+2   BA53 37   06              PULU D
    668  5+1   BA55 ED   E8 87           STD -121,S
    669  5+5   BA58 37   52              PULU A,X,S
    670  5+3   BA5A 34   12              PSHS A,X
    671  5+2   BA5C 37   06              PULU D
    672  5+1   BA5E ED   E8 79           STD 121,S
    673  5+2   BA61 37   06              PULU D
    674  5+1   BA63 ED   E8 51           STD 81,S
    675  5+2   BA66 37   06              PULU D
    676  5+1   BA68 ED   E8 29           STD 41,S
    677  5+2   BA6B 37   06              PULU D
    678  5+1   BA6D ED   E8 77           STD 119,S
    679  5+2   BA70 37   06              PULU D
    680  5+1   BA72 ED   E8 4F           STD 79,S
    681  5+2   BA75 37   06              PULU D
    682  5+1   BA77 ED   E8 27           STD 39,S
    683  5+5   BA7A 37   52              PULU A,X,S
    684  5+3   BA7C 34   12              PSHS A,X
    685  5+2   BA7E 37   06              PULU D
    686  5+1   BA80 ED   E8 D8           STD -40,S
    687  5+2   BA83 37   06              PULU D
    688  5+1   BA85 ED   E8 B0           STD -80,S
    689  5+1   BA88 37   02              PULU A
    690  4+1   BA8A A7   E8 DA           STA -38,S
    691  5+1   BA8D 37   02              PULU A
    692  4+1   BA8F A7   E8 B2           STA -78,S
    693  5+2   BA92 37   06              PULU D
    694  5+1   BA94 ED   E8 88           STD -120,S
    695  5+4   BA97 37   46              PULU D,S
    696  5+0   BA99 ED   E4              STD ,S
    697        BA9B               ERASE_POS_HJL5_2
    698  4     BA9B 10CE 0000            LDS #$0000
    699  3     BA9F CE   BBDC            LDU #ERASE_DATA_HJL5_2
    700
    701        BAA2               ERASE_CODE_HJL5_2
    702  5+3   BAA2 37   42              PULU A,S
    703  4+1   BAA4 A7   E8 14           STA 20,S
    704  5+1   BAA7 37   02              PULU A
    705  4+1   BAA9 A7   E8 EC           STA -20,S
    706  5+5   BAAC 37   52              PULU A,X,S
    707  5+3   BAAE 34   12              PSHS A,X
    708  5+2   BAB0 37   06              PULU D
    709  5+1   BAB2 ED   E8 50           STD 80,S
    710  5+2   BAB5 37   06              PULU D
    711  5+1   BAB7 ED   E8 28           STD 40,S
    712  5+2   BABA 37   06              PULU D
    713  5+1   BABC ED   E8 78           STD 120,S
    714  5+1   BABF 37   02              PULU A
    715  4+1   BAC1 A7   E8 52           STA 82,S
    716  5+1   BAC4 37   02              PULU A
    717  4+1   BAC6 A7   E8 2A           STA 42,S
    718  5+5   BAC9 37   52              PULU A,X,S
    719  5+3   BACB 34   12              PSHS A,X
    720  5+5   BACD 37   52              PULU A,X,S
    721  5+3   BACF 34   12              PSHS A,X
    722  5+2   BAD1 37   06              PULU D
    723  5+1   BAD3 ED   E8 28           STD 40,S
    724  5+2   BAD6 37   06              PULU D
    725  5+1   BAD8 ED   E8 2A           STD 42,S
    726  5+1   BADB 37   02              PULU A
    727  4+1   BADD A7   63              STA 3,S
    728  5+5   BADF 37   52              PULU A,X,S
    729  5+3   BAE1 34   12              PSHS A,X
    730  5+1   BAE3 37   02              PULU A
    731  4+1   BAE5 A7   63              STA 3,S
    732  5+5   BAE7 37   52              PULU A,X,S
    733  5+3   BAE9 34   12              PSHS A,X
    734  5+1   BAEB 37   02              PULU A
    735  4+1   BAED A7   63              STA 3,S
    736  5+5   BAEF 37   52              PULU A,X,S
    737  5+3   BAF1 34   12              PSHS A,X
    738  5+1   BAF3 37   02              PULU A
    739  4+1   BAF5 A7   63              STA 3,S
    740  5+5   BAF7 37   52              PULU A,X,S
    741  5+3   BAF9 34   12              PSHS A,X
    742  5+1   BAFB 37   02              PULU A
    743  4+1   BAFD A7   63              STA 3,S
    744  5+5   BAFF 37   52              PULU A,X,S
    745  5+3   BB01 34   12              PSHS A,X
    746  5+1   BB03 37   02              PULU A
    747  4+1   BB05 A7   63              STA 3,S
    748  5+5   BB07 37   52              PULU A,X,S
    749  5+3   BB09 34   12              PSHS A,X
    750  5+1   BB0B 37   02              PULU A
    751  4+1   BB0D A7   63              STA 3,S
    752  5+5   BB0F 37   52              PULU A,X,S
    753  5+3   BB11 34   12              PSHS A,X
    754  5+1   BB13 37   02              PULU A
    755  4+1   BB15 A7   63              STA 3,S
    756  5+5   BB17 37   52              PULU A,X,S
    757  5+3   BB19 34   12              PSHS A,X
    758  5+1   BB1B 37   02              PULU A
    759  4+1   BB1D A7   63              STA 3,S
    760  5+5   BB1F 37   52              PULU A,X,S
    761  5+3   BB21 34   12              PSHS A,X
    762  5+1   BB23 37   02              PULU A
    763  4+1   BB25 A7   63              STA 3,S
    764  5+5   BB27 37   52              PULU A,X,S
    765  5+3   BB29 34   12              PSHS A,X
    766  5+1   BB2B 37   02              PULU A
    767  4+1   BB2D A7   E8 B2           STA -78,S
    768  5+1   BB30 37   02              PULU A
    769  4+1   BB32 A7   E8 8A           STA -118,S
    770  5+1   BB35 37   02              PULU A
    771  4+1   BB37 A7   63              STA 3,S
    772  5+2   BB39 37   06              PULU D
    773  5+1   BB3B ED   E8 DA           STD -38,S
    774  5+2   BB3E 37   06              PULU D
    775  5+1   BB40 ED   E8 D8           STD -40,S
    776  5+2   BB43 37   06              PULU D
    777  5+1   BB45 ED   E8 B0           STD -80,S
    778  5+2   BB48 37   06              PULU D
    779  5+1   BB4A ED   E8 88           STD -120,S
    780  5+3   BB4D 37   42              PULU A,S
    781  4+1   BB4F A7   E8 3C           STA 60,S
    782  5+1   BB52 37   02              PULU A
    783  4+1   BB54 A7   E8 14           STA 20,S
    784  5+1   BB57 37   02              PULU A
    785  4+1   BB59 A7   E8 EC           STA -20,S
    786  5+2   BB5C 37   06              PULU D
    787  5+1   BB5E ED   E8 3A           STD 58,S
    788  5+2   BB61 37   06              PULU D
    789  5+1   BB63 ED   E8 12           STD 18,S
    790  5+1   BB66 37   02              PULU A
    791  4+1   BB68 A7   E8 C4           STA -60,S
    792        BB6B               ERASE_SSAV_HJL5
    793  4     BB6B 10CE 0000            LDS #$0000
    794  5+5   BB6F 35   C8              PULS DP,U,PC * Ajout du PC au PULS>>
    795
    796        BB71               ERASE_DATA_HJL5_1
    797        BB71 0000                 FDB $0000
    798        BB73 0000                 FDB $0000
    799        BB75 0000                 FDB $0000
    800        BB77 0000                 FDB $0000
    801        BB79 0000                 FDB $0000
    802        BB7B 0000                 FDB $0000
    803        BB7D 0000                 FDB $0000
    804        BB7F 0000                 FDB $0000
    805        BB81 0000                 FDB $0000
    806        BB83 0000                 FDB $0000
    807        BB85 0000                 FDB $0000
    808        BB87 0000                 FDB $0000
    809        BB89 0000                 FDB $0000
    810        BB8B 0000                 FDB $0000
    811        BB8D 0000                 FDB $0000
    812        BB8F 0000                 FDB $0000
    813        BB91 0000                 FDB $0000
    814        BB93 0000                 FDB $0000
    815        BB95 0000                 FDB $0000
    816        BB97 0000                 FDB $0000
    817        BB99 0000                 FDB $0000
    818        BB9B 0000                 FDB $0000
    819        BB9D 0000                 FDB $0000
    820        BB9F 0000                 FDB $0000
    821        BBA1 0000                 FDB $0000
    822        BBA3 0000                 FDB $0000
    823        BBA5 0000                 FDB $0000
    824        BBA7 0000                 FDB $0000
    825        BBA9 0000                 FDB $0000
    826        BBAB 0000                 FDB $0000
    827        BBAD 0000                 FDB $0000
    828        BBAF 0000                 FDB $0000
    829        BBB1 0000                 FDB $0000
    830        BBB3 0000                 FDB $0000
    831        BBB5 0000                 FDB $0000
    832        BBB7 0000                 FDB $0000
    833        BBB9 0000                 FDB $0000
    834        BBBB 0000                 FDB $0000
    835        BBBD 0000                 FDB $0000
    836        BBBF 0000                 FDB $0000
    837        BBC1 0000                 FDB $0000
    838        BBC3 0000                 FDB $0000
    839        BBC5 0000                 FDB $0000
    840        BBC7 0000                 FDB $0000
    841        BBC9 0000                 FDB $0000
    842        BBCB 0000                 FDB $0000
    843        BBCD 0000                 FDB $0000
    844        BBCF 0000                 FDB $0000
    845        BBD1 0000                 FDB $0000
    846        BBD3 0000                 FDB $0000
    847        BBD5 0000                 FDB $0000
    848        BBD7 0000                 FDB $0000
    849        BBD9 0000                 FDB $0000
    850        BBDB 00                   FCB $00
    851        BBDC               ERASE_DATA_HJL5_2
    852        BBDC 0000                 FDB $0000
    853        BBDE 0000                 FDB $0000
    854        BBE0 0000                 FDB $0000
    855        BBE2 0000                 FDB $0000
    856        BBE4 0000                 FDB $0000
    857        BBE6 0000                 FDB $0000
    858        BBE8 0000                 FDB $0000
    859        BBEA 0000                 FDB $0000
    860        BBEC 0000                 FDB $0000
    861        BBEE 0000                 FDB $0000
    862        BBF0 0000                 FDB $0000
    863        BBF2 0000                 FDB $0000
    864        BBF4 0000                 FDB $0000
    865        BBF6 0000                 FDB $0000
    866        BBF8 0000                 FDB $0000
    867        BBFA 0000                 FDB $0000
    868        BBFC 0000                 FDB $0000
    869        BBFE 0000                 FDB $0000
    870        BC00 0000                 FDB $0000
    871        BC02 0000                 FDB $0000
    872        BC04 0000                 FDB $0000
    873        BC06 0000                 FDB $0000
    874        BC08 0000                 FDB $0000
    875        BC0A 0000                 FDB $0000
    876        BC0C 0000                 FDB $0000
    877        BC0E 0000                 FDB $0000
    878        BC10 0000                 FDB $0000
    879        BC12 0000                 FDB $0000
    880        BC14 0000                 FDB $0000
    881        BC16 0000                 FDB $0000
    882        BC18 0000                 FDB $0000
    883        BC1A 0000                 FDB $0000
    884        BC1C 0000                 FDB $0000
    885        BC1E 0000                 FDB $0000
    886        BC20 0000                 FDB $0000
    887        BC22 0000                 FDB $0000
    888        BC24 0000                 FDB $0000
    889        BC26 0000                 FDB $0000
    890        BC28 0000                 FDB $0000
    891        BC2A 0000                 FDB $0000
    892        BC2C 0000                 FDB $0000
    893        BC2E 0000                 FDB $0000
    894        BC30 0000                 FDB $0000
    895        BC32 0000                 FDB $0000
    896        BC34 0000                 FDB $0000
    897        BC36 0000                 FDB $0000
    898        BC38 0000                 FDB $0000
    899        BC3A 0000                 FDB $0000
    900        BC3C 0000                 FDB $0000
    901        BC3E 0000                 FDB $0000
    902        BC40 0000                 FDB $0000
    903        BC42 0000                 FDB $0000
    904        BC44 0000                 FDB $0000
    905        BC46 0000                 FDB $0000
    906        BC48 0000                 FDB $0000
    907        BC4A 00                   FCB $00
    908        BC4B 00                   FCB $00
    909        BC4C               ERASE_DATA_HJL5_END

000000 Total Errors

000011 Total Symbols
     0x          Label B541 DRAW_HJL5
     0x          Label B9CA ERASE_CODE_HJL5_1
     0x          Label BAA2 ERASE_CODE_HJL5_2
     1x          Label BB71 ERASE_DATA_HJL5_1
     2x          Label BBDC ERASE_DATA_HJL5_2
     1x          Label BC4C ERASE_DATA_HJL5_END
     0x          Label B9BD ERASE_HJL5
     1x          Label B9C3 ERASE_POS_HJL5_1
     1x          Label BA9B ERASE_POS_HJL5_2
     1x          Label BB6B ERASE_SSAV_HJL5
     1x          Label B9B7 SSAV_HJL5

