/*--------------------------------------------------------------*
 * Compilé avec C6809 v0.83                                     *
 *--------------------------------------------------------------*
 * Fichier source      : tmp/HJL8.ASM
 * Fichier destination : tmp/HJL8.BIN
 * Contenu :
 *     Main     0:IMG.ASM      9951
 *--------------------------------------------------------------*/

Macro Pass
Pass1
Pass2
      2        AD7F                      ORG $AD7F
      3        AD7F               DRAW_HJL8
      4  5+3   AD7F 34   48              PSHS U,DP
      5  7     AD81 10FF B1CD            STS SSAV_HJL8+2
      6
      7  7     AD85 10FE 9F00            LDS $9F00
      8  7     AD89 10FF B1D9            STS ERASE_POS_HJL8_1+2
      9  3     AD8D CE   B3AA            LDU #ERASE_DATA_HJL8_2
     10  4+4   AD90 32   E9 0232         LEAS 562,S
     11  5+0   AD94 EC   E4              LDD ,S
     12  5+2   AD96 36   06              PSHU D
     13  2     AD98 86   F1              LDA #$f1
     14  2     AD9A C4   0F              ANDB #$0F
     15  2     AD9C CA   90              ORB #$90
     16  5+0   AD9E ED   E4              STD ,S
     17
     18  5+1   ADA0 EC   E8 28           LDD 40,S
     19  5+2   ADA3 36   06              PSHU D
     20  2     ADA5 84   0F              ANDA #$0F
     21  2     ADA7 C4   0F              ANDB #$0F
     22  4     ADA9 C3   1000            ADDD #$1000
     23  5+1   ADAC ED   E8 28           STD 40,S
     24
     25  4+1   ADAF A6   E8 D8           LDA -40,S
     26  5+3   ADB2 36   42              PSHU A,S
     27
     28  2     ADB4 86   FF              LDA #$ff
     29  4+1   ADB6 A7   E8 D8           STA -40,S
     30
     31  4+4   ADB9 32   E9 00C8         LEAS 200,S
     32  5+1   ADBD EC   E8 88           LDD -120,S
     33  5+2   ADC0 36   06              PSHU D
     34  2     ADC2 84   F0              ANDA #$F0
     35  2     ADC4 8A   0A              ORA #$0a
     36  2     ADC6 C6   9C              LDB #$9c
     37  5+1   ADC8 ED   E8 88           STD -120,S
     38
     39  5+1   ADCB EC   E8 B0           LDD -80,S
     40  5+2   ADCE 36   06              PSHU D
     41  2     ADD0 84   F0              ANDA #$F0
     42  2     ADD2 8A   0A              ORA #$0a
     43  2     ADD4 C6   0A              LDB #$0a
     44  5+1   ADD6 ED   E8 B0           STD -80,S
     45
     46  5+1   ADD9 EC   E8 D7           LDD -41,S
     47  5+2   ADDC 36   06              PSHU D
     48  2     ADDE 84   F0              ANDA #$F0
     49  2     ADE0 8A   0F              ORA #$0f
     50  2     ADE2 C6   AC              LDB #$ac
     51  5+1   ADE4 ED   E8 D7           STD -41,S
     52
     53  5+1   ADE7 EC   E8 D9           LDD -39,S
     54  5+2   ADEA 36   06              PSHU D
     55  2     ADEC 86   09              LDA #$09
     56  2     ADEE C4   0F              ANDB #$0F
     57  2     ADF0 CA   C0              ORB #$c0
     58  5+1   ADF2 ED   E8 D9           STD -39,S
     59
     60  5+1   ADF5 EC   E8 27           LDD 39,S
     61  5+2   ADF8 36   06              PSHU D
     62  2     ADFA 84   F0              ANDA #$F0
     63  2     ADFC 8A   0C              ORA #$0c
     64  2     ADFE C6   AC              LDB #$ac
     65  5+1   AE00 ED   E8 27           STD 39,S
     66
     67  5+1   AE03 EC   E8 4F           LDD 79,S
     68  5+2   AE06 36   06              PSHU D
     69  2     AE08 84   F0              ANDA #$F0
     70  2     AE0A 8A   0C              ORA #$0c
     71  2     AE0C C6   AC              LDB #$ac
     72  5+1   AE0E ED   E8 4F           STD 79,S
     73
     74  5+1   AE11 EC   E8 77           LDD 119,S
     75  5+2   AE14 36   06              PSHU D
     76  2     AE16 84   F0              ANDA #$F0
     77  2     AE18 8A   0A              ORA #$0a
     78  2     AE1A C6   BA              LDB #$ba
     79  5+1   AE1C ED   E8 77           STD 119,S
     80
     81  5+1   AE1F EC   E8 29           LDD 41,S
     82  5+2   AE22 36   06              PSHU D
     83
     84  5+1   AE24 EC   E8 51           LDD 81,S
     85  5+2   AE27 36   06              PSHU D
     86
     87  5+1   AE29 EC   E8 79           LDD 121,S
     88  5+2   AE2C 36   06              PSHU D
     89
     90  3     AE2E CC   CACC            LDD #$cacc
     91  5+1   AE31 ED   E8 79           STD 121,S
     92
     93  2     AE34 86   CC              LDA #$cc
     94  5+1   AE36 ED   E8 51           STD 81,S
     95
     96  2     AE39 C6   CA              LDB #$ca
     97  5+1   AE3B ED   E8 29           STD 41,S
     98
     99  5+3   AE3E 35   12              PULS A,X
    100  5+5   AE40 36   52              PSHU A,X,S
    101  2     AE42 86   AC              LDA #$ac
    102  3     AE44 8E   CCCC            LDX #$cccc
    103  5+3   AE47 34   12              PSHS A,X
    104
    105  4+4   AE49 32   E9 009F         LEAS 159,S
    106  5+4   AE4D 35   16              PULS D,X
    107  5+6   AE4F 36   56              PSHU D,X,S
    108  3     AE51 CC   FFB2            LDD #$ffb2
    109  3     AE54 8E   CCAA            LDX #$ccaa
    110  5+4   AE57 34   16              PSHS D,X
    111
    112  4+1   AE59 32   E8 28           LEAS 40,S
    113  5+4   AE5C 35   16              PULS D,X
    114  5+6   AE5E 36   56              PSHU D,X,S
    115  3     AE60 CC   F1BA            LDD #$f1ba
    116  3     AE63 8E   CCDD            LDX #$ccdd
    117  5+4   AE66 34   16              PSHS D,X
    118
    119  4+1   AE68 32   E8 28           LEAS 40,S
    120  5+4   AE6B 35   16              PULS D,X
    121  5+6   AE6D 36   56              PSHU D,X,S
    122  3     AE6F CC   F1AC            LDD #$f1ac
    123  3     AE72 8E   CCDD            LDX #$ccdd
    124  5+4   AE75 34   16              PSHS D,X
    125
    126  4+1   AE77 32   E8 28           LEAS 40,S
    127  5+4   AE7A 35   16              PULS D,X
    128  5+6   AE7C 36   56              PSHU D,X,S
    129  3     AE7E CC   F12C            LDD #$f12c
    130  3     AE81 8E   CCDC            LDX #$ccdc
    131  5+4   AE84 34   16              PSHS D,X
    132
    133  4+1   AE86 32   E8 28           LEAS 40,S
    134  5+4   AE89 35   16              PULS D,X
    135  5+6   AE8B 36   56              PSHU D,X,S
    136  3     AE8D CC   F12C            LDD #$f12c
    137  3     AE90 8E   CCDC            LDX #$ccdc
    138  5+4   AE93 34   16              PSHS D,X
    139
    140  4+1   AE95 32   E8 28           LEAS 40,S
    141  5+1   AE98 EC   E8 28           LDD 40,S
    142  5+2   AE9B 36   06              PSHU D
    143  2     AE9D 84   F0              ANDA #$F0
    144  2     AE9F 8A   0C              ORA #$0c
    145  2     AEA1 C6   CD              LDB #$cd
    146  5+1   AEA3 ED   E8 28           STD 40,S
    147
    148  5+1   AEA6 EC   E8 50           LDD 80,S
    149  5+2   AEA9 36   06              PSHU D
    150  2     AEAB 84   F0              ANDA #$F0
    151  2     AEAD 8A   0C              ORA #$0c
    152  2     AEAF C6   CD              LDB #$cd
    153  5+1   AEB1 ED   E8 50           STD 80,S
    154
    155  5+1   AEB4 EC   E8 78           LDD 120,S
    156  5+2   AEB7 36   06              PSHU D
    157  2     AEB9 84   F0              ANDA #$F0
    158  2     AEBB 8A   0D              ORA #$0d
    159  2     AEBD C6   DD              LDB #$dd
    160  5+1   AEBF ED   E8 78           STD 120,S
    161
    162  5+1   AEC2 EC   E8 2A           LDD 42,S
    163  5+2   AEC5 36   06              PSHU D
    164
    165  5+1   AEC7 EC   E8 52           LDD 82,S
    166  5+2   AECA 36   06              PSHU D
    167
    168  5+1   AECC EC   E8 7A           LDD 122,S
    169  5+2   AECF 36   06              PSHU D
    170
    171  3     AED1 CC   CCCD            LDD #$cccd
    172  5+1   AED4 ED   E8 2A           STD 42,S
    173
    174  3     AED7 CC   DCDD            LDD #$dcdd
    175  5+1   AEDA ED   E8 7A           STD 122,S
    176
    177  2     AEDD 86   DD              LDA #$dd
    178  5+1   AEDF ED   E8 52           STD 82,S
    179
    180  5+4   AEE2 35   16              PULS D,X
    181  5+6   AEE4 36   56              PSHU D,X,S
    182  3     AEE6 CC   D1CC            LDD #$d1cc
    183  3     AEE9 8E   CCDD            LDX #$ccdd
    184  5+4   AEEC 34   16              PSHS D,X
    185
    186  4+4   AEEE 32   E9 0119         LEAS 281,S
    187  5+1   AEF2 EC   E8 87           LDD -121,S
    188  5+2   AEF5 36   06              PSHU D
    189  2     AEF7 84   F0              ANDA #$F0
    190  2     AEF9 8A   0D              ORA #$0d
    191  2     AEFB C6   0D              LDB #$0d
    192  5+1   AEFD ED   E8 87           STD -121,S
    193
    194  5+1   AF00 EC   E8 B0           LDD -80,S
    195  5+2   AF03 36   06              PSHU D
    196  2     AF05 84   0F              ANDA #$0F
    197  2     AF07 8A   D0              ORA #$d0
    198  2     AF09 C6   DD              LDB #$dd
    199  5+1   AF0B ED   E8 B0           STD -80,S
    200
    201  5+1   AF0E EC   E8 D8           LDD -40,S
    202  5+2   AF11 36   06              PSHU D
    203  2     AF13 84   0F              ANDA #$0F
    204  2     AF15 8A   D0              ORA #$d0
    205  2     AF17 C6   DD              LDB #$dd
    206  5+1   AF19 ED   E8 D8           STD -40,S
    207
    208  5+1   AF1C EC   61              LDD 1,S
    209  5+2   AF1E 36   06              PSHU D
    210  2     AF20 84   F0              ANDA #$F0
    211  2     AF22 C4   F0              ANDB #$F0
    212  4     AF24 C3   0D0D            ADDD #$0d0d
    213  5+1   AF27 ED   61              STD 1,S
    214
    215  5+1   AF29 EC   E8 29           LDD 41,S
    216  5+2   AF2C 36   06              PSHU D
    217  2     AF2E 84   F0              ANDA #$F0
    218  2     AF30 C4   F0              ANDB #$F0
    219  4     AF32 C3   0D0D            ADDD #$0d0d
    220  5+1   AF35 ED   E8 29           STD 41,S
    221
    222  5+1   AF38 EC   E8 50           LDD 80,S
    223  5+2   AF3B 36   06              PSHU D
    224  2     AF3D 84   F0              ANDA #$F0
    225  2     AF3F C4   F0              ANDB #$F0
    226  4     AF41 C3   0D0D            ADDD #$0d0d
    227  5+1   AF44 ED   E8 50           STD 80,S
    228
    229  4+1   AF47 A6   E8 52           LDA 82,S
    230  5+1   AF4A 36   02              PSHU A
    231  2     AF4C 84   F0              ANDA #$F0
    232  2     AF4E 8A   0D              ORA #$0d
    233  4+1   AF50 A7   E8 52           STA 82,S
    234
    235  5+1   AF53 EC   E8 78           LDD 120,S
    236  5+2   AF56 36   06              PSHU D
    237  2     AF58 84   F0              ANDA #$F0
    238  2     AF5A C4   F0              ANDB #$F0
    239  4     AF5C C3   0D0D            ADDD #$0d0d
    240  5+1   AF5F ED   E8 78           STD 120,S
    241
    242  5+1   AF62 EC   E8 89           LDD -119,S
    243  5+2   AF65 36   06              PSHU D
    244
    245  4+1   AF67 A6   E8 B2           LDA -78,S
    246  5+1   AF6A 36   02              PSHU A
    247
    248  4+1   AF6C A6   E8 DA           LDA -38,S
    249  5+3   AF6F 36   42              PSHU A,S
    250
    251  2     AF71 86   DD              LDA #$dd
    252  4+1   AF73 A7   E8 B2           STA -78,S
    253
    254  4+1   AF76 A7   E8 DA           STA -38,S
    255
    256  3     AF79 CC   DDDD            LDD #$dddd
    257  5+1   AF7C ED   E8 89           STD -119,S
    258
    259  4+4   AF7F 32   E9 00C9         LEAS 201,S
    260  4+1   AF83 A6   E8 28           LDA 40,S
    261  5+1   AF86 36   02              PSHU A
    262  2     AF88 84   0F              ANDA #$0F
    263  2     AF8A 8A   D0              ORA #$d0
    264  4+1   AF8C A7   E8 28           STA 40,S
    265
    266  5+1   AF8F EC   E8 D7           LDD -41,S
    267  5+2   AF92 36   06              PSHU D
    268
    269  4+0   AF94 A6   E4              LDA ,S
    270  5+3   AF96 36   42              PSHU A,S
    271
    272  2     AF98 86   DD              LDA #$dd
    273  4+0   AF9A A7   E4              STA ,S
    274
    275  3     AF9C CC   DDDD            LDD #$dddd
    276  5+1   AF9F ED   E8 D7           STD -41,S
    277
    278
    279  7     AFA2 10FE 9F02            LDS $9F00+2
    280  7     AFA6 10FF B284            STS ERASE_POS_HJL8_2+2
    281  3     AFAA CE   B41F            LDU #ERASE_DATA_HJL8_END
    282
    283  4+4   AFAD 32   E9 020A         LEAS 522,S
    284  4+0   AFB1 A6   E4              LDA ,S
    285  5+3   AFB3 36   42              PSHU A,S
    286  2     AFB5 84   0F              ANDA #$0F
    287  2     AFB7 8A   10              ORA #$10
    288  4+0   AFB9 A7   E4              STA ,S
    289
    290  4+4   AFBB 32   E9 009F         LEAS 159,S
    291  4+1   AFBF A6   E8 88           LDA -120,S
    292  5+1   AFC2 36   02              PSHU A
    293  2     AFC4 84   F0              ANDA #$F0
    294  2     AFC6 8A   0F              ORA #$0f
    295  4+1   AFC8 A7   E8 88           STA -120,S
    296
    297  4+1   AFCB A6   E8 B0           LDA -80,S
    298  5+1   AFCE 36   02              PSHU A
    299  2     AFD0 84   F0              ANDA #$F0
    300  2     AFD2 8A   02              ORA #$02
    301  4+1   AFD4 A7   E8 B0           STA -80,S
    302
    303  4+1   AFD7 A6   E8 DA           LDA -38,S
    304  5+1   AFDA 36   02              PSHU A
    305  2     AFDC 84   0F              ANDA #$0F
    306  2     AFDE 8A   C0              ORA #$c0
    307  4+1   AFE0 A7   E8 DA           STA -38,S
    308
    309  5+1   AFE3 EC   E8 D8           LDD -40,S
    310  5+2   AFE6 36   06              PSHU D
    311
    312  3     AFE8 CC   FF90            LDD #$ff90
    313  5+1   AFEB ED   E8 D8           STD -40,S
    314
    315  5+3   AFEE 35   12              PULS A,X
    316  5+5   AFF0 36   52              PSHU A,X,S
    317  2     AFF2 86   F1              LDA #$f1
    318  3     AFF4 8E   E0CC            LDX #$e0cc
    319  5+3   AFF7 34   12              PSHS A,X
    320
    321  4+1   AFF9 32   E8 28           LEAS 40,S
    322  5+1   AFFC EC   E8 28           LDD 40,S
    323  5+2   AFFF 36   06              PSHU D
    324  2     B001 84   0F              ANDA #$0F
    325  2     B003 8A   10              ORA #$10
    326  2     B005 C6   AC              LDB #$ac
    327  5+1   B007 ED   E8 28           STD 40,S
    328
    329  5+1   B00A EC   E8 50           LDD 80,S
    330  5+2   B00D 36   06              PSHU D
    331  2     B00F 84   0F              ANDA #$0F
    332  2     B011 8A   10              ORA #$10
    333  2     B013 C6   C3              LDB #$c3
    334  5+1   B015 ED   E8 50           STD 80,S
    335
    336  4+1   B018 A6   E8 2A           LDA 42,S
    337  5+1   B01B 36   02              PSHU A
    338
    339  4+1   B01D A6   E8 52           LDA 82,S
    340  5+1   B020 36   02              PSHU A
    341
    342  2     B022 86   AC              LDA #$ac
    343  4+1   B024 A7   E8 2A           STA 42,S
    344
    345  2     B027 86   CC              LDA #$cc
    346  4+1   B029 A7   E8 52           STA 82,S
    347
    348  5+3   B02C 35   12              PULS A,X
    349  5+5   B02E 36   52              PSHU A,X,S
    350  2     B030 86   FE              LDA #$fe
    351  3     B032 8E   A2CC            LDX #$a2cc
    352  5+3   B035 34   12              PSHS A,X
    353
    354  4+1   B037 32   E8 78           LEAS 120,S
    355  5+3   B03A 35   12              PULS A,X
    356  5+5   B03C 36   52              PSHU A,X,S
    357  2     B03E 86   1A              LDA #$1a
    358  3     B040 8E   CCAC            LDX #$ccac
    359  5+3   B043 34   12              PSHS A,X
    360
    361  4+1   B045 32   E8 28           LEAS 40,S
    362  5+3   B048 35   12              PULS A,X
    363  5+5   B04A 36   52              PSHU A,X,S
    364  2     B04C 86   AA              LDA #$aa
    365  3     B04E 8E   A3CC            LDX #$a3cc
    366  5+3   B051 34   12              PSHS A,X
    367
    368  4+1   B053 32   E8 28           LEAS 40,S
    369  4+1   B056 A6   63              LDA 3,S
    370  5+1   B058 36   02              PSHU A
    371  2     B05A 84   0F              ANDA #$0F
    372  2     B05C 8A   C0              ORA #$c0
    373  4+1   B05E A7   63              STA 3,S
    374
    375  5+3   B060 35   12              PULS A,X
    376  5+5   B062 36   52              PSHU A,X,S
    377  2     B064 86   AA              LDA #$aa
    378  3     B066 8E   A3CC            LDX #$a3cc
    379  5+3   B069 34   12              PSHS A,X
    380
    381  4+1   B06B 32   E8 28           LEAS 40,S
    382  4+1   B06E A6   63              LDA 3,S
    383  5+1   B070 36   02              PSHU A
    384  2     B072 84   0F              ANDA #$0F
    385  2     B074 8A   C0              ORA #$c0
    386  4+1   B076 A7   63              STA 3,S
    387
    388  5+3   B078 35   12              PULS A,X
    389  5+5   B07A 36   52              PSHU A,X,S
    390  2     B07C 86   CA              LDA #$ca
    391  3     B07E 8E   23CD            LDX #$23cd
    392  5+3   B081 34   12              PSHS A,X
    393
    394  4+1   B083 32   E8 28           LEAS 40,S
    395  4+1   B086 A6   63              LDA 3,S
    396  5+1   B088 36   02              PSHU A
    397  2     B08A 84   0F              ANDA #$0F
    398  2     B08C 8A   C0              ORA #$c0
    399  4+1   B08E A7   63              STA 3,S
    400
    401  5+3   B090 35   12              PULS A,X
    402  5+5   B092 36   52              PSHU A,X,S
    403  2     B094 86   CA              LDA #$ca
    404  3     B096 8E   23CD            LDX #$23cd
    405  5+3   B099 34   12              PSHS A,X
    406
    407  4+1   B09B 32   E8 28           LEAS 40,S
    408  4+1   B09E A6   63              LDA 3,S
    409  5+1   B0A0 36   02              PSHU A
    410  2     B0A2 84   0F              ANDA #$0F
    411  2     B0A4 8A   C0              ORA #$c0
    412  4+1   B0A6 A7   63              STA 3,S
    413
    414  5+3   B0A8 35   12              PULS A,X
    415  5+5   B0AA 36   52              PSHU A,X,S
    416  2     B0AC 86   AA              LDA #$aa
    417  3     B0AE 8E   C1CD            LDX #$c1cd
    418  5+3   B0B1 34   12              PSHS A,X
    419
    420  4+1   B0B3 32   E8 28           LEAS 40,S
    421  4+1   B0B6 A6   63              LDA 3,S
    422  5+1   B0B8 36   02              PSHU A
    423  2     B0BA 84   0F              ANDA #$0F
    424  2     B0BC 8A   C0              ORA #$c0
    425  4+1   B0BE A7   63              STA 3,S
    426
    427  5+3   B0C0 35   12              PULS A,X
    428  5+5   B0C2 36   52              PSHU A,X,S
    429  2     B0C4 86   AA              LDA #$aa
    430  3     B0C6 8E   DCCD            LDX #$dccd
    431  5+3   B0C9 34   12              PSHS A,X
    432
    433  4+1   B0CB 32   E8 28           LEAS 40,S
    434  4+1   B0CE A6   63              LDA 3,S
    435  5+1   B0D0 36   02              PSHU A
    436  2     B0D2 84   0F              ANDA #$0F
    437  2     B0D4 8A   D0              ORA #$d0
    438  4+1   B0D6 A7   63              STA 3,S
    439
    440  5+3   B0D8 35   12              PULS A,X
    441  5+5   B0DA 36   52              PSHU A,X,S
    442  2     B0DC 86   A9              LDA #$a9
    443  3     B0DE 8E   DDCC            LDX #$ddcc
    444  5+3   B0E1 34   12              PSHS A,X
    445
    446  4+1   B0E3 32   E8 28           LEAS 40,S
    447  4+1   B0E6 A6   63              LDA 3,S
    448  5+1   B0E8 36   02              PSHU A
    449  2     B0EA 84   0F              ANDA #$0F
    450  2     B0EC 8A   D0              ORA #$d0
    451  4+1   B0EE A7   63              STA 3,S
    452
    453  5+3   B0F0 35   12              PULS A,X
    454  5+5   B0F2 36   52              PSHU A,X,S
    455  2     B0F4 86   CC              LDA #$cc
    456  3     B0F6 8E   DCCC            LDX #$dccc
    457  5+3   B0F9 34   12              PSHS A,X
    458
    459  4+1   B0FB 32   E8 28           LEAS 40,S
    460  4+1   B0FE A6   63              LDA 3,S
    461  5+1   B100 36   02              PSHU A
    462  2     B102 84   0F              ANDA #$0F
    463  2     B104 8A   D0              ORA #$d0
    464  4+1   B106 A7   63              STA 3,S
    465
    466  5+3   B108 35   12              PULS A,X
    467  5+5   B10A 36   52              PSHU A,X,S
    468  2     B10C 86   CC              LDA #$cc
    469  3     B10E 8E   DDDD            LDX #$dddd
    470  5+3   B111 34   12              PSHS A,X
    471
    472  4+1   B113 32   E8 28           LEAS 40,S
    473  4+1   B116 A6   63              LDA 3,S
    474  5+1   B118 36   02              PSHU A
    475  2     B11A 84   0F              ANDA #$0F
    476  2     B11C 8A   D0              ORA #$d0
    477  4+1   B11E A7   63              STA 3,S
    478
    479  5+3   B120 35   12              PULS A,X
    480  5+5   B122 36   52              PSHU A,X,S
    481  2     B124 86   DD              LDA #$dd
    482  3     B126 8E   DDCD            LDX #$ddcd
    483  5+3   B129 34   12              PSHS A,X
    484
    485  4+1   B12B 32   E8 28           LEAS 40,S
    486  4+1   B12E A6   63              LDA 3,S
    487  5+1   B130 36   02              PSHU A
    488  2     B132 84   0F              ANDA #$0F
    489  2     B134 8A   D0              ORA #$d0
    490  4+1   B136 A7   63              STA 3,S
    491
    492  5+1   B138 EC   E8 28           LDD 40,S
    493  5+2   B13B 36   06              PSHU D
    494  2     B13D 84   F0              ANDA #$F0
    495  2     B13F 8A   0D              ORA #$0d
    496  2     B141 C6   D0              LDB #$d0
    497  5+1   B143 ED   E8 28           STD 40,S
    498
    499  5+1   B146 EC   E8 2A           LDD 42,S
    500  5+2   B149 36   06              PSHU D
    501  2     B14B 86   DD              LDA #$dd
    502  2     B14D C4   0F              ANDB #$0F
    503  2     B14F CA   C0              ORB #$c0
    504  5+1   B151 ED   E8 2A           STD 42,S
    505
    506  5+1   B154 EC   E8 50           LDD 80,S
    507  5+2   B157 36   06              PSHU D
    508  2     B159 84   F0              ANDA #$F0
    509  2     B15B 8A   0D              ORA #$0d
    510  2     B15D C6   DD              LDB #$dd
    511  5+1   B15F ED   E8 50           STD 80,S
    512
    513  5+1   B162 EC   E8 52           LDD 82,S
    514  5+2   B165 36   06              PSHU D
    515  2     B167 86   DD              LDA #$dd
    516  2     B169 C4   0F              ANDB #$0F
    517  2     B16B CA   C0              ORB #$c0
    518  5+1   B16D ED   E8 52           STD 82,S
    519
    520  5+3   B170 35   12              PULS A,X
    521  5+5   B172 36   52              PSHU A,X,S
    522  2     B174 86   DD              LDA #$dd
    523  3     B176 8E   0DDD            LDX #$0ddd
    524  5+3   B179 34   12              PSHS A,X
    525
    526  4+1   B17B 32   E8 78           LEAS 120,S
    527  5+1   B17E EC   E8 51           LDD 81,S
    528  5+2   B181 36   06              PSHU D
    529  2     B183 86   DD              LDA #$dd
    530  2     B185 C4   0F              ANDB #$0F
    531  2     B187 CA   D0              ORB #$d0
    532  5+1   B189 ED   E8 51           STD 81,S
    533
    534  5+1   B18C EC   E8 79           LDD 121,S
    535  5+2   B18F 36   06              PSHU D
    536  2     B191 84   0F              ANDA #$0F
    537  2     B193 C4   0F              ANDB #$0F
    538  4     B195 C3   D0D0            ADDD #$d0d0
    539  5+1   B198 ED   E8 79           STD 121,S
    540
    541  5+1   B19B EC   E8 29           LDD 41,S
    542  5+2   B19E 36   06              PSHU D
    543
    544  3     B1A0 CC   DDDD            LDD #$dddd
    545  5+1   B1A3 ED   E8 29           STD 41,S
    546
    547  5+3   B1A6 35   12              PULS A,X
    548  5+5   B1A8 36   52              PSHU A,X,S
    549  3     B1AA 8E   DDDD            LDX #$dddd
    550  5+3   B1AD 34   14              PSHS B,X
    551
    552  4+4   B1AF 32   E9 00CA         LEAS 202,S
    553  4+1   B1B3 A6   E8 D8           LDA -40,S
    554  5+1   B1B6 36   02              PSHU A
    555  2     B1B8 84   0F              ANDA #$0F
    556  2     B1BA 8A   D0              ORA #$d0
    557  4+1   B1BC A7   E8 D8           STA -40,S
    558
    559  4+1   B1BF A6   E8 27           LDA 39,S
    560  5+3   B1C2 36   42              PSHU A,S
    561  2     B1C4 84   F0              ANDA #$F0
    562  2     B1C6 8A   0D              ORA #$0d
    563  4+1   B1C8 A7   E8 27           STA 39,S
    564
    565        B1CB               SSAV_HJL8
    566  4     B1CB 10CE 0000            LDS #$0000
    567  5+5   B1CF 35   C8              PULS DP,U,PC * Ajout du PC au PULS>>
    568
    569        B1D1               ERASE_HJL8
    570  5+3   B1D1 34   48              PSHS U,DP
    571  7     B1D3 10FF B33B            STS ERASE_SSAV_HJL8+2
    572
    573        B1D7               ERASE_POS_HJL8_1
    574  4     B1D7 10CE 0000            LDS #$0000
    575  3     B1DB CE   B33F            LDU #ERASE_DATA_HJL8_1
    576
    577        B1DE               ERASE_CODE_HJL8_1
    578  5+3   B1DE 37   42              PULU A,S
    579  4+0   B1E0 A7   E4              STA ,S
    580
    581  5+2   B1E2 37   06              PULU D
    582  5+1   B1E4 ED   E8 D7           STD -41,S
    583
    584  5+1   B1E7 37   02              PULU A
    585  4+1   B1E9 A7   E8 28           STA 40,S
    586
    587  5+3   B1EC 37   42              PULU A,S
    588  4+1   B1EE A7   E8 DA           STA -38,S
    589
    590  5+5   B1F1 37   32              PULU A,X,Y
    591  4+1   B1F3 A7   E8 B2           STA -78,S
    592  5+1   B1F6 AF   E8 89           STX -119,S
    593  6+1   B1F9 10AF E8 78           STY 120,S
    594
    595  5+5   B1FD 37   32              PULU A,X,Y
    596  4+1   B1FF A7   E8 52           STA 82,S
    597  5+1   B202 AF   E8 50           STX 80,S
    598  6+1   B205 10AF E8 29           STY 41,S
    599
    600  5+6   B209 37   36              PULU D,X,Y
    601  5+1   B20B ED   61              STD 1,S
    602  5+1   B20D AF   E8 D8           STX -40,S
    603  6+1   B210 10AF E8 B0           STY -80,S
    604
    605  5+2   B214 37   06              PULU D
    606  5+1   B216 ED   E8 87           STD -121,S
    607
    608  5+6   B219 37   56              PULU D,X,S
    609  5+4   B21B 34   16              PSHS D,X
    610
    611  5+6   B21D 37   36              PULU D,X,Y
    612  5+1   B21F ED   E8 7A           STD 122,S
    613  5+1   B222 AF   E8 52           STX 82,S
    614  6+1   B225 10AF E8 2A           STY 42,S
    615
    616  5+6   B229 37   36              PULU D,X,Y
    617  5+1   B22B ED   E8 78           STD 120,S
    618  5+1   B22E AF   E8 50           STX 80,S
    619  6+1   B231 10AF E8 28           STY 40,S
    620
    621  5+6   B235 37   56              PULU D,X,S
    622  5+4   B237 34   16              PSHS D,X
    623
    624
    625
    626  5+6   B239 37   56              PULU D,X,S
    627  5+4   B23B 34   16              PSHS D,X
    628
    629
    630
    631  5+6   B23D 37   56              PULU D,X,S
    632  5+4   B23F 34   16              PSHS D,X
    633
    634
    635
    636  5+6   B241 37   56              PULU D,X,S
    637  5+4   B243 34   16              PSHS D,X
    638
    639
    640
    641  5+6   B245 37   56              PULU D,X,S
    642  5+4   B247 34   16              PSHS D,X
    643
    644
    645
    646  5+5   B249 37   54              PULU B,X,S
    647  5+3   B24B 34   14              PSHS B,X
    648
    649  5+6   B24D 37   36              PULU D,X,Y
    650  5+1   B24F ED   E8 79           STD 121,S
    651  5+1   B252 AF   E8 51           STX 81,S
    652  6+1   B255 10AF E8 29           STY 41,S
    653
    654  5+6   B259 37   36              PULU D,X,Y
    655  5+1   B25B ED   E8 77           STD 119,S
    656  5+1   B25E AF   E8 4F           STX 79,S
    657  6+1   B261 10AF E8 27           STY 39,S
    658
    659  5+6   B265 37   36              PULU D,X,Y
    660  5+1   B267 ED   E8 D9           STD -39,S
    661  5+1   B26A AF   E8 D7           STX -41,S
    662  6+1   B26D 10AF E8 B0           STY -80,S
    663
    664  5+2   B271 37   06              PULU D
    665  5+1   B273 ED   E8 88           STD -120,S
    666
    667  5+3   B276 37   42              PULU A,S
    668  4+1   B278 A7   E8 D8           STA -40,S
    669
    670  5+4   B27B 37   16              PULU D,X
    671  5+1   B27D ED   E8 28           STD 40,S
    672  5+0   B280 AF   E4              STX ,S
    673
    674        B282               ERASE_POS_HJL8_2
    675  4     B282 10CE 0000            LDS #$0000
    676  3     B286 CE   B3AA            LDU #ERASE_DATA_HJL8_2
    677
    678        B289               ERASE_CODE_HJL8_2
    679  5+3   B289 37   42              PULU A,S
    680  4+1   B28B A7   E8 27           STA 39,S
    681
    682  5+1   B28E 37   02              PULU A
    683  4+1   B290 A7   E8 D8           STA -40,S
    684
    685  5+5   B293 37   54              PULU B,X,S
    686  5+3   B295 34   14              PSHS B,X
    687
    688  5+6   B297 37   36              PULU D,X,Y
    689  5+1   B299 ED   E8 29           STD 41,S
    690  5+1   B29C AF   E8 79           STX 121,S
    691  6+1   B29F 10AF E8 51           STY 81,S
    692
    693  5+5   B2A3 37   54              PULU B,X,S
    694  5+3   B2A5 34   14              PSHS B,X
    695
    696  5+6   B2A7 37   36              PULU D,X,Y
    697  5+1   B2A9 ED   E8 52           STD 82,S
    698  5+1   B2AC AF   E8 50           STX 80,S
    699  6+1   B2AF 10AF E8 2A           STY 42,S
    700
    701  5+2   B2B3 37   06              PULU D
    702  5+1   B2B5 ED   E8 28           STD 40,S
    703
    704  5+1   B2B8 37   02              PULU A
    705  4+1   B2BA A7   63              STA 3,S
    706
    707  5+5   B2BC 37   54              PULU B,X,S
    708  5+3   B2BE 34   14              PSHS B,X
    709
    710  5+1   B2C0 37   02              PULU A
    711  4+1   B2C2 A7   63              STA 3,S
    712
    713  5+5   B2C4 37   54              PULU B,X,S
    714  5+3   B2C6 34   14              PSHS B,X
    715
    716  5+1   B2C8 37   02              PULU A
    717  4+1   B2CA A7   63              STA 3,S
    718
    719  5+5   B2CC 37   54              PULU B,X,S
    720  5+3   B2CE 34   14              PSHS B,X
    721
    722  5+1   B2D0 37   02              PULU A
    723  4+1   B2D2 A7   63              STA 3,S
    724
    725  5+5   B2D4 37   54              PULU B,X,S
    726  5+3   B2D6 34   14              PSHS B,X
    727
    728  5+1   B2D8 37   02              PULU A
    729  4+1   B2DA A7   63              STA 3,S
    730
    731  5+5   B2DC 37   54              PULU B,X,S
    732  5+3   B2DE 34   14              PSHS B,X
    733
    734  5+1   B2E0 37   02              PULU A
    735  4+1   B2E2 A7   63              STA 3,S
    736
    737  5+5   B2E4 37   54              PULU B,X,S
    738  5+3   B2E6 34   14              PSHS B,X
    739
    740  5+1   B2E8 37   02              PULU A
    741  4+1   B2EA A7   63              STA 3,S
    742
    743  5+5   B2EC 37   54              PULU B,X,S
    744  5+3   B2EE 34   14              PSHS B,X
    745
    746  5+1   B2F0 37   02              PULU A
    747  4+1   B2F2 A7   63              STA 3,S
    748
    749  5+5   B2F4 37   54              PULU B,X,S
    750  5+3   B2F6 34   14              PSHS B,X
    751
    752  5+1   B2F8 37   02              PULU A
    753  4+1   B2FA A7   63              STA 3,S
    754
    755  5+5   B2FC 37   54              PULU B,X,S
    756  5+3   B2FE 34   14              PSHS B,X
    757
    758  5+1   B300 37   02              PULU A
    759  4+1   B302 A7   63              STA 3,S
    760
    761  5+5   B304 37   54              PULU B,X,S
    762  5+3   B306 34   14              PSHS B,X
    763
    764
    765
    766  5+5   B308 37   54              PULU B,X,S
    767  5+3   B30A 34   14              PSHS B,X
    768
    769
    770
    771  5+5   B30C 37   54              PULU B,X,S
    772  5+3   B30E 34   14              PSHS B,X
    773
    774  5+6   B310 37   36              PULU A,B,X,Y
    775  4+1   B312 A7   E8 52           STA 82,S
    776  4+1   B315 E7   E8 2A           STB 42,S
    777  5+1   B318 AF   E8 50           STX 80,S
    778  6+1   B31B 10AF E8 28           STY 40,S
    779
    780  5+5   B31F 37   54              PULU B,X,S
    781  5+3   B321 34   14              PSHS B,X
    782
    783  5+2   B323 37   06              PULU D
    784  5+1   B325 ED   E8 D8           STD -40,S
    785
    786  5+2   B328 37   06              PULU A,B
    787  4+1   B32A A7   E8 DA           STA -38,S
    788  4+1   B32D E7   E8 B0           STB -80,S
    789
    790  5+1   B330 37   02              PULU A
    791  4+1   B332 A7   E8 88           STA -120,S
    792
    793  5+3   B335 37   42              PULU A,S
    794  4+0   B337 A7   E4              STA ,S
    795
    796
    797
    798        B339               ERASE_SSAV_HJL8
    799  4     B339 10CE 0000            LDS #$0000
    800  5+5   B33D 35   C8              PULS DP,U,PC * Ajout du PC au PULS>>
    801
    802        B33F               ERASE_DATA_HJL8_1
    803        B33F 0000                 FDB $0000
    804        B341 0000                 FDB $0000
    805        B343 0000                 FDB $0000
    806        B345 0000                 FDB $0000
    807        B347 0000                 FDB $0000
    808        B349 0000                 FDB $0000
    809        B34B 0000                 FDB $0000
    810        B34D 0000                 FDB $0000
    811        B34F 0000                 FDB $0000
    812        B351 0000                 FDB $0000
    813        B353 0000                 FDB $0000
    814        B355 0000                 FDB $0000
    815        B357 0000                 FDB $0000
    816        B359 0000                 FDB $0000
    817        B35B 0000                 FDB $0000
    818        B35D 0000                 FDB $0000
    819        B35F 0000                 FDB $0000
    820        B361 0000                 FDB $0000
    821        B363 0000                 FDB $0000
    822        B365 0000                 FDB $0000
    823        B367 0000                 FDB $0000
    824        B369 0000                 FDB $0000
    825        B36B 0000                 FDB $0000
    826        B36D 0000                 FDB $0000
    827        B36F 0000                 FDB $0000
    828        B371 0000                 FDB $0000
    829        B373 0000                 FDB $0000
    830        B375 0000                 FDB $0000
    831        B377 0000                 FDB $0000
    832        B379 0000                 FDB $0000
    833        B37B 0000                 FDB $0000
    834        B37D 0000                 FDB $0000
    835        B37F 0000                 FDB $0000
    836        B381 0000                 FDB $0000
    837        B383 0000                 FDB $0000
    838        B385 0000                 FDB $0000
    839        B387 0000                 FDB $0000
    840        B389 0000                 FDB $0000
    841        B38B 0000                 FDB $0000
    842        B38D 0000                 FDB $0000
    843        B38F 0000                 FDB $0000
    844        B391 0000                 FDB $0000
    845        B393 0000                 FDB $0000
    846        B395 0000                 FDB $0000
    847        B397 0000                 FDB $0000
    848        B399 0000                 FDB $0000
    849        B39B 0000                 FDB $0000
    850        B39D 0000                 FDB $0000
    851        B39F 0000                 FDB $0000
    852        B3A1 0000                 FDB $0000
    853        B3A3 0000                 FDB $0000
    854        B3A5 0000                 FDB $0000
    855        B3A7 0000                 FDB $0000
    856        B3A9 00                   FCB $00
    857        B3AA               ERASE_DATA_HJL8_2
    858        B3AA 0000                 FDB $0000
    859        B3AC 0000                 FDB $0000
    860        B3AE 0000                 FDB $0000
    861        B3B0 0000                 FDB $0000
    862        B3B2 0000                 FDB $0000
    863        B3B4 0000                 FDB $0000
    864        B3B6 0000                 FDB $0000
    865        B3B8 0000                 FDB $0000
    866        B3BA 0000                 FDB $0000
    867        B3BC 0000                 FDB $0000
    868        B3BE 0000                 FDB $0000
    869        B3C0 0000                 FDB $0000
    870        B3C2 0000                 FDB $0000
    871        B3C4 0000                 FDB $0000
    872        B3C6 0000                 FDB $0000
    873        B3C8 0000                 FDB $0000
    874        B3CA 0000                 FDB $0000
    875        B3CC 0000                 FDB $0000
    876        B3CE 0000                 FDB $0000
    877        B3D0 0000                 FDB $0000
    878        B3D2 0000                 FDB $0000
    879        B3D4 0000                 FDB $0000
    880        B3D6 0000                 FDB $0000
    881        B3D8 0000                 FDB $0000
    882        B3DA 0000                 FDB $0000
    883        B3DC 0000                 FDB $0000
    884        B3DE 0000                 FDB $0000
    885        B3E0 0000                 FDB $0000
    886        B3E2 0000                 FDB $0000
    887        B3E4 0000                 FDB $0000
    888        B3E6 0000                 FDB $0000
    889        B3E8 0000                 FDB $0000
    890        B3EA 0000                 FDB $0000
    891        B3EC 0000                 FDB $0000
    892        B3EE 0000                 FDB $0000
    893        B3F0 0000                 FDB $0000
    894        B3F2 0000                 FDB $0000
    895        B3F4 0000                 FDB $0000
    896        B3F6 0000                 FDB $0000
    897        B3F8 0000                 FDB $0000
    898        B3FA 0000                 FDB $0000
    899        B3FC 0000                 FDB $0000
    900        B3FE 0000                 FDB $0000
    901        B400 0000                 FDB $0000
    902        B402 0000                 FDB $0000
    903        B404 0000                 FDB $0000
    904        B406 0000                 FDB $0000
    905        B408 0000                 FDB $0000
    906        B40A 0000                 FDB $0000
    907        B40C 0000                 FDB $0000
    908        B40E 0000                 FDB $0000
    909        B410 0000                 FDB $0000
    910        B412 0000                 FDB $0000
    911        B414 0000                 FDB $0000
    912        B416 0000                 FDB $0000
    913        B418 0000                 FDB $0000
    914        B41A 0000                 FDB $0000
    915        B41C 0000                 FDB $0000
    916        B41E 00                   FCB $00
    917        B41F               ERASE_DATA_HJL8_END

000000 Total Errors

000011 Total Symbols
     0x          Label AD7F DRAW_HJL8
     0x          Label B1DE ERASE_CODE_HJL8_1
     0x          Label B289 ERASE_CODE_HJL8_2
     1x          Label B33F ERASE_DATA_HJL8_1
     2x          Label B3AA ERASE_DATA_HJL8_2
     1x          Label B41F ERASE_DATA_HJL8_END
     0x          Label B1D1 ERASE_HJL8
     1x          Label B1D7 ERASE_POS_HJL8_1
     1x          Label B282 ERASE_POS_HJL8_2
     1x          Label B339 ERASE_SSAV_HJL8
     1x          Label B1CB SSAV_HJL8

