/*--------------------------------------------------------------*
 * Compilé avec C6809 v0.83                                     *
 *--------------------------------------------------------------*
 * Fichier source      : tmp/HRL3.ASM
 * Fichier destination : tmp/HRL3.BIN
 * Contenu :
 *     Main     0:IMG.ASM      10447
 *--------------------------------------------------------------*/

Macro Pass
Pass1
Pass2
      2        BC66                      ORG $BC66
      3        BC66               DRAW_HRL3
      4  5+3   BC66 34   48              PSHS U,DP
      5  7     BC68 10FF C111            STS SSAV_HRL3+2
      6
      7  7     BC6C 10FE 9F00            LDS $9F00
      8  7     BC70 10FF C11D            STS ERASE_POS_HRL3_1+2
      9  3     BC74 CE   C35D            LDU #ERASE_DATA_HRL3_2
     10  4+4   BC77 32   E9 025B         LEAS 603,S
     11  4+1   BC7B A6   E8 88           LDA -120,S
     12  5+1   BC7E 36   02              PSHU A
     13  2     BC80 84   0F              ANDA #$0F
     14  2     BC82 8A   C0              ORA #$c0
     15  4+1   BC84 A7   E8 88           STA -120,S
     16
     17  5+1   BC87 EC   E8 AF           LDD -81,S
     18  5+2   BC8A 36   06              PSHU D
     19  2     BC8C 84   F0              ANDA #$F0
     20  2     BC8E 8A   0C              ORA #$0c
     21  2     BC90 C6   CC              LDB #$cc
     22  5+1   BC92 ED   E8 AF           STD -81,S
     23
     24  5+1   BC95 EC   E8 4F           LDD 79,S
     25  5+2   BC98 36   06              PSHU D
     26  2     BC9A 86   AC              LDA #$ac
     27  2     BC9C C4   0F              ANDB #$0F
     28  2     BC9E CA   C0              ORB #$c0
     29  5+1   BCA0 ED   E8 4F           STD 79,S
     30
     31  5+1   BCA3 EC   E8 D7           LDD -41,S
     32  5+2   BCA6 36   06              PSHU D
     33
     34  5+1   BCA8 EC   7F              LDD -1,S
     35  5+2   BCAA 36   06              PSHU D
     36
     37  5+1   BCAC EC   E8 27           LDD 39,S
     38  5+2   BCAF 36   06              PSHU D
     39
     40  5+1   BCB1 EC   E8 77           LDD 119,S
     41  5+4   BCB4 36   46              PSHU D,S
     42
     43  3     BCB6 CC   CACC            LDD #$cacc
     44  5+1   BCB9 ED   E8 D7           STD -41,S
     45
     46  3     BCBC CC   AACD            LDD #$aacd
     47  5+1   BCBF ED   7F              STD -1,S
     48
     49  2     BCC1 C6   DD              LDB #$dd
     50  5+1   BCC3 ED   E8 27           STD 39,S
     51
     52  2     BCC6 C6   CC              LDB #$cc
     53  5+1   BCC8 ED   E8 77           STD 119,S
     54
     55  4+4   BCCB 32   E9 0118         LEAS 280,S
     56  5+1   BCCF EC   E8 AE           LDD -82,S
     57  5+2   BCD2 36   06              PSHU D
     58  2     BCD4 84   F0              ANDA #$F0
     59  2     BCD6 8A   0C              ORA #$0c
     60  2     BCD8 C6   BC              LDB #$bc
     61  5+1   BCDA ED   E8 AE           STD -82,S
     62
     63  5+1   BCDD EC   E8 D6           LDD -42,S
     64  5+2   BCE0 36   06              PSHU D
     65  2     BCE2 84   F0              ANDA #$F0
     66  2     BCE4 8A   0D              ORA #$0d
     67  2     BCE6 C6   BA              LDB #$ba
     68  5+1   BCE8 ED   E8 D6           STD -42,S
     69
     70  5+1   BCEB EC   7E              LDD -2,S
     71  5+2   BCED 36   06              PSHU D
     72  2     BCEF 84   F0              ANDA #$F0
     73  2     BCF1 8A   00              ORA #$00
     74  2     BCF3 C6   BA              LDB #$ba
     75  5+1   BCF5 ED   7E              STD -2,S
     76
     77  5+0   BCF7 EC   E4              LDD ,S
     78  5+2   BCF9 36   06              PSHU D
     79  2     BCFB 86   CD              LDA #$cd
     80  2     BCFD C4   0F              ANDB #$0F
     81  2     BCFF CA   C0              ORB #$c0
     82  5+0   BD01 ED   E4              STD ,S
     83
     84  5+1   BD03 EC   E8 26           LDD 38,S
     85  5+2   BD06 36   06              PSHU D
     86  2     BD08 84   F0              ANDA #$F0
     87  2     BD0A 8A   09              ORA #$09
     88  2     BD0C C6   BA              LDB #$ba
     89  5+1   BD0E ED   E8 26           STD 38,S
     90
     91  5+1   BD11 EC   E8 28           LDD 40,S
     92  5+2   BD14 36   06              PSHU D
     93  2     BD16 86   C0              LDA #$c0
     94  2     BD18 C4   0F              ANDB #$0F
     95  2     BD1A CA   D0              ORB #$d0
     96  5+1   BD1C ED   E8 28           STD 40,S
     97
     98  5+1   BD1F EC   E8 4E           LDD 78,S
     99  5+2   BD22 36   06              PSHU D
    100  2     BD24 84   F0              ANDA #$F0
    101  2     BD26 8A   09              ORA #$09
    102  2     BD28 C6   BA              LDB #$ba
    103  5+1   BD2A ED   E8 4E           STD 78,S
    104
    105  5+1   BD2D EC   E8 76           LDD 118,S
    106  5+2   BD30 36   06              PSHU D
    107  2     BD32 84   F0              ANDA #$F0
    108  2     BD34 8A   0A              ORA #$0a
    109  2     BD36 C6   BC              LDB #$bc
    110  5+1   BD38 ED   E8 76           STD 118,S
    111
    112  5+1   BD3B EC   E8 87           LDD -121,S
    113  5+2   BD3E 36   06              PSHU D
    114
    115  4+1   BD40 A6   E8 B0           LDA -80,S
    116  5+1   BD43 36   02              PSHU A
    117
    118  4+1   BD45 A6   E8 D8           LDA -40,S
    119  5+1   BD48 36   02              PSHU A
    120
    121  4+1   BD4A A6   E8 50           LDA 80,S
    122  5+1   BD4D 36   02              PSHU A
    123
    124  4+1   BD4F A6   E8 78           LDA 120,S
    125  5+3   BD52 36   42              PSHU A,S
    126
    127  3     BD54 CC   DACC            LDD #$dacc
    128  5+1   BD57 ED   E8 87           STD -121,S
    129
    130  2     BD5A 86   CD              LDA #$cd
    131  4+1   BD5C A7   E8 B0           STA -80,S
    132
    133  4+1   BD5F A7   E8 D8           STA -40,S
    134
    135  2     BD62 86   D0              LDA #$d0
    136  4+1   BD64 A7   E8 50           STA 80,S
    137
    138  2     BD67 86   DD              LDA #$dd
    139  4+1   BD69 A7   E8 78           STA 120,S
    140
    141  4+4   BD6C 32   E9 0117         LEAS 279,S
    142  5+1   BD70 EC   E8 87           LDD -121,S
    143  5+2   BD73 36   06              PSHU D
    144  2     BD75 84   F0              ANDA #$F0
    145  2     BD77 8A   00              ORA #$00
    146  2     BD79 C6   BB              LDB #$bb
    147  5+1   BD7B ED   E8 87           STD -121,S
    148
    149  5+1   BD7E EC   E8 AF           LDD -81,S
    150  5+2   BD81 36   06              PSHU D
    151  2     BD83 84   F0              ANDA #$F0
    152  2     BD85 8A   00              ORA #$00
    153  2     BD87 C6   B2              LDB #$b2
    154  5+1   BD89 ED   E8 AF           STD -81,S
    155
    156  4+1   BD8C A6   E8 2A           LDA 42,S
    157  5+1   BD8F 36   02              PSHU A
    158  2     BD91 84   0F              ANDA #$0F
    159  2     BD93 8A   C0              ORA #$c0
    160  4+1   BD95 A7   E8 2A           STA 42,S
    161
    162  4+1   BD98 A6   E8 52           LDA 82,S
    163  5+1   BD9B 36   02              PSHU A
    164  2     BD9D 84   0F              ANDA #$0F
    165  2     BD9F 8A   D0              ORA #$d0
    166  4+1   BDA1 A7   E8 52           STA 82,S
    167
    168  4+1   BDA4 A6   E8 89           LDA -119,S
    169  5+1   BDA7 36   02              PSHU A
    170
    171  4+1   BDA9 A6   E8 B1           LDA -79,S
    172  5+1   BDAC 36   02              PSHU A
    173
    174  5+1   BDAE EC   E8 D8           LDD -40,S
    175  5+2   BDB1 36   06              PSHU D
    176
    177  5+0   BDB3 EC   E4              LDD ,S
    178  5+2   BDB5 36   06              PSHU D
    179
    180  5+1   BDB7 EC   E8 28           LDD 40,S
    181  5+2   BDBA 36   06              PSHU D
    182
    183  5+1   BDBC EC   E8 50           LDD 80,S
    184  5+2   BDBF 36   06              PSHU D
    185
    186  4+1   BDC1 A6   E8 79           LDA 121,S
    187  5+3   BDC4 36   42              PSHU A,S
    188
    189  2     BDC6 86   DC              LDA #$dc
    190  4+1   BDC8 A7   E8 89           STA -119,S
    191
    192  2     BDCB 86   DD              LDA #$dd
    193  4+1   BDCD A7   E8 B1           STA -79,S
    194
    195  3     BDD0 CC   220D            LDD #$220d
    196  5+1   BDD3 ED   E8 D8           STD -40,S
    197
    198  2     BDD6 C6   DD              LDB #$dd
    199  5+0   BDD8 ED   E4              STD ,S
    200
    201  3     BDDA CC   33D1            LDD #$33d1
    202  5+1   BDDD ED   E8 28           STD 40,S
    203
    204  3     BDE0 CC   1110            LDD #$1110
    205  5+1   BDE3 ED   E8 50           STD 80,S
    206
    207  2     BDE6 86   23              LDA #$23
    208  4+1   BDE8 A7   E8 79           STA 121,S
    209
    210  4+4   BDEB 32   E9 00A1         LEAS 161,S
    211  4+0   BDEF A6   E4              LDA ,S
    212  5+3   BDF1 36   42              PSHU A,S
    213
    214  2     BDF3 86   23              LDA #$23
    215  4+0   BDF5 A7   E4              STA ,S
    216
    217  4+4   BDF7 32   E9 009E         LEAS 158,S
    218  5+1   BDFB EC   E8 89           LDD -119,S
    219  5+2   BDFE 36   06              PSHU D
    220  2     BE00 84   F0              ANDA #$F0
    221  2     BE02 8A   0A              ORA #$0a
    222  2     BE04 C6   A1              LDB #$a1
    223  5+1   BE06 ED   E8 89           STD -119,S
    224
    225  5+1   BE09 EC   E8 D8           LDD -40,S
    226  5+2   BE0C 36   06              PSHU D
    227  2     BE0E 84   F0              ANDA #$F0
    228  2     BE10 8A   0F              ORA #$0f
    229  2     BE12 C6   AE              LDB #$ae
    230  5+1   BE14 ED   E8 D8           STD -40,S
    231
    232  5+1   BE17 EC   E8 DA           LDD -38,S
    233  5+2   BE1A 36   06              PSHU D
    234  2     BE1C 86   9A              LDA #$9a
    235  2     BE1E C4   F0              ANDB #$F0
    236  2     BE20 CA   0F              ORB #$0f
    237  5+1   BE22 ED   E8 DA           STD -38,S
    238
    239  4+1   BE25 A6   63              LDA 3,S
    240  5+1   BE27 36   02              PSHU A
    241  2     BE29 84   F0              ANDA #$F0
    242  2     BE2B 8A   0A              ORA #$0a
    243  4+1   BE2D A7   63              STA 3,S
    244
    245  5+1   BE2F EC   E8 B1           LDD -79,S
    246  5+2   BE32 36   06              PSHU D
    247
    248  3     BE34 CC   AAAA            LDD #$aaaa
    249  5+1   BE37 ED   E8 B1           STD -79,S
    250
    251  5+3   BE3A 35   12              PULS A,X
    252  5+5   BE3C 36   52              PSHU A,X,S
    253  2     BE3E 86   E0              LDA #$e0
    254  3     BE40 8E   A1BA            LDX #$a1ba
    255  5+3   BE43 34   12              PSHS A,X
    256
    257  4+1   BE45 32   E8 28           LEAS 40,S
    258  5+4   BE48 35   16              PULS D,X
    259  5+6   BE4A 36   56              PSHU D,X,S
    260  3     BE4C CC   1E91            LDD #$1e91
    261  3     BE4F 8E   BAC0            LDX #$bac0
    262  5+4   BE52 34   16              PSHS D,X
    263
    264  4+1   BE54 32   E8 29           LEAS 41,S
    265  5+1   BE57 EC   E8 28           LDD 40,S
    266  5+2   BE5A 36   06              PSHU D
    267  2     BE5C 86   E0              LDA #$e0
    268  2     BE5E C4   0F              ANDB #$0F
    269  2     BE60 CA   A0              ORB #$a0
    270  5+1   BE62 ED   E8 28           STD 40,S
    271
    272  4+1   BE65 A6   E8 50           LDA 80,S
    273  5+1   BE68 36   02              PSHU A
    274  2     BE6A 84   F0              ANDA #$F0
    275  2     BE6C 8A   0E              ORA #$0e
    276  4+1   BE6E A7   E8 50           STA 80,S
    277
    278  4+1   BE71 A6   E8 52           LDA 82,S
    279  5+1   BE74 36   02              PSHU A
    280  2     BE76 84   F0              ANDA #$F0
    281  2     BE78 8A   0A              ORA #$0a
    282  4+1   BE7A A7   E8 52           STA 82,S
    283
    284  4+1   BE7D A6   E8 7A           LDA 122,S
    285  5+1   BE80 36   02              PSHU A
    286  2     BE82 84   F0              ANDA #$F0
    287  2     BE84 8A   0B              ORA #$0b
    288  4+1   BE86 A7   E8 7A           STA 122,S
    289
    290  4+1   BE89 A6   E8 2A           LDA 42,S
    291  5+1   BE8C 36   02              PSHU A
    292
    293  2     BE8E 86   BA              LDA #$ba
    294  4+1   BE90 A7   E8 2A           STA 42,S
    295
    296  5+3   BE93 35   12              PULS A,X
    297  5+5   BE95 36   52              PSHU A,X,S
    298  2     BE97 86   01              LDA #$01
    299  3     BE99 8E   B9D0            LDX #$b9d0
    300  5+3   BE9C 34   12              PSHS A,X
    301
    302  4+4   BE9E 32   E9 00F2         LEAS 242,S
    303  4+1   BEA2 A6   E8 B0           LDA -80,S
    304  5+1   BEA5 36   02              PSHU A
    305  2     BEA7 84   F0              ANDA #$F0
    306  2     BEA9 8A   0B              ORA #$0b
    307  4+1   BEAB A7   E8 B0           STA -80,S
    308
    309  5+1   BEAE EC   E8 4F           LDD 79,S
    310  5+2   BEB1 36   06              PSHU D
    311  2     BEB3 84   F0              ANDA #$F0
    312  2     BEB5 8A   01              ORA #$01
    313  2     BEB7 C6   EE              LDB #$ee
    314  5+1   BEB9 ED   E8 4F           STD 79,S
    315
    316  4+1   BEBC A6   E8 D8           LDA -40,S
    317  5+1   BEBF 36   02              PSHU A
    318
    319  4+0   BEC1 A6   E4              LDA ,S
    320  5+1   BEC3 36   02              PSHU A
    321
    322  4+1   BEC5 A6   E8 28           LDA 40,S
    323  5+3   BEC8 36   42              PSHU A,S
    324
    325  2     BECA 86   FF              LDA #$ff
    326  4+1   BECC A7   E8 D8           STA -40,S
    327
    328  4+0   BECF A7   E4              STA ,S
    329
    330  4+1   BED1 A7   E8 28           STA 40,S
    331
    332
    333  7     BED4 10FE 9F02            LDS $9F00+2
    334  7     BED8 10FF C214            STS ERASE_POS_HRL3_2+2
    335  3     BEDC CE   C3CC            LDU #ERASE_DATA_HRL3_END
    336
    337  4+4   BEDF 32   E9 0232         LEAS 562,S
    338  4+1   BEE3 A6   E8 B0           LDA -80,S
    339  5+1   BEE6 36   02              PSHU A
    340  2     BEE8 84   F0              ANDA #$F0
    341  2     BEEA 8A   0C              ORA #$0c
    342  4+1   BEEC A7   E8 B0           STA -80,S
    343
    344  5+1   BEEF EC   E8 D8           LDD -40,S
    345  5+2   BEF2 36   06              PSHU D
    346  2     BEF4 86   CC              LDA #$cc
    347  2     BEF6 C4   0F              ANDB #$0F
    348  2     BEF8 CA   C0              ORB #$c0
    349  5+1   BEFA ED   E8 D8           STD -40,S
    350
    351  4+1   BEFD A6   E8 29           LDA 41,S
    352  5+1   BF00 36   02              PSHU A
    353  2     BF02 84   0F              ANDA #$0F
    354  2     BF04 8A   D0              ORA #$d0
    355  4+1   BF06 A7   E8 29           STA 41,S
    356
    357  5+0   BF09 EC   E4              LDD ,S
    358  5+2   BF0B 36   06              PSHU D
    359
    360  5+1   BF0D EC   E8 27           LDD 39,S
    361  5+2   BF10 36   06              PSHU D
    362
    363  5+1   BF12 EC   E8 4F           LDD 79,S
    364  5+4   BF15 36   46              PSHU D,S
    365
    366  3     BF17 CC   ADDD            LDD #$addd
    367  5+0   BF1A ED   E4              STD ,S
    368
    369  2     BF1C 86   DC              LDA #$dc
    370  5+1   BF1E ED   E8 27           STD 39,S
    371
    372  3     BF21 CC   DA32            LDD #$da32
    373  5+1   BF24 ED   E8 4F           STD 79,S
    374
    375  4+4   BF27 32   E9 00EF         LEAS 239,S
    376  4+1   BF2B A6   E8 DA           LDA -38,S
    377  5+1   BF2E 36   02              PSHU A
    378  2     BF30 84   0F              ANDA #$0F
    379  2     BF32 8A   C0              ORA #$c0
    380  4+1   BF34 A7   E8 DA           STA -38,S
    381
    382  5+1   BF37 EC   E8 88           LDD -120,S
    383  5+2   BF3A 36   06              PSHU D
    384
    385  5+1   BF3C EC   E8 B0           LDD -80,S
    386  5+2   BF3F 36   06              PSHU D
    387
    388  5+1   BF41 EC   E8 D8           LDD -40,S
    389  5+2   BF44 36   06              PSHU D
    390
    391  3     BF46 CC   CA22            LDD #$ca22
    392  5+1   BF49 ED   E8 88           STD -120,S
    393
    394  3     BF4C CC   AAA2            LDD #$aaa2
    395  5+1   BF4F ED   E8 B0           STD -80,S
    396
    397  2     BF52 C6   AD              LDB #$ad
    398  5+1   BF54 ED   E8 D8           STD -40,S
    399
    400  5+3   BF57 35   12              PULS A,X
    401  5+5   BF59 36   52              PSHU A,X,S
    402  2     BF5B 86   AA              LDA #$aa
    403  3     BF5D 8E   BCCC            LDX #$bccc
    404  5+3   BF60 34   12              PSHS A,X
    405
    406  4+1   BF62 32   E8 28           LEAS 40,S
    407  5+3   BF65 35   12              PULS A,X
    408  5+5   BF67 36   52              PSHU A,X,S
    409  2     BF69 86   AC              LDA #$ac
    410  3     BF6B 8E   AADC            LDX #$aadc
    411  5+3   BF6E 34   12              PSHS A,X
    412
    413  4+1   BF70 32   E8 28           LEAS 40,S
    414  5+3   BF73 35   12              PULS A,X
    415  5+5   BF75 36   52              PSHU A,X,S
    416  2     BF77 86   A0              LDA #$a0
    417  3     BF79 8E   ACDD            LDX #$acdd
    418  5+3   BF7C 34   12              PSHS A,X
    419
    420  4+1   BF7E 32   E8 28           LEAS 40,S
    421  4+1   BF81 A6   E8 2A           LDA 42,S
    422  5+1   BF84 36   02              PSHU A
    423  2     BF86 84   0F              ANDA #$0F
    424  2     BF88 8A   D0              ORA #$d0
    425  4+1   BF8A A7   E8 2A           STA 42,S
    426
    427  4+1   BF8D A6   E8 7A           LDA 122,S
    428  5+1   BF90 36   02              PSHU A
    429  2     BF92 84   0F              ANDA #$0F
    430  2     BF94 8A   C0              ORA #$c0
    431  4+1   BF96 A7   E8 7A           STA 122,S
    432
    433  5+1   BF99 EC   E8 28           LDD 40,S
    434  5+2   BF9C 36   06              PSHU D
    435
    436  5+1   BF9E EC   E8 50           LDD 80,S
    437  5+2   BFA1 36   06              PSHU D
    438
    439  5+1   BFA3 EC   E8 78           LDD 120,S
    440  5+2   BFA6 36   06              PSHU D
    441
    442  3     BFA8 CC   A9CC            LDD #$a9cc
    443  5+1   BFAB ED   E8 28           STD 40,S
    444
    445  2     BFAE 86   B9              LDA #$b9
    446  5+1   BFB0 ED   E8 50           STD 80,S
    447
    448  3     BFB3 CC   AB2C            LDD #$ab2c
    449  5+1   BFB6 ED   E8 78           STD 120,S
    450
    451  5+3   BFB9 35   12              PULS A,X
    452  5+5   BFBB 36   52              PSHU A,X,S
    453  2     BFBD 86   CA              LDA #$ca
    454  3     BFBF 8E   ACDD            LDX #$acdd
    455  5+3   BFC2 34   12              PSHS A,X
    456
    457  4+4   BFC4 32   E9 00A0         LEAS 160,S
    458  5+3   BFC8 35   12              PULS A,X
    459  5+5   BFCA 36   52              PSHU A,X,S
    460  2     BFCC 86   02              LDA #$02
    461  3     BFCE 8E   2DCC            LDX #$2dcc
    462  5+3   BFD1 34   12              PSHS A,X
    463
    464  4+1   BFD3 32   E8 28           LEAS 40,S
    465  5+3   BFD6 35   12              PULS A,X
    466  5+5   BFD8 36   52              PSHU A,X,S
    467  2     BFDA 86   32              LDA #$32
    468  3     BFDC 8E   2DDC            LDX #$2ddc
    469  5+3   BFDF 34   12              PSHS A,X
    470
    471  4+1   BFE1 32   E8 28           LEAS 40,S
    472  5+1   BFE4 EC   E8 28           LDD 40,S
    473  5+2   BFE7 36   06              PSHU D
    474  2     BFE9 84   F0              ANDA #$F0
    475  2     BFEB 8A   01              ORA #$01
    476  2     BFED C6   D0              LDB #$d0
    477  5+1   BFEF ED   E8 28           STD 40,S
    478
    479  5+1   BFF2 EC   E8 51           LDD 81,S
    480  5+2   BFF5 36   06              PSHU D
    481  2     BFF7 86   0E              LDA #$0e
    482  2     BFF9 C4   0F              ANDB #$0F
    483  2     BFFB CA   30              ORB #$30
    484  5+1   BFFD ED   E8 51           STD 81,S
    485
    486  5+1   C000 EC   E8 79           LDD 121,S
    487  5+2   C003 36   06              PSHU D
    488  2     C005 86   C3              LDA #$c3
    489  2     C007 C4   0F              ANDB #$0F
    490  2     C009 CA   20              ORB #$20
    491  5+1   C00B ED   E8 79           STD 121,S
    492
    493  4+1   C00E A6   E8 2A           LDA 42,S
    494  5+1   C011 36   02              PSHU A
    495
    496  2     C013 86   DD              LDA #$dd
    497  4+1   C015 A7   E8 2A           STA 42,S
    498
    499  5+3   C018 35   12              PULS A,X
    500  5+5   C01A 36   52              PSHU A,X,S
    501  2     C01C 86   12              LDA #$12
    502  3     C01E 8E   3DDD            LDX #$3ddd
    503  5+3   C021 34   12              PSHS A,X
    504
    505  4+4   C023 32   E9 00F0         LEAS 240,S
    506  5+1   C027 EC   E8 B1           LDD -79,S
    507  5+2   C02A 36   06              PSHU D
    508
    509  5+1   C02C EC   E8 D9           LDD -39,S
    510  5+2   C02F 36   06              PSHU D
    511
    512  3     C031 CC   D22D            LDD #$d22d
    513  5+1   C034 ED   E8 B1           STD -79,S
    514
    515  2     C037 86   DA              LDA #$da
    516  5+1   C039 ED   E8 D9           STD -39,S
    517
    518  5+3   C03C 35   12              PULS A,X
    519  5+5   C03E 36   52              PSHU A,X,S
    520  2     C040 86   FF              LDA #$ff
    521  3     C042 8E   DB3D            LDX #$db3d
    522  5+3   C045 34   12              PSHS A,X
    523
    524  4+1   C047 32   E8 28           LEAS 40,S
    525  4+1   C04A A6   63              LDA 3,S
    526  5+1   C04C 36   02              PSHU A
    527  2     C04E 84   0F              ANDA #$0F
    528  2     C050 8A   E0              ORA #$e0
    529  4+1   C052 A7   63              STA 3,S
    530
    531  5+1   C054 EC   E8 2A           LDD 42,S
    532  5+2   C057 36   06              PSHU D
    533  2     C059 84   0F              ANDA #$0F
    534  2     C05B 8A   D0              ORA #$d0
    535  2     C05D C6   10              LDB #$10
    536  5+1   C05F ED   E8 2A           STD 42,S
    537
    538  5+1   C062 EC   E8 28           LDD 40,S
    539  5+2   C065 36   06              PSHU D
    540
    541  3     C067 CC   01BB            LDD #$01bb
    542  5+1   C06A ED   E8 28           STD 40,S
    543
    544  5+3   C06D 35   12              PULS A,X
    545  5+5   C06F 36   52              PSHU A,X,S
    546  2     C071 86   11              LDA #$11
    547  3     C073 8E   AB00            LDX #$ab00
    548  5+3   C076 34   12              PSHS A,X
    549
    550  4+1   C078 32   E8 50           LEAS 80,S
    551  5+1   C07B EC   E8 28           LDD 40,S
    552  5+2   C07E 36   06              PSHU D
    553  2     C080 84   F0              ANDA #$F0
    554  2     C082 8A   0E              ORA #$0e
    555  2     C084 C6   AB              LDB #$ab
    556  5+1   C086 ED   E8 28           STD 40,S
    557
    558  5+1   C089 EC   E8 2A           LDD 42,S
    559  5+2   C08C 36   06              PSHU D
    560  2     C08E 84   F0              ANDA #$F0
    561  2     C090 8A   0D              ORA #$0d
    562  2     C092 C6   E1              LDB #$e1
    563  5+1   C094 ED   E8 2A           STD 42,S
    564
    565  4+1   C097 A6   E8 79           LDA 121,S
    566  5+1   C09A 36   02              PSHU A
    567  2     C09C 84   0F              ANDA #$0F
    568  2     C09E 8A   00              ORA #$00
    569  4+1   C0A0 A7   E8 79           STA 121,S
    570
    571  4+1   C0A3 A6   E8 51           LDA 81,S
    572  5+1   C0A6 36   02              PSHU A
    573
    574  4+1   C0A8 A6   E8 53           LDA 83,S
    575  5+1   C0AB 36   02              PSHU A
    576
    577  4+1   C0AD A6   E8 7B           LDA 123,S
    578  5+1   C0B0 36   02              PSHU A
    579
    580  2     C0B2 86   EA              LDA #$ea
    581  4+1   C0B4 A7   E8 51           STA 81,S
    582
    583  4+1   C0B7 E7   E8 53           STB 83,S
    584
    585  2     C0BA 86   11              LDA #$11
    586  4+1   C0BC A7   E8 7B           STA 123,S
    587
    588  5+4   C0BF 35   16              PULS D,X
    589  5+6   C0C1 36   56              PSHU D,X,S
    590  3     C0C3 CC   E0AB            LDD #$e0ab
    591  3     C0C6 8E   DCE1            LDX #$dce1
    592  5+4   C0C9 34   16              PSHS D,X
    593
    594  4+4   C0CB 32   E9 0107         LEAS 263,S
    595  5+1   C0CF EC   E8 3B           LDD 59,S
    596  5+2   C0D2 36   06              PSHU D
    597  2     C0D4 86   F2              LDA #$f2
    598  2     C0D6 C4   0F              ANDB #$0F
    599  2     C0D8 CA   E0              ORB #$e0
    600  5+1   C0DA ED   E8 3B           STD 59,S
    601
    602  4+1   C0DD A6   E8 9C           LDA -100,S
    603  5+1   C0E0 36   02              PSHU A
    604
    605  4+1   C0E2 A6   E8 C4           LDA -60,S
    606  5+1   C0E5 36   02              PSHU A
    607
    608  4+1   C0E7 A6   E8 EC           LDA -20,S
    609  5+1   C0EA 36   02              PSHU A
    610
    611  4+1   C0EC A6   E8 14           LDA 20,S
    612  5+1   C0EF 36   02              PSHU A
    613
    614  4+1   C0F1 A6   E8 63           LDA 99,S
    615  5+3   C0F4 36   42              PSHU A,S
    616
    617  2     C0F6 86   11              LDA #$11
    618  4+1   C0F8 A7   E8 9C           STA -100,S
    619
    620  2     C0FB 86   A0              LDA #$a0
    621  4+1   C0FD A7   E8 C4           STA -60,S
    622
    623  2     C100 86   A9              LDA #$a9
    624  4+1   C102 A7   E8 EC           STA -20,S
    625
    626  2     C105 86   19              LDA #$19
    627  4+1   C107 A7   E8 14           STA 20,S
    628
    629  2     C10A 86   EE              LDA #$ee
    630  4+1   C10C A7   E8 63           STA 99,S
    631
    632        C10F               SSAV_HRL3
    633  4     C10F 10CE 0000            LDS #$0000
    634  5+5   C113 35   C8              PULS DP,U,PC * Ajout du PC au PULS>>
    635
    636        C115               ERASE_HRL3
    637  5+3   C115 34   48              PSHS U,DP
    638  7     C117 10FF C2F5            STS ERASE_SSAV_HRL3+2
    639
    640        C11B               ERASE_POS_HRL3_1
    641  4     C11B 10CE 0000            LDS #$0000
    642  3     C11F CE   C2F9            LDU #ERASE_DATA_HRL3_1
    643
    644        C122               ERASE_CODE_HRL3_1
    645  5+3   C122 37   42              PULU A,S
    646  4+1   C124 A7   E8 28           STA 40,S
    647  5+1   C127 37   02              PULU A
    648  4+0   C129 A7   E4              STA ,S
    649  5+1   C12B 37   02              PULU A
    650  4+1   C12D A7   E8 D8           STA -40,S
    651  5+2   C130 37   06              PULU D
    652  5+1   C132 ED   E8 4F           STD 79,S
    653  5+1   C135 37   02              PULU A
    654  4+1   C137 A7   E8 B0           STA -80,S
    655  5+5   C13A 37   52              PULU A,X,S
    656  5+3   C13C 34   12              PSHS A,X
    657  5+1   C13E 37   02              PULU A
    658  4+1   C140 A7   E8 2A           STA 42,S
    659  5+1   C143 37   02              PULU A
    660  4+1   C145 A7   E8 7A           STA 122,S
    661  5+1   C148 37   02              PULU A
    662  4+1   C14A A7   E8 52           STA 82,S
    663  5+1   C14D 37   02              PULU A
    664  4+1   C14F A7   E8 50           STA 80,S
    665  5+2   C152 37   06              PULU D
    666  5+1   C154 ED   E8 28           STD 40,S
    667  5+6   C157 37   56              PULU D,X,S
    668  5+4   C159 34   16              PSHS D,X
    669  5+5   C15B 37   52              PULU A,X,S
    670  5+3   C15D 34   12              PSHS A,X
    671  5+2   C15F 37   06              PULU D
    672  5+1   C161 ED   E8 B1           STD -79,S
    673  5+1   C164 37   02              PULU A
    674  4+1   C166 A7   63              STA 3,S
    675  5+2   C168 37   06              PULU D
    676  5+1   C16A ED   E8 DA           STD -38,S
    677  5+2   C16D 37   06              PULU D
    678  5+1   C16F ED   E8 D8           STD -40,S
    679  5+2   C172 37   06              PULU D
    680  5+1   C174 ED   E8 89           STD -119,S
    681  5+3   C177 37   42              PULU A,S
    682  4+0   C179 A7   E4              STA ,S
    683  5+3   C17B 37   42              PULU A,S
    684  4+1   C17D A7   E8 79           STA 121,S
    685  5+2   C180 37   06              PULU D
    686  5+1   C182 ED   E8 50           STD 80,S
    687  5+2   C185 37   06              PULU D
    688  5+1   C187 ED   E8 28           STD 40,S
    689  5+2   C18A 37   06              PULU D
    690  5+0   C18C ED   E4              STD ,S
    691  5+2   C18E 37   06              PULU D
    692  5+1   C190 ED   E8 D8           STD -40,S
    693  5+1   C193 37   02              PULU A
    694  4+1   C195 A7   E8 B1           STA -79,S
    695  5+1   C198 37   02              PULU A
    696  4+1   C19A A7   E8 89           STA -119,S
    697  5+1   C19D 37   02              PULU A
    698  4+1   C19F A7   E8 52           STA 82,S
    699  5+1   C1A2 37   02              PULU A
    700  4+1   C1A4 A7   E8 2A           STA 42,S
    701  5+2   C1A7 37   06              PULU D
    702  5+1   C1A9 ED   E8 AF           STD -81,S
    703  5+2   C1AC 37   06              PULU D
    704  5+1   C1AE ED   E8 87           STD -121,S
    705  5+3   C1B1 37   42              PULU A,S
    706  4+1   C1B3 A7   E8 78           STA 120,S
    707  5+1   C1B6 37   02              PULU A
    708  4+1   C1B8 A7   E8 50           STA 80,S
    709  5+1   C1BB 37   02              PULU A
    710  4+1   C1BD A7   E8 D8           STA -40,S
    711  5+1   C1C0 37   02              PULU A
    712  4+1   C1C2 A7   E8 B0           STA -80,S
    713  5+2   C1C5 37   06              PULU D
    714  5+1   C1C7 ED   E8 87           STD -121,S
    715  5+2   C1CA 37   06              PULU D
    716  5+1   C1CC ED   E8 76           STD 118,S
    717  5+2   C1CF 37   06              PULU D
    718  5+1   C1D1 ED   E8 4E           STD 78,S
    719  5+2   C1D4 37   06              PULU D
    720  5+1   C1D6 ED   E8 28           STD 40,S
    721  5+2   C1D9 37   06              PULU D
    722  5+1   C1DB ED   E8 26           STD 38,S
    723  5+2   C1DE 37   06              PULU D
    724  5+0   C1E0 ED   E4              STD ,S
    725  5+2   C1E2 37   06              PULU D
    726  5+1   C1E4 ED   7E              STD -2,S
    727  5+2   C1E6 37   06              PULU D
    728  5+1   C1E8 ED   E8 D6           STD -42,S
    729  5+2   C1EB 37   06              PULU D
    730  5+1   C1ED ED   E8 AE           STD -82,S
    731  5+4   C1F0 37   46              PULU D,S
    732  5+1   C1F2 ED   E8 77           STD 119,S
    733  5+2   C1F5 37   06              PULU D
    734  5+1   C1F7 ED   E8 27           STD 39,S
    735  5+2   C1FA 37   06              PULU D
    736  5+1   C1FC ED   7F              STD -1,S
    737  5+2   C1FE 37   06              PULU D
    738  5+1   C200 ED   E8 D7           STD -41,S
    739  5+2   C203 37   06              PULU D
    740  5+1   C205 ED   E8 4F           STD 79,S
    741  5+2   C208 37   06              PULU D
    742  5+1   C20A ED   E8 AF           STD -81,S
    743  5+1   C20D 37   02              PULU A
    744  4+1   C20F A7   E8 88           STA -120,S
    745        C212               ERASE_POS_HRL3_2
    746  4     C212 10CE 0000            LDS #$0000
    747  3     C216 CE   C35D            LDU #ERASE_DATA_HRL3_2
    748
    749        C219               ERASE_CODE_HRL3_2
    750  5+3   C219 37   42              PULU A,S
    751  4+1   C21B A7   E8 63           STA 99,S
    752  5+1   C21E 37   02              PULU A
    753  4+1   C220 A7   E8 14           STA 20,S
    754  5+1   C223 37   02              PULU A
    755  4+1   C225 A7   E8 EC           STA -20,S
    756  5+1   C228 37   02              PULU A
    757  4+1   C22A A7   E8 C4           STA -60,S
    758  5+1   C22D 37   02              PULU A
    759  4+1   C22F A7   E8 9C           STA -100,S
    760  5+2   C232 37   06              PULU D
    761  5+1   C234 ED   E8 3B           STD 59,S
    762  5+6   C237 37   56              PULU D,X,S
    763  5+4   C239 34   16              PSHS D,X
    764  5+1   C23B 37   02              PULU A
    765  4+1   C23D A7   E8 7B           STA 123,S
    766  5+1   C240 37   02              PULU A
    767  4+1   C242 A7   E8 53           STA 83,S
    768  5+1   C245 37   02              PULU A
    769  4+1   C247 A7   E8 51           STA 81,S
    770  5+1   C24A 37   02              PULU A
    771  4+1   C24C A7   E8 79           STA 121,S
    772  5+2   C24F 37   06              PULU D
    773  5+1   C251 ED   E8 2A           STD 42,S
    774  5+2   C254 37   06              PULU D
    775  5+1   C256 ED   E8 28           STD 40,S
    776  5+5   C259 37   52              PULU A,X,S
    777  5+3   C25B 34   12              PSHS A,X
    778  5+2   C25D 37   06              PULU D
    779  5+1   C25F ED   E8 28           STD 40,S
    780  5+2   C262 37   06              PULU D
    781  5+1   C264 ED   E8 2A           STD 42,S
    782  5+1   C267 37   02              PULU A
    783  4+1   C269 A7   63              STA 3,S
    784  5+5   C26B 37   52              PULU A,X,S
    785  5+3   C26D 34   12              PSHS A,X
    786  5+2   C26F 37   06              PULU D
    787  5+1   C271 ED   E8 D9           STD -39,S
    788  5+2   C274 37   06              PULU D
    789  5+1   C276 ED   E8 B1           STD -79,S
    790  5+5   C279 37   52              PULU A,X,S
    791  5+3   C27B 34   12              PSHS A,X
    792  5+1   C27D 37   02              PULU A
    793  4+1   C27F A7   E8 2A           STA 42,S
    794  5+2   C282 37   06              PULU D
    795  5+1   C284 ED   E8 79           STD 121,S
    796  5+2   C287 37   06              PULU D
    797  5+1   C289 ED   E8 51           STD 81,S
    798  5+2   C28C 37   06              PULU D
    799  5+1   C28E ED   E8 28           STD 40,S
    800  5+5   C291 37   52              PULU A,X,S
    801  5+3   C293 34   12              PSHS A,X
    802  5+5   C295 37   52              PULU A,X,S
    803  5+3   C297 34   12              PSHS A,X
    804  5+5   C299 37   52              PULU A,X,S
    805  5+3   C29B 34   12              PSHS A,X
    806  5+2   C29D 37   06              PULU D
    807  5+1   C29F ED   E8 78           STD 120,S
    808  5+2   C2A2 37   06              PULU D
    809  5+1   C2A4 ED   E8 50           STD 80,S
    810  5+2   C2A7 37   06              PULU D
    811  5+1   C2A9 ED   E8 28           STD 40,S
    812  5+1   C2AC 37   02              PULU A
    813  4+1   C2AE A7   E8 7A           STA 122,S
    814  5+1   C2B1 37   02              PULU A
    815  4+1   C2B3 A7   E8 2A           STA 42,S
    816  5+5   C2B6 37   52              PULU A,X,S
    817  5+3   C2B8 34   12              PSHS A,X
    818  5+5   C2BA 37   52              PULU A,X,S
    819  5+3   C2BC 34   12              PSHS A,X
    820  5+5   C2BE 37   52              PULU A,X,S
    821  5+3   C2C0 34   12              PSHS A,X
    822  5+2   C2C2 37   06              PULU D
    823  5+1   C2C4 ED   E8 D8           STD -40,S
    824  5+2   C2C7 37   06              PULU D
    825  5+1   C2C9 ED   E8 B0           STD -80,S
    826  5+2   C2CC 37   06              PULU D
    827  5+1   C2CE ED   E8 88           STD -120,S
    828  5+1   C2D1 37   02              PULU A
    829  4+1   C2D3 A7   E8 DA           STA -38,S
    830  5+4   C2D6 37   46              PULU D,S
    831  5+1   C2D8 ED   E8 4F           STD 79,S
    832  5+2   C2DB 37   06              PULU D
    833  5+1   C2DD ED   E8 27           STD 39,S
    834  5+2   C2E0 37   06              PULU D
    835  5+0   C2E2 ED   E4              STD ,S
    836  5+1   C2E4 37   02              PULU A
    837  4+1   C2E6 A7   E8 29           STA 41,S
    838  5+2   C2E9 37   06              PULU D
    839  5+1   C2EB ED   E8 D8           STD -40,S
    840  5+1   C2EE 37   02              PULU A
    841  4+1   C2F0 A7   E8 B0           STA -80,S
    842        C2F3               ERASE_SSAV_HRL3
    843  4     C2F3 10CE 0000            LDS #$0000
    844  5+5   C2F7 35   C8              PULS DP,U,PC * Ajout du PC au PULS>>
    845
    846        C2F9               ERASE_DATA_HRL3_1
    847        C2F9 0000                 FDB $0000
    848        C2FB 0000                 FDB $0000
    849        C2FD 0000                 FDB $0000
    850        C2FF 0000                 FDB $0000
    851        C301 0000                 FDB $0000
    852        C303 0000                 FDB $0000
    853        C305 0000                 FDB $0000
    854        C307 0000                 FDB $0000
    855        C309 0000                 FDB $0000
    856        C30B 0000                 FDB $0000
    857        C30D 0000                 FDB $0000
    858        C30F 0000                 FDB $0000
    859        C311 0000                 FDB $0000
    860        C313 0000                 FDB $0000
    861        C315 0000                 FDB $0000
    862        C317 0000                 FDB $0000
    863        C319 0000                 FDB $0000
    864        C31B 0000                 FDB $0000
    865        C31D 0000                 FDB $0000
    866        C31F 0000                 FDB $0000
    867        C321 0000                 FDB $0000
    868        C323 0000                 FDB $0000
    869        C325 0000                 FDB $0000
    870        C327 0000                 FDB $0000
    871        C329 0000                 FDB $0000
    872        C32B 0000                 FDB $0000
    873        C32D 0000                 FDB $0000
    874        C32F 0000                 FDB $0000
    875        C331 0000                 FDB $0000
    876        C333 0000                 FDB $0000
    877        C335 0000                 FDB $0000
    878        C337 0000                 FDB $0000
    879        C339 0000                 FDB $0000
    880        C33B 0000                 FDB $0000
    881        C33D 0000                 FDB $0000
    882        C33F 0000                 FDB $0000
    883        C341 0000                 FDB $0000
    884        C343 0000                 FDB $0000
    885        C345 0000                 FDB $0000
    886        C347 0000                 FDB $0000
    887        C349 0000                 FDB $0000
    888        C34B 0000                 FDB $0000
    889        C34D 0000                 FDB $0000
    890        C34F 0000                 FDB $0000
    891        C351 0000                 FDB $0000
    892        C353 0000                 FDB $0000
    893        C355 0000                 FDB $0000
    894        C357 0000                 FDB $0000
    895        C359 0000                 FDB $0000
    896        C35B 00                   FCB $00
    897        C35C 00                   FCB $00
    898        C35D               ERASE_DATA_HRL3_2
    899        C35D 0000                 FDB $0000
    900        C35F 0000                 FDB $0000
    901        C361 0000                 FDB $0000
    902        C363 0000                 FDB $0000
    903        C365 0000                 FDB $0000
    904        C367 0000                 FDB $0000
    905        C369 0000                 FDB $0000
    906        C36B 0000                 FDB $0000
    907        C36D 0000                 FDB $0000
    908        C36F 0000                 FDB $0000
    909        C371 0000                 FDB $0000
    910        C373 0000                 FDB $0000
    911        C375 0000                 FDB $0000
    912        C377 0000                 FDB $0000
    913        C379 0000                 FDB $0000
    914        C37B 0000                 FDB $0000
    915        C37D 0000                 FDB $0000
    916        C37F 0000                 FDB $0000
    917        C381 0000                 FDB $0000
    918        C383 0000                 FDB $0000
    919        C385 0000                 FDB $0000
    920        C387 0000                 FDB $0000
    921        C389 0000                 FDB $0000
    922        C38B 0000                 FDB $0000
    923        C38D 0000                 FDB $0000
    924        C38F 0000                 FDB $0000
    925        C391 0000                 FDB $0000
    926        C393 0000                 FDB $0000
    927        C395 0000                 FDB $0000
    928        C397 0000                 FDB $0000
    929        C399 0000                 FDB $0000
    930        C39B 0000                 FDB $0000
    931        C39D 0000                 FDB $0000
    932        C39F 0000                 FDB $0000
    933        C3A1 0000                 FDB $0000
    934        C3A3 0000                 FDB $0000
    935        C3A5 0000                 FDB $0000
    936        C3A7 0000                 FDB $0000
    937        C3A9 0000                 FDB $0000
    938        C3AB 0000                 FDB $0000
    939        C3AD 0000                 FDB $0000
    940        C3AF 0000                 FDB $0000
    941        C3B1 0000                 FDB $0000
    942        C3B3 0000                 FDB $0000
    943        C3B5 0000                 FDB $0000
    944        C3B7 0000                 FDB $0000
    945        C3B9 0000                 FDB $0000
    946        C3BB 0000                 FDB $0000
    947        C3BD 0000                 FDB $0000
    948        C3BF 0000                 FDB $0000
    949        C3C1 0000                 FDB $0000
    950        C3C3 0000                 FDB $0000
    951        C3C5 0000                 FDB $0000
    952        C3C7 0000                 FDB $0000
    953        C3C9 0000                 FDB $0000
    954        C3CB 00                   FCB $00
    955        C3CC               ERASE_DATA_HRL3_END

000000 Total Errors

000011 Total Symbols
     0x          Label BC66 DRAW_HRL3
     0x          Label C122 ERASE_CODE_HRL3_1
     0x          Label C219 ERASE_CODE_HRL3_2
     1x          Label C2F9 ERASE_DATA_HRL3_1
     2x          Label C35D ERASE_DATA_HRL3_2
     1x          Label C3CC ERASE_DATA_HRL3_END
     0x          Label C115 ERASE_HRL3
     1x          Label C11B ERASE_POS_HRL3_1
     1x          Label C212 ERASE_POS_HRL3_2
     1x          Label C2F3 ERASE_SSAV_HRL3
     1x          Label C10F SSAV_HRL3

