/*--------------------------------------------------------------*
 * Compilé avec C6809 v0.83                                     *
 *--------------------------------------------------------------*
 * Fichier source      : tmp/HRL7.ASM
 * Fichier destination : tmp/HRL7.BIN
 * Contenu :
 *     Main     0:IMG.ASM      10345
 *--------------------------------------------------------------*/

Macro Pass
Pass1
Pass2
      2        D8AC                      ORG $D8AC
      3        D8AC               DRAW_HRL7
      4  5+3   D8AC 34   48              PSHS U,DP
      5  7     D8AE 10FF DD3A            STS SSAV_HRL7+2
      6
      7  7     D8B2 10FE 9F00            LDS $9F00
      8  7     D8B6 10FF DD46            STS ERASE_POS_HRL7_1+2
      9  3     D8BA CE   DF7F            LDU #ERASE_DATA_HRL7_2
     10  4+4   D8BD 32   E9 025B         LEAS 603,S
     11  5+1   D8C1 EC   E8 AF           LDD -81,S
     12  5+2   D8C4 36   06              PSHU D
     13  2     D8C6 84   F0              ANDA #$F0
     14  2     D8C8 8A   0A              ORA #$0a
     15  2     D8CA C6   AC              LDB #$ac
     16  5+1   D8CC ED   E8 AF           STD -81,S
     17
     18  4+1   D8CF A6   E8 B1           LDA -79,S
     19  5+1   D8D2 36   02              PSHU A
     20  2     D8D4 84   0F              ANDA #$0F
     21  2     D8D6 8A   C0              ORA #$c0
     22  4+1   D8D8 A7   E8 B1           STA -79,S
     23
     24  5+1   D8DB EC   E8 4F           LDD 79,S
     25  5+2   D8DE 36   06              PSHU D
     26  2     D8E0 86   32              LDA #$32
     27  2     D8E2 C4   0F              ANDB #$0F
     28  2     D8E4 CA   D0              ORB #$d0
     29  5+1   D8E6 ED   E8 4F           STD 79,S
     30
     31  4+1   D8E9 A6   E8 88           LDA -120,S
     32  5+1   D8EC 36   02              PSHU A
     33
     34  5+1   D8EE EC   E8 D7           LDD -41,S
     35  5+2   D8F1 36   06              PSHU D
     36
     37  5+1   D8F3 EC   7F              LDD -1,S
     38  5+2   D8F5 36   06              PSHU D
     39
     40  5+1   D8F7 EC   E8 27           LDD 39,S
     41  5+2   D8FA 36   06              PSHU D
     42
     43  5+1   D8FC EC   E8 77           LDD 119,S
     44  5+4   D8FF 36   46              PSHU D,S
     45
     46  2     D901 86   AA              LDA #$aa
     47  4+1   D903 A7   E8 88           STA -120,S
     48
     49  3     D906 CC   D2DD            LDD #$d2dd
     50  5+1   D909 ED   7F              STD -1,S
     51
     52  2     D90B 86   32              LDA #$32
     53  5+1   D90D ED   E8 27           STD 39,S
     54
     55  3     D910 CC   DDCC            LDD #$ddcc
     56  5+1   D913 ED   E8 D7           STD -41,S
     57
     58  2     D916 86   A2              LDA #$a2
     59  5+1   D918 ED   E8 77           STD 119,S
     60
     61  4+4   D91B 32   E9 0118         LEAS 280,S
     62  5+1   D91F EC   E8 AE           LDD -82,S
     63  5+2   D922 36   06              PSHU D
     64  2     D924 84   F0              ANDA #$F0
     65  2     D926 8A   0C              ORA #$0c
     66  2     D928 C6   CA              LDB #$ca
     67  5+1   D92A ED   E8 AE           STD -82,S
     68
     69  5+1   D92D EC   E8 B0           LDD -80,S
     70  5+2   D930 36   06              PSHU D
     71  2     D932 86   CC              LDA #$cc
     72  2     D934 C4   0F              ANDB #$0F
     73  2     D936 CA   C0              ORB #$c0
     74  5+1   D938 ED   E8 B0           STD -80,S
     75
     76  5+1   D93B EC   E8 D6           LDD -42,S
     77  5+2   D93E 36   06              PSHU D
     78  2     D940 84   F0              ANDA #$F0
     79  2     D942 8A   0A              ORA #$0a
     80  2     D944 C6   CA              LDB #$ca
     81  5+1   D946 ED   E8 D6           STD -42,S
     82
     83  5+1   D949 EC   E8 D8           LDD -40,S
     84  5+2   D94C 36   06              PSHU D
     85  2     D94E 86   CC              LDA #$cc
     86  2     D950 C4   0F              ANDB #$0F
     87  2     D952 CA   C0              ORB #$c0
     88  5+1   D954 ED   E8 D8           STD -40,S
     89
     90  5+1   D957 EC   7E              LDD -2,S
     91  5+2   D959 36   06              PSHU D
     92  2     D95B 84   F0              ANDA #$F0
     93  2     D95D 8A   0C              ORA #$0c
     94  2     D95F C6   AA              LDB #$aa
     95  5+1   D961 ED   7E              STD -2,S
     96
     97  5+1   D963 EC   E8 26           LDD 38,S
     98  5+2   D966 36   06              PSHU D
     99  2     D968 84   F0              ANDA #$F0
    100  2     D96A 8A   0C              ORA #$0c
    101  2     D96C C6   AA              LDB #$aa
    102  5+1   D96E ED   E8 26           STD 38,S
    103
    104  5+1   D971 EC   E8 76           LDD 118,S
    105  5+2   D974 36   06              PSHU D
    106  2     D976 84   F0              ANDA #$F0
    107  2     D978 8A   0A              ORA #$0a
    108  2     D97A C6   AC              LDB #$ac
    109  5+1   D97C ED   E8 76           STD 118,S
    110
    111  5+1   D97F EC   E8 87           LDD -121,S
    112  5+2   D982 36   06              PSHU D
    113
    114  5+0   D984 EC   E4              LDD ,S
    115  5+2   D986 36   06              PSHU D
    116
    117  4+1   D988 A6   E8 28           LDA 40,S
    118  5+1   D98B 36   02              PSHU A
    119
    120  5+1   D98D EC   E8 4F           LDD 79,S
    121  5+2   D990 36   06              PSHU D
    122
    123  4+1   D992 A6   E8 78           LDA 120,S
    124  5+3   D995 36   42              PSHU A,S
    125
    126  3     D997 CC   CCDD            LDD #$ccdd
    127  5+0   D99A ED   E4              STD ,S
    128
    129  3     D99C CC   AACC            LDD #$aacc
    130  5+1   D99F ED   E8 87           STD -121,S
    131
    132  2     D9A2 C6   CD              LDB #$cd
    133  5+1   D9A4 ED   E8 4F           STD 79,S
    134
    135  4+1   D9A7 E7   E8 28           STB 40,S
    136
    137  4+1   D9AA E7   E8 78           STB 120,S
    138
    139  4+4   D9AD 32   E9 009F         LEAS 159,S
    140  5+1   D9B1 EC   7F              LDD -1,S
    141  5+2   D9B3 36   06              PSHU D
    142  2     D9B5 84   F0              ANDA #$F0
    143  2     D9B7 8A   09              ORA #$09
    144  2     D9B9 C6   C2              LDB #$c2
    145  5+1   D9BB ED   7F              STD -1,S
    146
    147  4+1   D9BD A6   61              LDA 1,S
    148  5+3   D9BF 36   42              PSHU A,S
    149
    150  2     D9C1 86   CC              LDA #$cc
    151  4+1   D9C3 A7   61              STA 1,S
    152
    153  4+4   D9C5 32   E9 00A0         LEAS 160,S
    154  5+1   D9C9 EC   E8 87           LDD -121,S
    155  5+2   D9CC 36   06              PSHU D
    156  2     D9CE 84   F0              ANDA #$F0
    157  2     D9D0 8A   00              ORA #$00
    158  2     D9D2 C6   B2              LDB #$b2
    159  5+1   D9D4 ED   E8 87           STD -121,S
    160
    161  4+1   D9D7 A6   E8 B2           LDA -78,S
    162  5+1   D9DA 36   02              PSHU A
    163  2     D9DC 84   0F              ANDA #$0F
    164  2     D9DE 8A   C0              ORA #$c0
    165  4+1   D9E0 A7   E8 B2           STA -78,S
    166
    167  4+1   D9E3 A6   E8 DA           LDA -38,S
    168  5+1   D9E6 36   02              PSHU A
    169  2     D9E8 84   0F              ANDA #$0F
    170  2     D9EA 8A   D0              ORA #$d0
    171  4+1   D9EC A7   E8 DA           STA -38,S
    172
    173  5+1   D9EF EC   E8 28           LDD 40,S
    174  5+2   D9F2 36   06              PSHU D
    175  2     D9F4 84   F0              ANDA #$F0
    176  2     D9F6 8A   0D              ORA #$0d
    177  2     D9F8 C6   AA              LDB #$aa
    178  5+1   D9FA ED   E8 28           STD 40,S
    179
    180  4+1   D9FD A6   E8 89           LDA -119,S
    181  5+1   DA00 36   02              PSHU A
    182
    183  5+1   DA02 EC   E8 B0           LDD -80,S
    184  5+2   DA05 36   06              PSHU D
    185
    186  5+1   DA07 EC   E8 D8           LDD -40,S
    187  5+2   DA0A 36   06              PSHU D
    188
    189  4+1   DA0C A6   E8 2A           LDA 42,S
    190  5+1   DA0F 36   02              PSHU A
    191
    192  3     DA11 CC   22DD            LDD #$22dd
    193  5+1   DA14 ED   E8 B0           STD -80,S
    194
    195  4+1   DA17 E7   E8 89           STB -119,S
    196
    197  2     DA1A C6   CD              LDB #$cd
    198  5+1   DA1C ED   E8 D8           STD -40,S
    199
    200  2     DA1F 86   99              LDA #$99
    201  4+1   DA21 A7   E8 2A           STA 42,S
    202
    203  5+3   DA24 35   12              PULS A,X
    204  5+5   DA26 36   52              PSHU A,X,S
    205  2     DA28 86   31              LDA #$31
    206  3     DA2A 8E   DDAA            LDX #$ddaa
    207  5+3   DA2D 34   12              PSHS A,X
    208
    209  4+1   DA2F 32   E8 50           LEAS 80,S
    210  5+3   DA32 35   12              PULS A,X
    211  5+5   DA34 36   52              PSHU A,X,S
    212  2     DA36 86   BA              LDA #$ba
    213  3     DA38 8E   FF99            LDX #$ff99
    214  5+3   DA3B 34   12              PSHS A,X
    215
    216  4+1   DA3D 32   E8 28           LEAS 40,S
    217  5+3   DA40 35   12              PULS A,X
    218  5+5   DA42 36   52              PSHU A,X,S
    219  2     DA44 86   AF              LDA #$af
    220  3     DA46 8E   BF09            LDX #$bf09
    221  5+3   DA49 34   12              PSHS A,X
    222
    223  4+1   DA4B 32   E8 28           LEAS 40,S
    224  5+3   DA4E 35   12              PULS A,X
    225  5+5   DA50 36   52              PSHU A,X,S
    226  2     DA52 86   A2              LDA #$a2
    227  3     DA54 8E   A19A            LDX #$a19a
    228  5+3   DA57 34   12              PSHS A,X
    229
    230  4+1   DA59 32   E8 28           LEAS 40,S
    231  5+3   DA5C 35   12              PULS A,X
    232  5+5   DA5E 36   52              PSHU A,X,S
    233  2     DA60 86   FF              LDA #$ff
    234  3     DA62 8E   9009            LDX #$9009
    235  5+3   DA65 34   12              PSHS A,X
    236
    237  4+1   DA67 32   E8 28           LEAS 40,S
    238  4+1   DA6A A6   E8 51           LDA 81,S
    239  5+1   DA6D 36   02              PSHU A
    240  2     DA6F 84   0F              ANDA #$0F
    241  2     DA71 8A   00              ORA #$00
    242  4+1   DA73 A7   E8 51           STA 81,S
    243
    244  5+1   DA76 EC   E8 28           LDD 40,S
    245  5+2   DA79 36   06              PSHU D
    246
    247  3     DA7B CC   19D0            LDD #$19d0
    248  5+1   DA7E ED   E8 28           STD 40,S
    249
    250  5+3   DA81 35   12              PULS A,X
    251  5+5   DA83 36   52              PSHU A,X,S
    252  2     DA85 86   F1              LDA #$f1
    253  3     DA87 8E   1E9A            LDX #$1e9a
    254  5+3   DA8A 34   12              PSHS A,X
    255
    256  4+4   DA8C 32   E9 011A         LEAS 282,S
    257  4+1   DA90 A6   E8 87           LDA -121,S
    258  5+1   DA93 36   02              PSHU A
    259  2     DA95 84   0F              ANDA #$0F
    260  2     DA97 8A   D0              ORA #$d0
    261  4+1   DA99 A7   E8 87           STA -121,S
    262
    263  5+1   DA9C EC   E8 4F           LDD 79,S
    264  5+2   DA9F 36   06              PSHU D
    265  2     DAA1 86   AA              LDA #$aa
    266  2     DAA3 C4   0F              ANDB #$0F
    267  2     DAA5 CA   00              ORB #$00
    268  5+1   DAA7 ED   E8 4F           STD 79,S
    269
    270  4+1   DAAA A6   E8 78           LDA 120,S
    271  5+1   DAAD 36   02              PSHU A
    272  2     DAAF 84   0F              ANDA #$0F
    273  2     DAB1 8A   E0              ORA #$e0
    274  4+1   DAB3 A7   E8 78           STA 120,S
    275
    276  4+1   DAB6 A6   E8 AF           LDA -81,S
    277  5+1   DAB9 36   02              PSHU A
    278
    279  4+1   DABB A6   E8 D7           LDA -41,S
    280  5+1   DABE 36   02              PSHU A
    281
    282  4+1   DAC0 A6   7F              LDA -1,S
    283  5+1   DAC2 36   02              PSHU A
    284
    285  4+1   DAC4 A6   E8 27           LDA 39,S
    286  5+1   DAC7 36   02              PSHU A
    287
    288  5+1   DAC9 EC   E8 76           LDD 118,S
    289  5+4   DACC 36   46              PSHU D,S
    290
    291  2     DACE 86   9A              LDA #$9a
    292  4+1   DAD0 A7   E8 D7           STA -41,S
    293
    294  2     DAD3 86   D9              LDA #$d9
    295  4+1   DAD5 A7   E8 AF           STA -81,S
    296
    297  2     DAD8 86   AA              LDA #$aa
    298  4+1   DADA A7   7F              STA -1,S
    299
    300  2     DADC 86   A1              LDA #$a1
    301  4+1   DADE A7   E8 27           STA 39,S
    302
    303  3     DAE1 CC   F119            LDD #$f119
    304  5+1   DAE4 ED   E8 76           STD 118,S
    305
    306  4+4   DAE7 32   E9 009F         LEAS 159,S
    307  4+1   DAEB A6   61              LDA 1,S
    308  5+1   DAED 36   02              PSHU A
    309  2     DAEF 84   0F              ANDA #$0F
    310  2     DAF1 8A   00              ORA #$00
    311  4+1   DAF3 A7   61              STA 1,S
    312
    313  5+1   DAF5 EC   7F              LDD -1,S
    314  5+4   DAF7 36   46              PSHU D,S
    315
    316  3     DAF9 CC   1E00            LDD #$1e00
    317  5+1   DAFC ED   7F              STD -1,S
    318
    319
    320  7     DAFE 10FE 9F02            LDS $9F00+2
    321  7     DB02 10FF DE2F            STS ERASE_POS_HRL7_2+2
    322  3     DB06 CE   DFEB            LDU #ERASE_DATA_HRL7_END
    323
    324  4+4   DB09 32   E9 021F         LEAS 543,S
    325  5+1   DB0D EC   E8 12           LDD 18,S
    326  5+2   DB10 36   06              PSHU D
    327  2     DB12 84   F0              ANDA #$F0
    328  2     DB14 8A   0D              ORA #$0d
    329  2     DB16 C6   AC              LDB #$ac
    330  5+1   DB18 ED   E8 12           STD 18,S
    331
    332  5+1   DB1B EC   E8 3A           LDD 58,S
    333  5+2   DB1E 36   06              PSHU D
    334  2     DB20 84   F0              ANDA #$F0
    335  2     DB22 8A   0A              ORA #$0a
    336  2     DB24 C6   CC              LDB #$cc
    337  5+1   DB26 ED   E8 3A           STD 58,S
    338
    339  4+1   DB29 A6   E8 3C           LDA 60,S
    340  5+1   DB2C 36   02              PSHU A
    341  2     DB2E 84   0F              ANDA #$0F
    342  2     DB30 8A   D0              ORA #$d0
    343  4+1   DB32 A7   E8 3C           STA 60,S
    344
    345  4+1   DB35 A6   E8 C3           LDA -61,S
    346  5+1   DB38 36   02              PSHU A
    347
    348  5+1   DB3A EC   E8 EB           LDD -21,S
    349  5+2   DB3D 36   06              PSHU D
    350
    351  4+1   DB3F A6   E8 14           LDA 20,S
    352  5+3   DB42 36   42              PSHU A,S
    353
    354  3     DB44 CC   AACC            LDD #$aacc
    355  5+1   DB47 ED   E8 EB           STD -21,S
    356
    357  4+1   DB4A A7   E8 C3           STA -61,S
    358
    359  2     DB4D 86   DD              LDA #$dd
    360  4+1   DB4F A7   E8 14           STA 20,S
    361
    362  4+4   DB52 32   E9 00DA         LEAS 218,S
    363  5+1   DB56 EC   E8 88           LDD -120,S
    364  5+2   DB59 36   06              PSHU D
    365
    366  5+1   DB5B EC   E8 B0           LDD -80,S
    367  5+2   DB5E 36   06              PSHU D
    368
    369  5+1   DB60 EC   E8 D8           LDD -40,S
    370  5+2   DB63 36   06              PSHU D
    371
    372  3     DB65 CC   AADC            LDD #$aadc
    373  5+1   DB68 ED   E8 B0           STD -80,S
    374
    375  5+1   DB6B ED   E8 88           STD -120,S
    376
    377  5+1   DB6E ED   E8 D8           STD -40,S
    378
    379  5+3   DB71 35   12              PULS A,X
    380  5+5   DB73 36   52              PSHU A,X,S
    381  2     DB75 86   AD              LDA #$ad
    382  3     DB77 8E   DCCC            LDX #$dccc
    383  5+3   DB7A 34   12              PSHS A,X
    384
    385  4+1   DB7C 32   E8 28           LEAS 40,S
    386  5+3   DB7F 35   12              PULS A,X
    387  5+5   DB81 36   52              PSHU A,X,S
    388  2     DB83 86   AB              LDA #$ab
    389  3     DB85 8E   ACCC            LDX #$accc
    390  5+3   DB88 34   12              PSHS A,X
    391
    392  4+1   DB8A 32   E8 28           LEAS 40,S
    393  5+3   DB8D 35   12              PULS A,X
    394  5+5   DB8F 36   52              PSHU A,X,S
    395  2     DB91 86   CB              LDA #$cb
    396  3     DB93 8E   BCDD            LDX #$bcdd
    397  5+3   DB96 34   12              PSHS A,X
    398
    399  4+1   DB98 32   E8 28           LEAS 40,S
    400  5+3   DB9B 35   12              PULS A,X
    401  5+5   DB9D 36   52              PSHU A,X,S
    402  2     DB9F 86   0B              LDA #$0b
    403  3     DBA1 8E   ACDD            LDX #$acdd
    404  5+3   DBA4 34   12              PSHS A,X
    405
    406  4+1   DBA6 32   E8 28           LEAS 40,S
    407  4+1   DBA9 A6   E8 2A           LDA 42,S
    408  5+1   DBAC 36   02              PSHU A
    409  2     DBAE 84   0F              ANDA #$0F
    410  2     DBB0 8A   D0              ORA #$d0
    411  4+1   DBB2 A7   E8 2A           STA 42,S
    412
    413  4+1   DBB5 A6   E8 7A           LDA 122,S
    414  5+1   DBB8 36   02              PSHU A
    415  2     DBBA 84   0F              ANDA #$0F
    416  2     DBBC 8A   C0              ORA #$c0
    417  4+1   DBBE A7   E8 7A           STA 122,S
    418
    419  5+1   DBC1 EC   E8 28           LDD 40,S
    420  5+2   DBC4 36   06              PSHU D
    421
    422  5+1   DBC6 EC   E8 50           LDD 80,S
    423  5+2   DBC9 36   06              PSHU D
    424
    425  5+1   DBCB EC   E8 78           LDD 120,S
    426  5+2   DBCE 36   06              PSHU D
    427
    428  3     DBD0 CC   2BCC            LDD #$2bcc
    429  5+1   DBD3 ED   E8 78           STD 120,S
    430
    431  2     DBD6 86   9B              LDA #$9b
    432  5+1   DBD8 ED   E8 50           STD 80,S
    433
    434  2     DBDB C6   AC              LDB #$ac
    435  5+1   DBDD ED   E8 28           STD 40,S
    436
    437  5+3   DBE0 35   12              PULS A,X
    438  5+5   DBE2 36   52              PSHU A,X,S
    439  2     DBE4 86   AB              LDA #$ab
    440  3     DBE6 8E   ACDD            LDX #$acdd
    441  5+3   DBE9 34   12              PSHS A,X
    442
    443  4+4   DBEB 32   E9 00A0         LEAS 160,S
    444  5+3   DBEF 35   12              PULS A,X
    445  5+5   DBF1 36   52              PSHU A,X,S
    446  2     DBF3 86   22              LDA #$22
    447  3     DBF5 8E   3CCC            LDX #$3ccc
    448  5+3   DBF8 34   12              PSHS A,X
    449
    450  4+1   DBFA 32   E8 28           LEAS 40,S
    451  5+3   DBFD 35   12              PULS A,X
    452  5+5   DBFF 36   52              PSHU A,X,S
    453  2     DC01 86   22              LDA #$22
    454  3     DC03 8E   3DDD            LDX #$3ddd
    455  5+3   DC06 34   12              PSHS A,X
    456
    457  4+1   DC08 32   E8 28           LEAS 40,S
    458  5+1   DC0B EC   E8 28           LDD 40,S
    459  5+2   DC0E 36   06              PSHU D
    460  2     DC10 84   F0              ANDA #$F0
    461  2     DC12 8A   03              ORA #$03
    462  2     DC14 C6   D0              LDB #$d0
    463  5+1   DC16 ED   E8 28           STD 40,S
    464
    465  4+1   DC19 A6   E8 7B           LDA 123,S
    466  5+1   DC1C 36   02              PSHU A
    467  2     DC1E 84   0F              ANDA #$0F
    468  2     DC20 8A   A0              ORA #$a0
    469  4+1   DC22 A7   E8 7B           STA 123,S
    470
    471  4+1   DC25 A6   E8 2A           LDA 42,S
    472  5+1   DC28 36   02              PSHU A
    473
    474  5+1   DC2A EC   E8 51           LDD 81,S
    475  5+2   DC2D 36   06              PSHU D
    476
    477  5+1   DC2F EC   E8 79           LDD 121,S
    478  5+2   DC32 36   06              PSHU D
    479
    480  3     DC34 CC   01EA            LDD #$01ea
    481  5+1   DC37 ED   E8 51           STD 81,S
    482
    483  2     DC3A 86   DD              LDA #$dd
    484  4+1   DC3C A7   E8 2A           STA 42,S
    485
    486  3     DC3F CC   FB09            LDD #$fb09
    487  5+1   DC42 ED   E8 79           STD 121,S
    488
    489  5+3   DC45 35   12              PULS A,X
    490  5+5   DC47 36   52              PSHU A,X,S
    491  2     DC49 86   12              LDA #$12
    492  3     DC4B 8E   DDDD            LDX #$dddd
    493  5+3   DC4E 34   12              PSHS A,X
    494
    495  4+4   DC50 32   E9 0119         LEAS 281,S
    496  5+1   DC54 EC   E8 87           LDD -121,S
    497  5+2   DC57 36   06              PSHU D
    498  2     DC59 84   F0              ANDA #$F0
    499  2     DC5B 8A   0B              ORA #$0b
    500  2     DC5D C6   FB              LDB #$fb
    501  5+1   DC5F ED   E8 87           STD -121,S
    502
    503  5+1   DC62 EC   E8 89           LDD -119,S
    504  5+2   DC65 36   06              PSHU D
    505  2     DC67 86   E9              LDA #$e9
    506  2     DC69 C4   0F              ANDB #$0F
    507  2     DC6B CA   A0              ORB #$a0
    508  5+1   DC6D ED   E8 89           STD -119,S
    509
    510  5+1   DC70 EC   E8 AF           LDD -81,S
    511  5+2   DC73 36   06              PSHU D
    512  2     DC75 84   F0              ANDA #$F0
    513  2     DC77 8A   0A              ORA #$0a
    514  2     DC79 C6   FA              LDB #$fa
    515  5+1   DC7B ED   E8 AF           STD -81,S
    516
    517  5+1   DC7E EC   E8 B1           LDD -79,S
    518  5+2   DC81 36   06              PSHU D
    519  2     DC83 86   E9              LDA #$e9
    520  2     DC85 C4   0F              ANDB #$0F
    521  2     DC87 CA   A0              ORB #$a0
    522  5+1   DC89 ED   E8 B1           STD -79,S
    523
    524  5+1   DC8C EC   E8 D7           LDD -41,S
    525  5+2   DC8F 36   06              PSHU D
    526  2     DC91 84   F0              ANDA #$F0
    527  2     DC93 8A   0A              ORA #$0a
    528  2     DC95 C6   11              LDB #$11
    529  5+1   DC97 ED   E8 D7           STD -41,S
    530
    531  5+1   DC9A EC   7F              LDD -1,S
    532  5+2   DC9C 36   06              PSHU D
    533  2     DC9E 84   F0              ANDA #$F0
    534  2     DCA0 8A   0A              ORA #$0a
    535  2     DCA2 C6   EE              LDB #$ee
    536  5+1   DCA4 ED   7F              STD -1,S
    537
    538  4+1   DCA6 A6   E8 50           LDA 80,S
    539  5+1   DCA9 36   02              PSHU A
    540  2     DCAB 84   F0              ANDA #$F0
    541  2     DCAD 8A   0D              ORA #$0d
    542  4+1   DCAF A7   E8 50           STA 80,S
    543
    544  4+1   DCB2 A6   E8 78           LDA 120,S
    545  5+1   DCB5 36   02              PSHU A
    546  2     DCB7 84   F0              ANDA #$F0
    547  2     DCB9 8A   0D              ORA #$0d
    548  4+1   DCBB A7   E8 78           STA 120,S
    549
    550  4+1   DCBE A6   E8 D9           LDA -39,S
    551  5+1   DCC1 36   02              PSHU A
    552
    553  4+1   DCC3 A6   61              LDA 1,S
    554  5+1   DCC5 36   02              PSHU A
    555
    556  4+1   DCC7 A6   E8 28           LDA 40,S
    557  5+3   DCCA 36   42              PSHU A,S
    558
    559  4+1   DCCC E7   61              STB 1,S
    560
    561  2     DCCE 86   00              LDA #$00
    562  4+1   DCD0 A7   E8 D9           STA -39,S
    563
    564  2     DCD3 86   DD              LDA #$dd
    565  4+1   DCD5 A7   E8 28           STA 40,S
    566
    567  4+4   DCD8 32   E9 0118         LEAS 280,S
    568  4+1   DCDC A6   E8 88           LDA -120,S
    569  5+1   DCDF 36   02              PSHU A
    570  2     DCE1 84   F0              ANDA #$F0
    571  2     DCE3 8A   0D              ORA #$0d
    572  4+1   DCE5 A7   E8 88           STA -120,S
    573
    574  4+1   DCE8 A6   E8 B1           LDA -79,S
    575  5+1   DCEB 36   02              PSHU A
    576  2     DCED 84   0F              ANDA #$0F
    577  2     DCEF 8A   90              ORA #$90
    578  4+1   DCF1 A7   E8 B1           STA -79,S
    579
    580  4+1   DCF4 A6   E8 D9           LDA -39,S
    581  5+1   DCF7 36   02              PSHU A
    582  2     DCF9 84   0F              ANDA #$0F
    583  2     DCFB 8A   A0              ORA #$a0
    584  4+1   DCFD A7   E8 D9           STA -39,S
    585
    586  5+1   DD00 EC   E8 28           LDD 40,S
    587  5+2   DD03 36   06              PSHU D
    588  2     DD05 84   F0              ANDA #$F0
    589  2     DD07 8A   0A              ORA #$0a
    590  2     DD09 C6   EE              LDB #$ee
    591  5+1   DD0B ED   E8 28           STD 40,S
    592
    593  4+1   DD0E A6   61              LDA 1,S
    594  5+1   DD10 36   02              PSHU A
    595
    596  5+1   DD12 EC   E8 50           LDD 80,S
    597  5+2   DD15 36   06              PSHU D
    598
    599  5+1   DD17 EC   E8 78           LDD 120,S
    600  5+4   DD1A 36   46              PSHU D,S
    601
    602  3     DD1C CC   F1EE            LDD #$f1ee
    603  5+1   DD1F ED   E8 50           STD 80,S
    604
    605  2     DD22 86   90              LDA #$90
    606  4+1   DD24 A7   61              STA 1,S
    607
    608  2     DD26 86   11              LDA #$11
    609  5+1   DD28 ED   E8 78           STD 120,S
    610
    611  4+4   DD2B 32   E9 00A0         LEAS 160,S
    612  5+0   DD2F EC   E4              LDD ,S
    613  5+4   DD31 36   46              PSHU D,S
    614
    615  3     DD33 CC   E000            LDD #$e000
    616  5+0   DD36 ED   E4              STD ,S
    617
    618        DD38               SSAV_HRL7
    619  4     DD38 10CE 0000            LDS #$0000
    620  5+5   DD3C 35   C8              PULS DP,U,PC * Ajout du PC au PULS>>
    621
    622        DD3E               ERASE_HRL7
    623  5+3   DD3E 34   48              PSHS U,DP
    624  7     DD40 10FF DF10            STS ERASE_SSAV_HRL7+2
    625
    626        DD44               ERASE_POS_HRL7_1
    627  4     DD44 10CE 0000            LDS #$0000
    628  3     DD48 CE   DF14            LDU #ERASE_DATA_HRL7_1
    629
    630        DD4B               ERASE_CODE_HRL7_1
    631  5+4   DD4B 37   46              PULU D,S
    632  5+1   DD4D ED   7F              STD -1,S
    633  5+1   DD4F 37   02              PULU A
    634  4+1   DD51 A7   61              STA 1,S
    635  5+4   DD53 37   46              PULU D,S
    636  5+1   DD55 ED   E8 76           STD 118,S
    637  5+1   DD58 37   02              PULU A
    638  4+1   DD5A A7   E8 27           STA 39,S
    639  5+1   DD5D 37   02              PULU A
    640  4+1   DD5F A7   7F              STA -1,S
    641  5+1   DD61 37   02              PULU A
    642  4+1   DD63 A7   E8 D7           STA -41,S
    643  5+1   DD66 37   02              PULU A
    644  4+1   DD68 A7   E8 AF           STA -81,S
    645  5+1   DD6B 37   02              PULU A
    646  4+1   DD6D A7   E8 78           STA 120,S
    647  5+2   DD70 37   06              PULU D
    648  5+1   DD72 ED   E8 4F           STD 79,S
    649  5+1   DD75 37   02              PULU A
    650  4+1   DD77 A7   E8 87           STA -121,S
    651  5+5   DD7A 37   52              PULU A,X,S
    652  5+3   DD7C 34   12              PSHS A,X
    653  5+2   DD7E 37   06              PULU D
    654  5+1   DD80 ED   E8 28           STD 40,S
    655  5+1   DD83 37   02              PULU A
    656  4+1   DD85 A7   E8 51           STA 81,S
    657  5+5   DD88 37   52              PULU A,X,S
    658  5+3   DD8A 34   12              PSHS A,X
    659  5+5   DD8C 37   52              PULU A,X,S
    660  5+3   DD8E 34   12              PSHS A,X
    661  5+5   DD90 37   52              PULU A,X,S
    662  5+3   DD92 34   12              PSHS A,X
    663  5+5   DD94 37   52              PULU A,X,S
    664  5+3   DD96 34   12              PSHS A,X
    665  5+5   DD98 37   52              PULU A,X,S
    666  5+3   DD9A 34   12              PSHS A,X
    667  5+1   DD9C 37   02              PULU A
    668  4+1   DD9E A7   E8 2A           STA 42,S
    669  5+2   DDA1 37   06              PULU D
    670  5+1   DDA3 ED   E8 D8           STD -40,S
    671  5+2   DDA6 37   06              PULU D
    672  5+1   DDA8 ED   E8 B0           STD -80,S
    673  5+1   DDAB 37   02              PULU A
    674  4+1   DDAD A7   E8 89           STA -119,S
    675  5+2   DDB0 37   06              PULU D
    676  5+1   DDB2 ED   E8 28           STD 40,S
    677  5+1   DDB5 37   02              PULU A
    678  4+1   DDB7 A7   E8 DA           STA -38,S
    679  5+1   DDBA 37   02              PULU A
    680  4+1   DDBC A7   E8 B2           STA -78,S
    681  5+2   DDBF 37   06              PULU D
    682  5+1   DDC1 ED   E8 87           STD -121,S
    683  5+3   DDC4 37   42              PULU A,S
    684  4+1   DDC6 A7   61              STA 1,S
    685  5+2   DDC8 37   06              PULU D
    686  5+1   DDCA ED   7F              STD -1,S
    687  5+3   DDCC 37   42              PULU A,S
    688  4+1   DDCE A7   E8 78           STA 120,S
    689  5+2   DDD1 37   06              PULU D
    690  5+1   DDD3 ED   E8 4F           STD 79,S
    691  5+1   DDD6 37   02              PULU A
    692  4+1   DDD8 A7   E8 28           STA 40,S
    693  5+2   DDDB 37   06              PULU D
    694  5+0   DDDD ED   E4              STD ,S
    695  5+2   DDDF 37   06              PULU D
    696  5+1   DDE1 ED   E8 87           STD -121,S
    697  5+2   DDE4 37   06              PULU D
    698  5+1   DDE6 ED   E8 76           STD 118,S
    699  5+2   DDE9 37   06              PULU D
    700  5+1   DDEB ED   E8 26           STD 38,S
    701  5+2   DDEE 37   06              PULU D
    702  5+1   DDF0 ED   7E              STD -2,S
    703  5+2   DDF2 37   06              PULU D
    704  5+1   DDF4 ED   E8 D8           STD -40,S
    705  5+2   DDF7 37   06              PULU D
    706  5+1   DDF9 ED   E8 D6           STD -42,S
    707  5+2   DDFC 37   06              PULU D
    708  5+1   DDFE ED   E8 B0           STD -80,S
    709  5+2   DE01 37   06              PULU D
    710  5+1   DE03 ED   E8 AE           STD -82,S
    711  5+4   DE06 37   46              PULU D,S
    712  5+1   DE08 ED   E8 77           STD 119,S
    713  5+2   DE0B 37   06              PULU D
    714  5+1   DE0D ED   E8 27           STD 39,S
    715  5+2   DE10 37   06              PULU D
    716  5+1   DE12 ED   7F              STD -1,S
    717  5+2   DE14 37   06              PULU D
    718  5+1   DE16 ED   E8 D7           STD -41,S
    719  5+1   DE19 37   02              PULU A
    720  4+1   DE1B A7   E8 88           STA -120,S
    721  5+2   DE1E 37   06              PULU D
    722  5+1   DE20 ED   E8 4F           STD 79,S
    723  5+1   DE23 37   02              PULU A
    724  4+1   DE25 A7   E8 B1           STA -79,S
    725  5+2   DE28 37   06              PULU D
    726  5+1   DE2A ED   E8 AF           STD -81,S
    727        DE2D               ERASE_POS_HRL7_2
    728  4     DE2D 10CE 0000            LDS #$0000
    729  3     DE31 CE   DF7F            LDU #ERASE_DATA_HRL7_2
    730
    731        DE34               ERASE_CODE_HRL7_2
    732  5+4   DE34 37   46              PULU D,S
    733  5+0   DE36 ED   E4              STD ,S
    734  5+4   DE38 37   46              PULU D,S
    735  5+1   DE3A ED   E8 78           STD 120,S
    736  5+2   DE3D 37   06              PULU D
    737  5+1   DE3F ED   E8 50           STD 80,S
    738  5+1   DE42 37   02              PULU A
    739  4+1   DE44 A7   61              STA 1,S
    740  5+2   DE46 37   06              PULU D
    741  5+1   DE48 ED   E8 28           STD 40,S
    742  5+1   DE4B 37   02              PULU A
    743  4+1   DE4D A7   E8 D9           STA -39,S
    744  5+1   DE50 37   02              PULU A
    745  4+1   DE52 A7   E8 B1           STA -79,S
    746  5+1   DE55 37   02              PULU A
    747  4+1   DE57 A7   E8 88           STA -120,S
    748  5+3   DE5A 37   42              PULU A,S
    749  4+1   DE5C A7   E8 28           STA 40,S
    750  5+1   DE5F 37   02              PULU A
    751  4+1   DE61 A7   61              STA 1,S
    752  5+1   DE63 37   02              PULU A
    753  4+1   DE65 A7   E8 D9           STA -39,S
    754  5+1   DE68 37   02              PULU A
    755  4+1   DE6A A7   E8 78           STA 120,S
    756  5+1   DE6D 37   02              PULU A
    757  4+1   DE6F A7   E8 50           STA 80,S
    758  5+2   DE72 37   06              PULU D
    759  5+1   DE74 ED   7F              STD -1,S
    760  5+2   DE76 37   06              PULU D
    761  5+1   DE78 ED   E8 D7           STD -41,S
    762  5+2   DE7B 37   06              PULU D
    763  5+1   DE7D ED   E8 B1           STD -79,S
    764  5+2   DE80 37   06              PULU D
    765  5+1   DE82 ED   E8 AF           STD -81,S
    766  5+2   DE85 37   06              PULU D
    767  5+1   DE87 ED   E8 89           STD -119,S
    768  5+2   DE8A 37   06              PULU D
    769  5+1   DE8C ED   E8 87           STD -121,S
    770  5+5   DE8F 37   52              PULU A,X,S
    771  5+3   DE91 34   12              PSHS A,X
    772  5+2   DE93 37   06              PULU D
    773  5+1   DE95 ED   E8 79           STD 121,S
    774  5+2   DE98 37   06              PULU D
    775  5+1   DE9A ED   E8 51           STD 81,S
    776  5+1   DE9D 37   02              PULU A
    777  4+1   DE9F A7   E8 2A           STA 42,S
    778  5+1   DEA2 37   02              PULU A
    779  4+1   DEA4 A7   E8 7B           STA 123,S
    780  5+2   DEA7 37   06              PULU D
    781  5+1   DEA9 ED   E8 28           STD 40,S
    782  5+5   DEAC 37   52              PULU A,X,S
    783  5+3   DEAE 34   12              PSHS A,X
    784  5+5   DEB0 37   52              PULU A,X,S
    785  5+3   DEB2 34   12              PSHS A,X
    786  5+5   DEB4 37   52              PULU A,X,S
    787  5+3   DEB6 34   12              PSHS A,X
    788  5+2   DEB8 37   06              PULU D
    789  5+1   DEBA ED   E8 78           STD 120,S
    790  5+2   DEBD 37   06              PULU D
    791  5+1   DEBF ED   E8 50           STD 80,S
    792  5+2   DEC2 37   06              PULU D
    793  5+1   DEC4 ED   E8 28           STD 40,S
    794  5+1   DEC7 37   02              PULU A
    795  4+1   DEC9 A7   E8 7A           STA 122,S
    796  5+1   DECC 37   02              PULU A
    797  4+1   DECE A7   E8 2A           STA 42,S
    798  5+5   DED1 37   52              PULU A,X,S
    799  5+3   DED3 34   12              PSHS A,X
    800  5+5   DED5 37   52              PULU A,X,S
    801  5+3   DED7 34   12              PSHS A,X
    802  5+5   DED9 37   52              PULU A,X,S
    803  5+3   DEDB 34   12              PSHS A,X
    804  5+5   DEDD 37   52              PULU A,X,S
    805  5+3   DEDF 34   12              PSHS A,X
    806  5+2   DEE1 37   06              PULU D
    807  5+1   DEE3 ED   E8 D8           STD -40,S
    808  5+2   DEE6 37   06              PULU D
    809  5+1   DEE8 ED   E8 B0           STD -80,S
    810  5+2   DEEB 37   06              PULU D
    811  5+1   DEED ED   E8 88           STD -120,S
    812  5+3   DEF0 37   42              PULU A,S
    813  4+1   DEF2 A7   E8 14           STA 20,S
    814  5+2   DEF5 37   06              PULU D
    815  5+1   DEF7 ED   E8 EB           STD -21,S
    816  5+1   DEFA 37   02              PULU A
    817  4+1   DEFC A7   E8 C3           STA -61,S
    818  5+1   DEFF 37   02              PULU A
    819  4+1   DF01 A7   E8 3C           STA 60,S
    820  5+2   DF04 37   06              PULU D
    821  5+1   DF06 ED   E8 3A           STD 58,S
    822  5+2   DF09 37   06              PULU D
    823  5+1   DF0B ED   E8 12           STD 18,S
    824        DF0E               ERASE_SSAV_HRL7
    825  4     DF0E 10CE 0000            LDS #$0000
    826  5+5   DF12 35   C8              PULS DP,U,PC * Ajout du PC au PULS>>
    827
    828        DF14               ERASE_DATA_HRL7_1
    829        DF14 0000                 FDB $0000
    830        DF16 0000                 FDB $0000
    831        DF18 0000                 FDB $0000
    832        DF1A 0000                 FDB $0000
    833        DF1C 0000                 FDB $0000
    834        DF1E 0000                 FDB $0000
    835        DF20 0000                 FDB $0000
    836        DF22 0000                 FDB $0000
    837        DF24 0000                 FDB $0000
    838        DF26 0000                 FDB $0000
    839        DF28 0000                 FDB $0000
    840        DF2A 0000                 FDB $0000
    841        DF2C 0000                 FDB $0000
    842        DF2E 0000                 FDB $0000
    843        DF30 0000                 FDB $0000
    844        DF32 0000                 FDB $0000
    845        DF34 0000                 FDB $0000
    846        DF36 0000                 FDB $0000
    847        DF38 0000                 FDB $0000
    848        DF3A 0000                 FDB $0000
    849        DF3C 0000                 FDB $0000
    850        DF3E 0000                 FDB $0000
    851        DF40 0000                 FDB $0000
    852        DF42 0000                 FDB $0000
    853        DF44 0000                 FDB $0000
    854        DF46 0000                 FDB $0000
    855        DF48 0000                 FDB $0000
    856        DF4A 0000                 FDB $0000
    857        DF4C 0000                 FDB $0000
    858        DF4E 0000                 FDB $0000
    859        DF50 0000                 FDB $0000
    860        DF52 0000                 FDB $0000
    861        DF54 0000                 FDB $0000
    862        DF56 0000                 FDB $0000
    863        DF58 0000                 FDB $0000
    864        DF5A 0000                 FDB $0000
    865        DF5C 0000                 FDB $0000
    866        DF5E 0000                 FDB $0000
    867        DF60 0000                 FDB $0000
    868        DF62 0000                 FDB $0000
    869        DF64 0000                 FDB $0000
    870        DF66 0000                 FDB $0000
    871        DF68 0000                 FDB $0000
    872        DF6A 0000                 FDB $0000
    873        DF6C 0000                 FDB $0000
    874        DF6E 0000                 FDB $0000
    875        DF70 0000                 FDB $0000
    876        DF72 0000                 FDB $0000
    877        DF74 0000                 FDB $0000
    878        DF76 0000                 FDB $0000
    879        DF78 0000                 FDB $0000
    880        DF7A 0000                 FDB $0000
    881        DF7C 0000                 FDB $0000
    882        DF7E 00                   FCB $00
    883        DF7F               ERASE_DATA_HRL7_2
    884        DF7F 0000                 FDB $0000
    885        DF81 0000                 FDB $0000
    886        DF83 0000                 FDB $0000
    887        DF85 0000                 FDB $0000
    888        DF87 0000                 FDB $0000
    889        DF89 0000                 FDB $0000
    890        DF8B 0000                 FDB $0000
    891        DF8D 0000                 FDB $0000
    892        DF8F 0000                 FDB $0000
    893        DF91 0000                 FDB $0000
    894        DF93 0000                 FDB $0000
    895        DF95 0000                 FDB $0000
    896        DF97 0000                 FDB $0000
    897        DF99 0000                 FDB $0000
    898        DF9B 0000                 FDB $0000
    899        DF9D 0000                 FDB $0000
    900        DF9F 0000                 FDB $0000
    901        DFA1 0000                 FDB $0000
    902        DFA3 0000                 FDB $0000
    903        DFA5 0000                 FDB $0000
    904        DFA7 0000                 FDB $0000
    905        DFA9 0000                 FDB $0000
    906        DFAB 0000                 FDB $0000
    907        DFAD 0000                 FDB $0000
    908        DFAF 0000                 FDB $0000
    909        DFB1 0000                 FDB $0000
    910        DFB3 0000                 FDB $0000
    911        DFB5 0000                 FDB $0000
    912        DFB7 0000                 FDB $0000
    913        DFB9 0000                 FDB $0000
    914        DFBB 0000                 FDB $0000
    915        DFBD 0000                 FDB $0000
    916        DFBF 0000                 FDB $0000
    917        DFC1 0000                 FDB $0000
    918        DFC3 0000                 FDB $0000
    919        DFC5 0000                 FDB $0000
    920        DFC7 0000                 FDB $0000
    921        DFC9 0000                 FDB $0000
    922        DFCB 0000                 FDB $0000
    923        DFCD 0000                 FDB $0000
    924        DFCF 0000                 FDB $0000
    925        DFD1 0000                 FDB $0000
    926        DFD3 0000                 FDB $0000
    927        DFD5 0000                 FDB $0000
    928        DFD7 0000                 FDB $0000
    929        DFD9 0000                 FDB $0000
    930        DFDB 0000                 FDB $0000
    931        DFDD 0000                 FDB $0000
    932        DFDF 0000                 FDB $0000
    933        DFE1 0000                 FDB $0000
    934        DFE3 0000                 FDB $0000
    935        DFE5 0000                 FDB $0000
    936        DFE7 0000                 FDB $0000
    937        DFE9 00                   FCB $00
    938        DFEA 00                   FCB $00
    939        DFEB               ERASE_DATA_HRL7_END

000000 Total Errors

000011 Total Symbols
     0x          Label D8AC DRAW_HRL7
     0x          Label DD4B ERASE_CODE_HRL7_1
     0x          Label DE34 ERASE_CODE_HRL7_2
     1x          Label DF14 ERASE_DATA_HRL7_1
     2x          Label DF7F ERASE_DATA_HRL7_2
     1x          Label DFEB ERASE_DATA_HRL7_END
     0x          Label DD3E ERASE_HRL7
     1x          Label DD44 ERASE_POS_HRL7_1
     1x          Label DE2D ERASE_POS_HRL7_2
     1x          Label DF0E ERASE_SSAV_HRL7
     1x          Label DD38 SSAV_HRL7

