/*--------------------------------------------------------------*
 * Compilé avec C6809 v0.83                                     *
 *--------------------------------------------------------------*
 * Fichier source      : tmp/HWL11.ASM
 * Fichier destination : tmp/HWL11.BIN
 * Contenu :
 *     Main     0:IMG.ASM      10966
 *--------------------------------------------------------------*/

Macro Pass
Pass1
Pass2
      2        B80B                      ORG $B80B
      3        B80B               DRAW_HWL11
      4  5+3   B80B 34   48              PSHS U,DP
      5  7     B80D 10FF BCEB            STS SSAV_HWL11+2
      6
      7  7     B811 10FE 9F00            LDS $9F00
      8  7     B815 10FF BCF7            STS ERASE_POS_HWL11_1+2
      9  3     B819 CE   BF54            LDU #ERASE_DATA_HWL11_2
     10  4+4   B81C 32   E9 01E2         LEAS 482,S
     11  5+1   B820 EC   E8 D9           LDD -39,S
     12  5+2   B823 36   06              PSHU D
     13  2     B825 86   AA              LDA #$aa
     14  2     B827 C4   0F              ANDB #$0F
     15  2     B829 CA   C0              ORB #$c0
     16  5+1   B82B ED   E8 D9           STD -39,S
     17
     18  4+1   B82E A6   E8 B1           LDA -79,S
     19  5+1   B831 36   02              PSHU A
     20
     21  5+1   B833 EC   E8 28           LDD 40,S
     22  5+2   B836 36   06              PSHU D
     23
     24  5+1   B838 EC   E8 50           LDD 80,S
     25  5+2   B83B 36   06              PSHU D
     26
     27  5+1   B83D EC   E8 78           LDD 120,S
     28  5+2   B840 36   06              PSHU D
     29
     30  2     B842 86   AA              LDA #$aa
     31  4+1   B844 A7   E8 B1           STA -79,S
     32
     33  3     B847 CC   ADCD            LDD #$adcd
     34  5+1   B84A ED   E8 28           STD 40,S
     35
     36  2     B84D 86   A3              LDA #$a3
     37  5+1   B84F ED   E8 50           STD 80,S
     38
     39  5+1   B852 ED   E8 78           STD 120,S
     40
     41  5+3   B855 35   12              PULS A,X
     42  5+5   B857 36   52              PSHU A,X,S
     43  2     B859 86   DD              LDA #$dd
     44  3     B85B 8E   CCDD            LDX #$ccdd
     45  5+3   B85E 34   12              PSHS A,X
     46
     47  4+4   B860 32   E9 0118         LEAS 280,S
     48  4+1   B864 A6   E8 DA           LDA -38,S
     49  5+1   B867 36   02              PSHU A
     50  2     B869 84   0F              ANDA #$0F
     51  2     B86B 8A   C0              ORA #$c0
     52  4+1   B86D A7   E8 DA           STA -38,S
     53
     54  5+1   B870 EC   E8 88           LDD -120,S
     55  5+2   B873 36   06              PSHU D
     56
     57  5+1   B875 EC   E8 B0           LDD -80,S
     58  5+2   B878 36   06              PSHU D
     59
     60  5+1   B87A EC   E8 D8           LDD -40,S
     61  5+2   B87D 36   06              PSHU D
     62
     63  3     B87F CC   AACC            LDD #$aacc
     64  5+1   B882 ED   E8 88           STD -120,S
     65
     66  2     B885 86   DA              LDA #$da
     67  5+1   B887 ED   E8 B0           STD -80,S
     68
     69  2     B88A 86   BC              LDA #$bc
     70  5+1   B88C ED   E8 D8           STD -40,S
     71
     72  5+3   B88F 35   12              PULS A,X
     73  5+5   B891 36   52              PSHU A,X,S
     74  2     B893 86   BC              LDA #$bc
     75  3     B895 8E   CCCC            LDX #$cccc
     76  5+3   B898 34   12              PSHS A,X
     77
     78  4+1   B89A 32   E8 28           LEAS 40,S
     79  5+3   B89D 35   12              PULS A,X
     80  5+5   B89F 36   52              PSHU A,X,S
     81  2     B8A1 86   BA              LDA #$ba
     82  3     B8A3 8E   CCDD            LDX #$ccdd
     83  5+3   B8A6 34   12              PSHS A,X
     84
     85  4+1   B8A8 32   E8 28           LEAS 40,S
     86  5+1   B8AB EC   E8 28           LDD 40,S
     87  5+2   B8AE 36   06              PSHU D
     88
     89  5+1   B8B0 EC   E8 50           LDD 80,S
     90  5+2   B8B3 36   06              PSHU D
     91
     92  5+1   B8B5 EC   E8 78           LDD 120,S
     93  5+2   B8B8 36   06              PSHU D
     94
     95  3     B8BA CC   BACC            LDD #$bacc
     96  5+1   B8BD ED   E8 28           STD 40,S
     97
     98  5+1   B8C0 ED   E8 50           STD 80,S
     99
    100  2     B8C3 86   BC              LDA #$bc
    101  5+1   B8C5 ED   E8 78           STD 120,S
    102
    103  5+3   B8C8 35   12              PULS A,X
    104  5+5   B8CA 36   52              PSHU A,X,S
    105  2     B8CC 86   BA              LDA #$ba
    106  3     B8CE 8E   CCDD            LDX #$ccdd
    107  5+3   B8D1 34   12              PSHS A,X
    108
    109  4+4   B8D3 32   E9 0118         LEAS 280,S
    110  4+1   B8D7 A6   E8 8A           LDA -118,S
    111  5+1   B8DA 36   02              PSHU A
    112  2     B8DC 84   0F              ANDA #$0F
    113  2     B8DE 8A   C0              ORA #$c0
    114  4+1   B8E0 A7   E8 8A           STA -118,S
    115
    116  4+1   B8E3 A6   E8 B2           LDA -78,S
    117  5+1   B8E6 36   02              PSHU A
    118  2     B8E8 84   0F              ANDA #$0F
    119  2     B8EA 8A   D0              ORA #$d0
    120  4+1   B8EC A7   E8 B2           STA -78,S
    121
    122  4+1   B8EF A6   E8 DA           LDA -38,S
    123  5+1   B8F2 36   02              PSHU A
    124  2     B8F4 84   0F              ANDA #$0F
    125  2     B8F6 8A   D0              ORA #$d0
    126  4+1   B8F8 A7   E8 DA           STA -38,S
    127
    128  5+1   B8FB EC   E8 51           LDD 81,S
    129  5+2   B8FE 36   06              PSHU D
    130  2     B900 86   3D              LDA #$3d
    131  2     B902 C4   0F              ANDB #$0F
    132  2     B904 CA   A0              ORB #$a0
    133  5+1   B906 ED   E8 51           STD 81,S
    134
    135  5+1   B909 EC   E8 88           LDD -120,S
    136  5+2   B90C 36   06              PSHU D
    137
    138  5+1   B90E EC   E8 B0           LDD -80,S
    139  5+2   B911 36   06              PSHU D
    140
    141  5+1   B913 EC   E8 D8           LDD -40,S
    142  5+2   B916 36   06              PSHU D
    143
    144  5+1   B918 EC   E8 29           LDD 41,S
    145  5+2   B91B 36   06              PSHU D
    146
    147  5+1   B91D EC   E8 79           LDD 121,S
    148  5+2   B920 36   06              PSHU D
    149
    150  3     B922 CC   2BCD            LDD #$2bcd
    151  5+1   B925 ED   E8 88           STD -120,S
    152
    153  3     B928 CC   22DD            LDD #$22dd
    154  5+1   B92B ED   E8 B0           STD -80,S
    155
    156  2     B92E C6   D0              LDB #$d0
    157  5+1   B930 ED   E8 D8           STD -40,S
    158
    159  3     B933 CC   DD9D            LDD #$dd9d
    160  5+1   B936 ED   E8 29           STD 41,S
    161
    162  3     B939 CC   2D10            LDD #$2d10
    163  5+1   B93C ED   E8 79           STD 121,S
    164
    165  5+3   B93F 35   12              PULS A,X
    166  5+5   B941 36   52              PSHU A,X,S
    167  2     B943 86   33              LDA #$33
    168  3     B945 8E   0DDC            LDX #$0ddc
    169  5+3   B948 34   12              PSHS A,X
    170
    171  4+4   B94A 32   E9 00A0         LEAS 160,S
    172  5+3   B94E 35   12              PULS A,X
    173  5+5   B950 36   52              PSHU A,X,S
    174  2     B952 86   AA              LDA #$aa
    175  3     B954 8E   2C10            LDX #$2c10
    176  5+3   B957 34   12              PSHS A,X
    177
    178  4+1   B959 32   E8 28           LEAS 40,S
    179  5+3   B95C 35   12              PULS A,X
    180  5+5   B95E 36   52              PSHU A,X,S
    181  2     B960 86   BB              LDA #$bb
    182  3     B962 8E   3D91            LDX #$3d91
    183  5+3   B965 34   12              PSHS A,X
    184
    185  4+1   B967 32   E8 28           LEAS 40,S
    186  5+3   B96A 35   12              PULS A,X
    187  5+5   B96C 36   52              PSHU A,X,S
    188  2     B96E 86   BB              LDA #$bb
    189  3     B970 8E   E0A1            LDX #$e0a1
    190  5+3   B973 34   12              PSHS A,X
    191
    192  4+1   B975 32   E8 28           LEAS 40,S
    193  5+3   B978 35   12              PULS A,X
    194  5+5   B97A 36   52              PSHU A,X,S
    195  2     B97C 86   AB              LDA #$ab
    196  3     B97E 8E   DD91            LDX #$dd91
    197  5+3   B981 34   12              PSHS A,X
    198
    199  4+1   B983 32   E8 28           LEAS 40,S
    200  5+1   B986 EC   E8 28           LDD 40,S
    201  5+2   B989 36   06              PSHU D
    202  2     B98B 86   9A              LDA #$9a
    203  2     B98D C4   F0              ANDB #$F0
    204  2     B98F CA   0D              ORB #$0d
    205  5+1   B991 ED   E8 28           STD 40,S
    206
    207  4+1   B994 A6   E8 52           LDA 82,S
    208  5+1   B997 36   02              PSHU A
    209  2     B999 84   0F              ANDA #$0F
    210  2     B99B 8A   A0              ORA #$a0
    211  4+1   B99D A7   E8 52           STA 82,S
    212
    213  4+1   B9A0 A6   E8 7A           LDA 122,S
    214  5+1   B9A3 36   02              PSHU A
    215  2     B9A5 84   0F              ANDA #$0F
    216  2     B9A7 8A   A0              ORA #$a0
    217  4+1   B9A9 A7   E8 7A           STA 122,S
    218
    219  4+1   B9AC A6   E8 2A           LDA 42,S
    220  5+1   B9AF 36   02              PSHU A
    221
    222  2     B9B1 86   19              LDA #$19
    223  4+1   B9B3 A7   E8 2A           STA 42,S
    224
    225  5+3   B9B6 35   12              PULS A,X
    226  5+5   B9B8 36   52              PSHU A,X,S
    227  2     B9BA 86   AB              LDA #$ab
    228  3     B9BC 8E   CDE0            LDX #$cde0
    229  5+3   B9BF 34   12              PSHS A,X
    230
    231  4+4   B9C1 32   E9 0118         LEAS 280,S
    232  5+1   B9C5 EC   E8 87           LDD -121,S
    233  5+2   B9C8 36   06              PSHU D
    234  2     B9CA 84   0F              ANDA #$0F
    235  2     B9CC 8A   10              ORA #$10
    236  2     B9CE C6   AD              LDB #$ad
    237  5+1   B9D0 ED   E8 87           STD -121,S
    238
    239  4+1   B9D3 A6   E8 8A           LDA -118,S
    240  5+1   B9D6 36   02              PSHU A
    241  2     B9D8 84   0F              ANDA #$0F
    242  2     B9DA 8A   00              ORA #$00
    243  4+1   B9DC A7   E8 8A           STA -118,S
    244
    245  5+1   B9DF EC   E8 27           LDD 39,S
    246  5+2   B9E2 36   06              PSHU D
    247  2     B9E4 84   F0              ANDA #$F0
    248  2     B9E6 8A   01              ORA #$01
    249  2     B9E8 C6   E9              LDB #$e9
    250  5+1   B9EA ED   E8 27           STD 39,S
    251
    252  5+1   B9ED EC   E8 4F           LDD 79,S
    253  5+2   B9F0 36   06              PSHU D
    254  2     B9F2 84   F0              ANDA #$F0
    255  2     B9F4 C4   0F              ANDB #$0F
    256  4     B9F6 C3   00E0            ADDD #$00e0
    257  5+1   B9F9 ED   E8 4F           STD 79,S
    258
    259  4+1   B9FC A6   E8 78           LDA 120,S
    260  5+1   B9FF 36   02              PSHU A
    261  2     BA01 84   0F              ANDA #$0F
    262  2     BA03 8A   E0              ORA #$e0
    263  4+1   BA05 A7   E8 78           STA 120,S
    264
    265  5+1   BA08 EC   E8 AF           LDD -81,S
    266  5+2   BA0B 36   06              PSHU D
    267
    268  5+1   BA0D EC   E8 D7           LDD -41,S
    269  5+2   BA10 36   06              PSHU D
    270
    271  5+1   BA12 EC   7F              LDD -1,S
    272  5+4   BA14 36   46              PSHU D,S
    273
    274  3     BA16 CC   11AA            LDD #$11aa
    275  5+1   BA19 ED   E8 AF           STD -81,S
    276
    277  2     BA1C C6   A9              LDB #$a9
    278  5+1   BA1E ED   E8 D7           STD -41,S
    279
    280  3     BA21 CC   E19A            LDD #$e19a
    281  5+1   BA24 ED   7F              STD -1,S
    282
    283  4+4   BA26 32   E9 00A0         LEAS 160,S
    284  4+0   BA2A A6   E4              LDA ,S
    285  5+3   BA2C 36   42              PSHU A,S
    286  2     BA2E 84   0F              ANDA #$0F
    287  2     BA30 8A   00              ORA #$00
    288  4+0   BA32 A7   E4              STA ,S
    289
    290
    291  7     BA34 10FE 9F02            LDS $9F00+2
    292  7     BA38 10FF BDCE            STS ERASE_POS_HWL11_2+2
    293  3     BA3C CE   BFC6            LDU #ERASE_DATA_HWL11_END
    294
    295  4+4   BA3F 32   E9 01E3         LEAS 483,S
    296  5+1   BA43 EC   E8 AF           LDD -81,S
    297  5+2   BA46 36   06              PSHU D
    298  2     BA48 84   F0              ANDA #$F0
    299  2     BA4A C4   0F              ANDB #$0F
    300  4     BA4C C3   0AA0            ADDD #$0aa0
    301  5+1   BA4F ED   E8 AF           STD -81,S
    302
    303  5+1   BA52 EC   E8 4E           LDD 78,S
    304  5+2   BA55 36   06              PSHU D
    305  2     BA57 84   F0              ANDA #$F0
    306  2     BA59 8A   0A              ORA #$0a
    307  2     BA5B C6   2D              LDB #$2d
    308  5+1   BA5D ED   E8 4E           STD 78,S
    309
    310  4+1   BA60 A6   E8 50           LDA 80,S
    311  5+1   BA63 36   02              PSHU A
    312  2     BA65 84   0F              ANDA #$0F
    313  2     BA67 8A   D0              ORA #$d0
    314  4+1   BA69 A7   E8 50           STA 80,S
    315
    316  5+1   BA6C EC   E8 D7           LDD -41,S
    317  5+2   BA6F 36   06              PSHU D
    318
    319  5+1   BA71 EC   7F              LDD -1,S
    320  5+2   BA73 36   06              PSHU D
    321
    322  5+1   BA75 EC   E8 27           LDD 39,S
    323  5+4   BA78 36   46              PSHU D,S
    324
    325  3     BA7A CC   AACC            LDD #$aacc
    326  5+1   BA7D ED   E8 D7           STD -41,S
    327
    328  3     BA80 CC   DACD            LDD #$dacd
    329  5+1   BA83 ED   7F              STD -1,S
    330
    331  3     BA85 CC   2CDD            LDD #$2cdd
    332  5+1   BA88 ED   E8 27           STD 39,S
    333
    334  4+4   BA8B 32   E9 00EE         LEAS 238,S
    335  5+1   BA8F EC   E8 88           LDD -120,S
    336  5+2   BA92 36   06              PSHU D
    337  2     BA94 84   F0              ANDA #$F0
    338  2     BA96 8A   0A              ORA #$0a
    339  2     BA98 C6   2D              LDB #$2d
    340  5+1   BA9A ED   E8 88           STD -120,S
    341
    342  5+1   BA9D EC   E8 B0           LDD -80,S
    343  5+2   BAA0 36   06              PSHU D
    344  2     BAA2 84   F0              ANDA #$F0
    345  2     BAA4 8A   0A              ORA #$0a
    346  2     BAA6 C6   2D              LDB #$2d
    347  5+1   BAA8 ED   E8 B0           STD -80,S
    348
    349  4+1   BAAB A6   E8 B2           LDA -78,S
    350  5+1   BAAE 36   02              PSHU A
    351  2     BAB0 84   0F              ANDA #$0F
    352  2     BAB2 8A   C0              ORA #$c0
    353  4+1   BAB4 A7   E8 B2           STA -78,S
    354
    355  5+1   BAB7 EC   E8 D8           LDD -40,S
    356  5+2   BABA 36   06              PSHU D
    357  2     BABC 84   F0              ANDA #$F0
    358  2     BABE 8A   0A              ORA #$0a
    359  2     BAC0 C6   AD              LDB #$ad
    360  5+1   BAC2 ED   E8 D8           STD -40,S
    361
    362  4+1   BAC5 A6   E8 DA           LDA -38,S
    363  5+1   BAC8 36   02              PSHU A
    364
    365  2     BACA 86   CC              LDA #$cc
    366  4+1   BACC A7   E8 DA           STA -38,S
    367
    368  5+3   BACF 35   12              PULS A,X
    369  5+5   BAD1 36   52              PSHU A,X,S
    370  2     BAD3 86   CA              LDA #$ca
    371  3     BAD5 8E   AACC            LDX #$aacc
    372  5+3   BAD8 34   12              PSHS A,X
    373
    374  4+1   BADA 32   E8 28           LEAS 40,S
    375  5+3   BADD 35   12              PULS A,X
    376  5+5   BADF 36   52              PSHU A,X,S
    377  2     BAE1 86   AC              LDA #$ac
    378  3     BAE3 8E   ABCD            LDX #$abcd
    379  5+3   BAE6 34   12              PSHS A,X
    380
    381  4+1   BAE8 32   E8 28           LEAS 40,S
    382  5+3   BAEB 35   12              PULS A,X
    383  5+5   BAED 36   52              PSHU A,X,S
    384  2     BAEF 86   C0              LDA #$c0
    385  3     BAF1 8E   AACD            LDX #$aacd
    386  5+3   BAF4 34   12              PSHS A,X
    387
    388  4+1   BAF6 32   E8 28           LEAS 40,S
    389  4+1   BAF9 A6   63              LDA 3,S
    390  5+1   BAFB 36   02              PSHU A
    391  2     BAFD 84   0F              ANDA #$0F
    392  2     BAFF 8A   D0              ORA #$d0
    393  4+1   BB01 A7   63              STA 3,S
    394
    395  5+1   BB03 EC   E8 28           LDD 40,S
    396  5+2   BB06 36   06              PSHU D
    397  2     BB08 84   F0              ANDA #$F0
    398  2     BB0A 8A   09              ORA #$09
    399  2     BB0C C6   AA              LDB #$aa
    400  5+1   BB0E ED   E8 28           STD 40,S
    401
    402  4+1   BB11 A6   E8 52           LDA 82,S
    403  5+1   BB14 36   02              PSHU A
    404  2     BB16 84   0F              ANDA #$0F
    405  2     BB18 8A   D0              ORA #$d0
    406  4+1   BB1A A7   E8 52           STA 82,S
    407
    408  4+1   BB1D A6   E8 2A           LDA 42,S
    409  5+1   BB20 36   02              PSHU A
    410
    411  5+1   BB22 EC   E8 50           LDD 80,S
    412  5+2   BB25 36   06              PSHU D
    413
    414  2     BB27 86   DD              LDA #$dd
    415  4+1   BB29 A7   E8 2A           STA 42,S
    416
    417  3     BB2C CC   A9CC            LDD #$a9cc
    418  5+1   BB2F ED   E8 50           STD 80,S
    419
    420  5+3   BB32 35   12              PULS A,X
    421  5+5   BB34 36   52              PSHU A,X,S
    422  2     BB36 86   CA              LDA #$ca
    423  3     BB38 8E   AADD            LDX #$aadd
    424  5+3   BB3B 34   12              PSHS A,X
    425
    426  4+1   BB3D 32   E8 78           LEAS 120,S
    427  5+3   BB40 35   12              PULS A,X
    428  5+5   BB42 36   52              PSHU A,X,S
    429  2     BB44 86   92              LDA #$92
    430  3     BB46 8E   2CCC            LDX #$2ccc
    431  5+3   BB49 34   12              PSHS A,X
    432
    433  4+1   BB4B 32   E8 28           LEAS 40,S
    434  5+1   BB4E EC   E8 28           LDD 40,S
    435  5+2   BB51 36   06              PSHU D
    436  2     BB53 84   F0              ANDA #$F0
    437  2     BB55 8A   02              ORA #$02
    438  2     BB57 C6   23              LDB #$23
    439  5+1   BB59 ED   E8 28           STD 40,S
    440
    441  5+1   BB5C EC   E8 50           LDD 80,S
    442  5+2   BB5F 36   06              PSHU D
    443  2     BB61 84   F0              ANDA #$F0
    444  2     BB63 8A   01              ORA #$01
    445  2     BB65 C6   2D              LDB #$2d
    446  5+1   BB67 ED   E8 50           STD 80,S
    447
    448  4+1   BB6A A6   E8 2A           LDA 42,S
    449  5+1   BB6D 36   02              PSHU A
    450
    451  4+1   BB6F A6   E8 52           LDA 82,S
    452  5+1   BB72 36   02              PSHU A
    453
    454  5+1   BB74 EC   E8 79           LDD 121,S
    455  5+2   BB77 36   06              PSHU D
    456
    457  2     BB79 86   DD              LDA #$dd
    458  4+1   BB7B A7   E8 2A           STA 42,S
    459
    460  4+1   BB7E A7   E8 52           STA 82,S
    461
    462  3     BB81 CC   10DD            LDD #$10dd
    463  5+1   BB84 ED   E8 79           STD 121,S
    464
    465  5+3   BB87 35   12              PULS A,X
    466  5+5   BB89 36   52              PSHU A,X,S
    467  2     BB8B 86   02              LDA #$02
    468  3     BB8D 8E   23DC            LDX #$23dc
    469  5+3   BB90 34   12              PSHS A,X
    470
    471  4+4   BB92 32   E9 011A         LEAS 282,S
    472  5+1   BB96 EC   E8 26           LDD 38,S
    473  5+2   BB99 36   06              PSHU D
    474  2     BB9B 84   F0              ANDA #$F0
    475  2     BB9D 8A   0A              ORA #$0a
    476  2     BB9F C6   A2              LDB #$a2
    477  5+1   BBA1 ED   E8 26           STD 38,S
    478
    479  5+1   BBA4 EC   E8 4E           LDD 78,S
    480  5+2   BBA7 36   06              PSHU D
    481  2     BBA9 84   F0              ANDA #$F0
    482  2     BBAB 8A   0A              ORA #$0a
    483  2     BBAD C6   A1              LDB #$a1
    484  5+1   BBAF ED   E8 4E           STD 78,S
    485
    486  5+1   BBB2 EC   E8 76           LDD 118,S
    487  5+2   BBB5 36   06              PSHU D
    488  2     BBB7 84   F0              ANDA #$F0
    489  2     BBB9 8A   0A              ORA #$0a
    490  2     BBBB C6   A0              LDB #$a0
    491  5+1   BBBD ED   E8 76           STD 118,S
    492
    493  5+1   BBC0 EC   E8 87           LDD -121,S
    494  5+2   BBC3 36   06              PSHU D
    495
    496  5+1   BBC5 EC   E8 AF           LDD -81,S
    497  5+2   BBC8 36   06              PSHU D
    498
    499  5+1   BBCA EC   E8 D7           LDD -41,S
    500  5+2   BBCD 36   06              PSHU D
    501
    502  5+1   BBCF EC   7F              LDD -1,S
    503  5+2   BBD1 36   06              PSHU D
    504
    505  4+1   BBD3 A6   E8 28           LDA 40,S
    506  5+1   BBD6 36   02              PSHU A
    507
    508  4+1   BBD8 A6   E8 50           LDA 80,S
    509  5+1   BBDB 36   02              PSHU A
    510
    511  4+1   BBDD A6   E8 78           LDA 120,S
    512  5+3   BBE0 36   42              PSHU A,S
    513
    514  3     BBE2 CC   ED09            LDD #$ed09
    515  5+1   BBE5 ED   E8 87           STD -121,S
    516
    517  3     BBE8 CC   23DA            LDD #$23da
    518  5+1   BBEB ED   E8 AF           STD -81,S
    519
    520  3     BBEE CC   22DF            LDD #$22df
    521  5+1   BBF1 ED   E8 D7           STD -41,S
    522
    523  3     BBF4 CC   239A            LDD #$239a
    524  5+1   BBF7 ED   7F              STD -1,S
    525
    526  2     BBF9 86   C9              LDA #$c9
    527  4+1   BBFB A7   E8 28           STA 40,S
    528
    529  2     BBFE 86   D9              LDA #$d9
    530  4+1   BC00 A7   E8 50           STA 80,S
    531
    532  2     BC03 86   DA              LDA #$da
    533  4+1   BC05 A7   E8 78           STA 120,S
    534
    535  4+4   BC08 32   E9 0117         LEAS 279,S
    536  5+1   BC0C EC   E8 87           LDD -121,S
    537  5+2   BC0F 36   06              PSHU D
    538  2     BC11 84   F0              ANDA #$F0
    539  2     BC13 8A   0A              ORA #$0a
    540  2     BC15 C6   90              LDB #$90
    541  5+1   BC17 ED   E8 87           STD -121,S
    542
    543  5+1   BC1A EC   E8 B0           LDD -80,S
    544  5+2   BC1D 36   06              PSHU D
    545  2     BC1F 84   0F              ANDA #$0F
    546  2     BC21 8A   D0              ORA #$d0
    547  2     BC23 C6   BF              LDB #$bf
    548  5+1   BC25 ED   E8 B0           STD -80,S
    549
    550  5+1   BC28 EC   E8 D8           LDD -40,S
    551  5+2   BC2B 36   06              PSHU D
    552  2     BC2D 84   0F              ANDA #$0F
    553  2     BC2F 8A   D0              ORA #$d0
    554  2     BC31 C6   BB              LDB #$bb
    555  5+1   BC33 ED   E8 D8           STD -40,S
    556
    557  4+1   BC36 A6   7E              LDA -2,S
    558  5+1   BC38 36   02              PSHU A
    559  2     BC3A 84   F0              ANDA #$F0
    560  2     BC3C 8A   0F              ORA #$0f
    561  4+1   BC3E A7   7E              STA -2,S
    562
    563  5+0   BC40 EC   E4              LDD ,S
    564  5+2   BC42 36   06              PSHU D
    565  2     BC44 84   0F              ANDA #$0F
    566  2     BC46 8A   D0              ORA #$d0
    567  2     BC48 C6   FA              LDB #$fa
    568  5+0   BC4A ED   E4              STD ,S
    569
    570  4+1   BC4C A6   E8 26           LDA 38,S
    571  5+1   BC4F 36   02              PSHU A
    572  2     BC51 84   F0              ANDA #$F0
    573  2     BC53 8A   01              ORA #$01
    574  4+1   BC55 A7   E8 26           STA 38,S
    575
    576  5+1   BC58 EC   E8 28           LDD 40,S
    577  5+2   BC5B 36   06              PSHU D
    578  2     BC5D 84   0F              ANDA #$0F
    579  2     BC5F 8A   D0              ORA #$d0
    580  2     BC61 C6   21              LDB #$21
    581  5+1   BC63 ED   E8 28           STD 40,S
    582
    583  5+1   BC66 EC   E8 4E           LDD 78,S
    584  5+2   BC69 36   06              PSHU D
    585  2     BC6B 84   F0              ANDA #$F0
    586  2     BC6D C4   0F              ANDB #$0F
    587  4     BC6F C3   0EA0            ADDD #$0ea0
    588  5+1   BC72 ED   E8 4E           STD 78,S
    589
    590  4+1   BC75 A6   E8 89           LDA -119,S
    591  5+1   BC78 36   02              PSHU A
    592
    593  4+1   BC7A A6   E8 51           LDA 81,S
    594  5+1   BC7D 36   02              PSHU A
    595
    596  4+1   BC7F A6   E8 77           LDA 119,S
    597  5+1   BC82 36   02              PSHU A
    598
    599  4+1   BC84 A6   E8 79           LDA 121,S
    600  5+3   BC87 36   42              PSHU A,S
    601
    602  2     BC89 86   FA              LDA #$fa
    603  4+1   BC8B A7   E8 89           STA -119,S
    604
    605  2     BC8E 86   F1              LDA #$f1
    606  4+1   BC90 A7   E8 51           STA 81,S
    607
    608  2     BC93 86   AF              LDA #$af
    609  4+1   BC95 A7   E8 77           STA 119,S
    610
    611  2     BC98 86   FE              LDA #$fe
    612  4+1   BC9A A7   E8 79           STA 121,S
    613
    614  4+4   BC9D 32   E9 00EF         LEAS 239,S
    615  4+1   BCA1 A6   E8 B2           LDA -78,S
    616  5+1   BCA4 36   02              PSHU A
    617  2     BCA6 84   0F              ANDA #$0F
    618  2     BCA8 8A   F0              ORA #$f0
    619  4+1   BCAA A7   E8 B2           STA -78,S
    620
    621  4+1   BCAD A6   E8 DA           LDA -38,S
    622  5+1   BCB0 36   02              PSHU A
    623  2     BCB2 84   0F              ANDA #$0F
    624  2     BCB4 8A   E0              ORA #$e0
    625  4+1   BCB6 A7   E8 DA           STA -38,S
    626
    627  4+1   BCB9 A6   E8 50           LDA 80,S
    628  5+1   BCBC 36   02              PSHU A
    629  2     BCBE 84   F0              ANDA #$F0
    630  2     BCC0 8A   00              ORA #$00
    631  4+1   BCC2 A7   E8 50           STA 80,S
    632
    633  4+1   BCC5 A6   E8 B0           LDA -80,S
    634  5+1   BCC8 36   02              PSHU A
    635
    636  4+1   BCCA A6   E8 D8           LDA -40,S
    637  5+1   BCCD 36   02              PSHU A
    638
    639  4+0   BCCF A6   E4              LDA ,S
    640  5+1   BCD1 36   02              PSHU A
    641
    642  4+1   BCD3 A6   E8 28           LDA 40,S
    643  5+3   BCD6 36   42              PSHU A,S
    644
    645  2     BCD8 86   A1              LDA #$a1
    646  4+1   BCDA A7   E8 B0           STA -80,S
    647
    648  4+1   BCDD A7   E8 D8           STA -40,S
    649
    650  2     BCE0 86   91              LDA #$91
    651  4+0   BCE2 A7   E4              STA ,S
    652
    653  2     BCE4 86   0E              LDA #$0e
    654  4+1   BCE6 A7   E8 28           STA 40,S
    655
    656        BCE9               SSAV_HWL11
    657  4     BCE9 10CE 0000            LDS #$0000
    658  5+5   BCED 35   C8              PULS DP,U,PC * Ajout du PC au PULS>>
    659
    660        BCEF               ERASE_HWL11
    661  5+3   BCEF 34   48              PSHS U,DP
    662  7     BCF1 10FF BEE1            STS ERASE_SSAV_HWL11+2
    663
    664        BCF5               ERASE_POS_HWL11_1
    665  4     BCF5 10CE 0000            LDS #$0000
    666  3     BCF9 CE   BEE5            LDU #ERASE_DATA_HWL11_1
    667
    668        BCFC               ERASE_CODE_HWL11_1
    669  5+3   BCFC 37   42              PULU A,S
    670  4+0   BCFE A7   E4              STA ,S
    671  5+4   BD00 37   46              PULU D,S
    672  5+1   BD02 ED   7F              STD -1,S
    673  5+2   BD04 37   06              PULU D
    674  5+1   BD06 ED   E8 D7           STD -41,S
    675  5+2   BD09 37   06              PULU D
    676  5+1   BD0B ED   E8 AF           STD -81,S
    677  5+1   BD0E 37   02              PULU A
    678  4+1   BD10 A7   E8 78           STA 120,S
    679  5+2   BD13 37   06              PULU D
    680  5+1   BD15 ED   E8 4F           STD 79,S
    681  5+2   BD18 37   06              PULU D
    682  5+1   BD1A ED   E8 27           STD 39,S
    683  5+1   BD1D 37   02              PULU A
    684  4+1   BD1F A7   E8 8A           STA -118,S
    685  5+2   BD22 37   06              PULU D
    686  5+1   BD24 ED   E8 87           STD -121,S
    687  5+5   BD27 37   52              PULU A,X,S
    688  5+3   BD29 34   12              PSHS A,X
    689  5+1   BD2B 37   02              PULU A
    690  4+1   BD2D A7   E8 2A           STA 42,S
    691  5+1   BD30 37   02              PULU A
    692  4+1   BD32 A7   E8 7A           STA 122,S
    693  5+1   BD35 37   02              PULU A
    694  4+1   BD37 A7   E8 52           STA 82,S
    695  5+2   BD3A 37   06              PULU D
    696  5+1   BD3C ED   E8 28           STD 40,S
    697  5+5   BD3F 37   52              PULU A,X,S
    698  5+3   BD41 34   12              PSHS A,X
    699  5+5   BD43 37   52              PULU A,X,S
    700  5+3   BD45 34   12              PSHS A,X
    701  5+5   BD47 37   52              PULU A,X,S
    702  5+3   BD49 34   12              PSHS A,X
    703  5+5   BD4B 37   52              PULU A,X,S
    704  5+3   BD4D 34   12              PSHS A,X
    705  5+5   BD4F 37   52              PULU A,X,S
    706  5+3   BD51 34   12              PSHS A,X
    707  5+2   BD53 37   06              PULU D
    708  5+1   BD55 ED   E8 79           STD 121,S
    709  5+2   BD58 37   06              PULU D
    710  5+1   BD5A ED   E8 29           STD 41,S
    711  5+2   BD5D 37   06              PULU D
    712  5+1   BD5F ED   E8 D8           STD -40,S
    713  5+2   BD62 37   06              PULU D
    714  5+1   BD64 ED   E8 B0           STD -80,S
    715  5+2   BD67 37   06              PULU D
    716  5+1   BD69 ED   E8 88           STD -120,S
    717  5+2   BD6C 37   06              PULU D
    718  5+1   BD6E ED   E8 51           STD 81,S
    719  5+1   BD71 37   02              PULU A
    720  4+1   BD73 A7   E8 DA           STA -38,S
    721  5+1   BD76 37   02              PULU A
    722  4+1   BD78 A7   E8 B2           STA -78,S
    723  5+1   BD7B 37   02              PULU A
    724  4+1   BD7D A7   E8 8A           STA -118,S
    725  5+5   BD80 37   52              PULU A,X,S
    726  5+3   BD82 34   12              PSHS A,X
    727  5+2   BD84 37   06              PULU D
    728  5+1   BD86 ED   E8 78           STD 120,S
    729  5+2   BD89 37   06              PULU D
    730  5+1   BD8B ED   E8 50           STD 80,S
    731  5+2   BD8E 37   06              PULU D
    732  5+1   BD90 ED   E8 28           STD 40,S
    733  5+5   BD93 37   52              PULU A,X,S
    734  5+3   BD95 34   12              PSHS A,X
    735  5+5   BD97 37   52              PULU A,X,S
    736  5+3   BD99 34   12              PSHS A,X
    737  5+2   BD9B 37   06              PULU D
    738  5+1   BD9D ED   E8 D8           STD -40,S
    739  5+2   BDA0 37   06              PULU D
    740  5+1   BDA2 ED   E8 B0           STD -80,S
    741  5+2   BDA5 37   06              PULU D
    742  5+1   BDA7 ED   E8 88           STD -120,S
    743  5+1   BDAA 37   02              PULU A
    744  4+1   BDAC A7   E8 DA           STA -38,S
    745  5+5   BDAF 37   52              PULU A,X,S
    746  5+3   BDB1 34   12              PSHS A,X
    747  5+2   BDB3 37   06              PULU D
    748  5+1   BDB5 ED   E8 78           STD 120,S
    749  5+2   BDB8 37   06              PULU D
    750  5+1   BDBA ED   E8 50           STD 80,S
    751  5+2   BDBD 37   06              PULU D
    752  5+1   BDBF ED   E8 28           STD 40,S
    753  5+1   BDC2 37   02              PULU A
    754  4+1   BDC4 A7   E8 B1           STA -79,S
    755  5+2   BDC7 37   06              PULU D
    756  5+1   BDC9 ED   E8 D9           STD -39,S
    757        BDCC               ERASE_POS_HWL11_2
    758  4     BDCC 10CE 0000            LDS #$0000
    759  3     BDD0 CE   BF54            LDU #ERASE_DATA_HWL11_2
    760
    761        BDD3               ERASE_CODE_HWL11_2
    762  5+3   BDD3 37   42              PULU A,S
    763  4+1   BDD5 A7   E8 28           STA 40,S
    764  5+1   BDD8 37   02              PULU A
    765  4+0   BDDA A7   E4              STA ,S
    766  5+1   BDDC 37   02              PULU A
    767  4+1   BDDE A7   E8 D8           STA -40,S
    768  5+1   BDE1 37   02              PULU A
    769  4+1   BDE3 A7   E8 B0           STA -80,S
    770  5+1   BDE6 37   02              PULU A
    771  4+1   BDE8 A7   E8 50           STA 80,S
    772  5+1   BDEB 37   02              PULU A
    773  4+1   BDED A7   E8 DA           STA -38,S
    774  5+1   BDF0 37   02              PULU A
    775  4+1   BDF2 A7   E8 B2           STA -78,S
    776  5+3   BDF5 37   42              PULU A,S
    777  4+1   BDF7 A7   E8 79           STA 121,S
    778  5+1   BDFA 37   02              PULU A
    779  4+1   BDFC A7   E8 77           STA 119,S
    780  5+1   BDFF 37   02              PULU A
    781  4+1   BE01 A7   E8 51           STA 81,S
    782  5+1   BE04 37   02              PULU A
    783  4+1   BE06 A7   E8 89           STA -119,S
    784  5+2   BE09 37   06              PULU D
    785  5+1   BE0B ED   E8 4E           STD 78,S
    786  5+2   BE0E 37   06              PULU D
    787  5+1   BE10 ED   E8 28           STD 40,S
    788  5+1   BE13 37   02              PULU A
    789  4+1   BE15 A7   E8 26           STA 38,S
    790  5+2   BE18 37   06              PULU D
    791  5+0   BE1A ED   E4              STD ,S
    792  5+1   BE1C 37   02              PULU A
    793  4+1   BE1E A7   7E              STA -2,S
    794  5+2   BE20 37   06              PULU D
    795  5+1   BE22 ED   E8 D8           STD -40,S
    796  5+2   BE25 37   06              PULU D
    797  5+1   BE27 ED   E8 B0           STD -80,S
    798  5+2   BE2A 37   06              PULU D
    799  5+1   BE2C ED   E8 87           STD -121,S
    800  5+3   BE2F 37   42              PULU A,S
    801  4+1   BE31 A7   E8 78           STA 120,S
    802  5+1   BE34 37   02              PULU A
    803  4+1   BE36 A7   E8 50           STA 80,S
    804  5+1   BE39 37   02              PULU A
    805  4+1   BE3B A7   E8 28           STA 40,S
    806  5+2   BE3E 37   06              PULU D
    807  5+1   BE40 ED   7F              STD -1,S
    808  5+2   BE42 37   06              PULU D
    809  5+1   BE44 ED   E8 D7           STD -41,S
    810  5+2   BE47 37   06              PULU D
    811  5+1   BE49 ED   E8 AF           STD -81,S
    812  5+2   BE4C 37   06              PULU D
    813  5+1   BE4E ED   E8 87           STD -121,S
    814  5+2   BE51 37   06              PULU D
    815  5+1   BE53 ED   E8 76           STD 118,S
    816  5+2   BE56 37   06              PULU D
    817  5+1   BE58 ED   E8 4E           STD 78,S
    818  5+2   BE5B 37   06              PULU D
    819  5+1   BE5D ED   E8 26           STD 38,S
    820  5+5   BE60 37   52              PULU A,X,S
    821  5+3   BE62 34   12              PSHS A,X
    822  5+2   BE64 37   06              PULU D
    823  5+1   BE66 ED   E8 79           STD 121,S
    824  5+1   BE69 37   02              PULU A
    825  4+1   BE6B A7   E8 52           STA 82,S
    826  5+1   BE6E 37   02              PULU A
    827  4+1   BE70 A7   E8 2A           STA 42,S
    828  5+2   BE73 37   06              PULU D
    829  5+1   BE75 ED   E8 50           STD 80,S
    830  5+2   BE78 37   06              PULU D
    831  5+1   BE7A ED   E8 28           STD 40,S
    832  5+5   BE7D 37   52              PULU A,X,S
    833  5+3   BE7F 34   12              PSHS A,X
    834  5+5   BE81 37   52              PULU A,X,S
    835  5+3   BE83 34   12              PSHS A,X
    836  5+2   BE85 37   06              PULU D
    837  5+1   BE87 ED   E8 50           STD 80,S
    838  5+1   BE8A 37   02              PULU A
    839  4+1   BE8C A7   E8 2A           STA 42,S
    840  5+1   BE8F 37   02              PULU A
    841  4+1   BE91 A7   E8 52           STA 82,S
    842  5+2   BE94 37   06              PULU D
    843  5+1   BE96 ED   E8 28           STD 40,S
    844  5+1   BE99 37   02              PULU A
    845  4+1   BE9B A7   63              STA 3,S
    846  5+5   BE9D 37   52              PULU A,X,S
    847  5+3   BE9F 34   12              PSHS A,X
    848  5+5   BEA1 37   52              PULU A,X,S
    849  5+3   BEA3 34   12              PSHS A,X
    850  5+5   BEA5 37   52              PULU A,X,S
    851  5+3   BEA7 34   12              PSHS A,X
    852  5+1   BEA9 37   02              PULU A
    853  4+1   BEAB A7   E8 DA           STA -38,S
    854  5+2   BEAE 37   06              PULU D
    855  5+1   BEB0 ED   E8 D8           STD -40,S
    856  5+1   BEB3 37   02              PULU A
    857  4+1   BEB5 A7   E8 B2           STA -78,S
    858  5+2   BEB8 37   06              PULU D
    859  5+1   BEBA ED   E8 B0           STD -80,S
    860  5+2   BEBD 37   06              PULU D
    861  5+1   BEBF ED   E8 88           STD -120,S
    862  5+4   BEC2 37   46              PULU D,S
    863  5+1   BEC4 ED   E8 27           STD 39,S
    864  5+2   BEC7 37   06              PULU D
    865  5+1   BEC9 ED   7F              STD -1,S
    866  5+2   BECB 37   06              PULU D
    867  5+1   BECD ED   E8 D7           STD -41,S
    868  5+1   BED0 37   02              PULU A
    869  4+1   BED2 A7   E8 50           STA 80,S
    870  5+2   BED5 37   06              PULU D
    871  5+1   BED7 ED   E8 4E           STD 78,S
    872  5+2   BEDA 37   06              PULU D
    873  5+1   BEDC ED   E8 AF           STD -81,S
    874        BEDF               ERASE_SSAV_HWL11
    875  4     BEDF 10CE 0000            LDS #$0000
    876  5+5   BEE3 35   C8              PULS DP,U,PC * Ajout du PC au PULS>>
    877
    878        BEE5               ERASE_DATA_HWL11_1
    879        BEE5 0000                 FDB $0000
    880        BEE7 0000                 FDB $0000
    881        BEE9 0000                 FDB $0000
    882        BEEB 0000                 FDB $0000
    883        BEED 0000                 FDB $0000
    884        BEEF 0000                 FDB $0000
    885        BEF1 0000                 FDB $0000
    886        BEF3 0000                 FDB $0000
    887        BEF5 0000                 FDB $0000
    888        BEF7 0000                 FDB $0000
    889        BEF9 0000                 FDB $0000
    890        BEFB 0000                 FDB $0000
    891        BEFD 0000                 FDB $0000
    892        BEFF 0000                 FDB $0000
    893        BF01 0000                 FDB $0000
    894        BF03 0000                 FDB $0000
    895        BF05 0000                 FDB $0000
    896        BF07 0000                 FDB $0000
    897        BF09 0000                 FDB $0000
    898        BF0B 0000                 FDB $0000
    899        BF0D 0000                 FDB $0000
    900        BF0F 0000                 FDB $0000
    901        BF11 0000                 FDB $0000
    902        BF13 0000                 FDB $0000
    903        BF15 0000                 FDB $0000
    904        BF17 0000                 FDB $0000
    905        BF19 0000                 FDB $0000
    906        BF1B 0000                 FDB $0000
    907        BF1D 0000                 FDB $0000
    908        BF1F 0000                 FDB $0000
    909        BF21 0000                 FDB $0000
    910        BF23 0000                 FDB $0000
    911        BF25 0000                 FDB $0000
    912        BF27 0000                 FDB $0000
    913        BF29 0000                 FDB $0000
    914        BF2B 0000                 FDB $0000
    915        BF2D 0000                 FDB $0000
    916        BF2F 0000                 FDB $0000
    917        BF31 0000                 FDB $0000
    918        BF33 0000                 FDB $0000
    919        BF35 0000                 FDB $0000
    920        BF37 0000                 FDB $0000
    921        BF39 0000                 FDB $0000
    922        BF3B 0000                 FDB $0000
    923        BF3D 0000                 FDB $0000
    924        BF3F 0000                 FDB $0000
    925        BF41 0000                 FDB $0000
    926        BF43 0000                 FDB $0000
    927        BF45 0000                 FDB $0000
    928        BF47 0000                 FDB $0000
    929        BF49 0000                 FDB $0000
    930        BF4B 0000                 FDB $0000
    931        BF4D 0000                 FDB $0000
    932        BF4F 0000                 FDB $0000
    933        BF51 0000                 FDB $0000
    934        BF53 00                   FCB $00
    935        BF54               ERASE_DATA_HWL11_2
    936        BF54 0000                 FDB $0000
    937        BF56 0000                 FDB $0000
    938        BF58 0000                 FDB $0000
    939        BF5A 0000                 FDB $0000
    940        BF5C 0000                 FDB $0000
    941        BF5E 0000                 FDB $0000
    942        BF60 0000                 FDB $0000
    943        BF62 0000                 FDB $0000
    944        BF64 0000                 FDB $0000
    945        BF66 0000                 FDB $0000
    946        BF68 0000                 FDB $0000
    947        BF6A 0000                 FDB $0000
    948        BF6C 0000                 FDB $0000
    949        BF6E 0000                 FDB $0000
    950        BF70 0000                 FDB $0000
    951        BF72 0000                 FDB $0000
    952        BF74 0000                 FDB $0000
    953        BF76 0000                 FDB $0000
    954        BF78 0000                 FDB $0000
    955        BF7A 0000                 FDB $0000
    956        BF7C 0000                 FDB $0000
    957        BF7E 0000                 FDB $0000
    958        BF80 0000                 FDB $0000
    959        BF82 0000                 FDB $0000
    960        BF84 0000                 FDB $0000
    961        BF86 0000                 FDB $0000
    962        BF88 0000                 FDB $0000
    963        BF8A 0000                 FDB $0000
    964        BF8C 0000                 FDB $0000
    965        BF8E 0000                 FDB $0000
    966        BF90 0000                 FDB $0000
    967        BF92 0000                 FDB $0000
    968        BF94 0000                 FDB $0000
    969        BF96 0000                 FDB $0000
    970        BF98 0000                 FDB $0000
    971        BF9A 0000                 FDB $0000
    972        BF9C 0000                 FDB $0000
    973        BF9E 0000                 FDB $0000
    974        BFA0 0000                 FDB $0000
    975        BFA2 0000                 FDB $0000
    976        BFA4 0000                 FDB $0000
    977        BFA6 0000                 FDB $0000
    978        BFA8 0000                 FDB $0000
    979        BFAA 0000                 FDB $0000
    980        BFAC 0000                 FDB $0000
    981        BFAE 0000                 FDB $0000
    982        BFB0 0000                 FDB $0000
    983        BFB2 0000                 FDB $0000
    984        BFB4 0000                 FDB $0000
    985        BFB6 0000                 FDB $0000
    986        BFB8 0000                 FDB $0000
    987        BFBA 0000                 FDB $0000
    988        BFBC 0000                 FDB $0000
    989        BFBE 0000                 FDB $0000
    990        BFC0 0000                 FDB $0000
    991        BFC2 0000                 FDB $0000
    992        BFC4 00                   FCB $00
    993        BFC5 00                   FCB $00
    994        BFC6               ERASE_DATA_HWL11_END

000000 Total Errors

000011 Total Symbols
     0x          Label B80B DRAW_HWL11
     0x          Label BCFC ERASE_CODE_HWL11_1
     0x          Label BDD3 ERASE_CODE_HWL11_2
     1x          Label BEE5 ERASE_DATA_HWL11_1
     2x          Label BF54 ERASE_DATA_HWL11_2
     1x          Label BFC6 ERASE_DATA_HWL11_END
     0x          Label BCEF ERASE_HWL11
     1x          Label BCF5 ERASE_POS_HWL11_1
     1x          Label BDCC ERASE_POS_HWL11_2
     1x          Label BEDF ERASE_SSAV_HWL11
     1x          Label BCE9 SSAV_HWL11

