/*--------------------------------------------------------------*
 * Compilé avec C6809 v0.83                                     *
 *--------------------------------------------------------------*
 * Fichier source      : tmp/HWL5.ASM
 * Fichier destination : tmp/HWL5.BIN
 * Contenu :
 *     Main     0:IMG.ASM      11464
 *--------------------------------------------------------------*/

Macro Pass
Pass1
Pass2
      2        CF55                      ORG $CF55
      3        CF55               DRAW_HWL5
      4  5+3   CF55 34   48              PSHS U,DP
      5  7     CF57 10FF D481            STS SSAV_HWL5+2
      6
      7  7     CF5B 10FE 9F00            LDS $9F00
      8  7     CF5F 10FF D48D            STS ERASE_POS_HWL5_1+2
      9  3     CF63 CE   D700            LDU #ERASE_DATA_HWL5_2
     10  4+4   CF66 32   E9 020B         LEAS 523,S
     11  5+1   CF6A EC   E8 D7           LDD -41,S
     12  5+2   CF6D 36   06              PSHU D
     13  2     CF6F 84   F0              ANDA #$F0
     14  2     CF71 8A   0C              ORA #$0c
     15  2     CF73 C6   DC              LDB #$dc
     16  5+1   CF75 ED   E8 D7           STD -41,S
     17
     18  4+1   CF78 A6   E8 D9           LDA -39,S
     19  5+1   CF7B 36   02              PSHU A
     20  2     CF7D 84   0F              ANDA #$0F
     21  2     CF7F 8A   D0              ORA #$d0
     22  4+1   CF81 A7   E8 D9           STA -39,S
     23
     24  4+1   CF84 A6   E8 88           LDA -120,S
     25  5+1   CF87 36   02              PSHU A
     26
     27  4+1   CF89 A6   E8 B0           LDA -80,S
     28  5+1   CF8C 36   02              PSHU A
     29
     30  5+1   CF8E EC   7F              LDD -1,S
     31  5+2   CF90 36   06              PSHU D
     32
     33  5+1   CF92 EC   E8 27           LDD 39,S
     34  5+2   CF95 36   06              PSHU D
     35
     36  5+1   CF97 EC   E8 4F           LDD 79,S
     37  5+2   CF9A 36   06              PSHU D
     38
     39  5+1   CF9C EC   E8 77           LDD 119,S
     40  5+4   CF9F 36   46              PSHU D,S
     41
     42  3     CFA1 CC   CADC            LDD #$cadc
     43  5+1   CFA4 ED   7F              STD -1,S
     44
     45  3     CFA6 CC   AA2D            LDD #$aa2d
     46  5+1   CFA9 ED   E8 27           STD 39,S
     47
     48  2     CFAC C6   2C              LDB #$2c
     49  5+1   CFAE ED   E8 4F           STD 79,S
     50
     51  5+1   CFB1 ED   E8 77           STD 119,S
     52
     53  2     CFB4 86   CC              LDA #$cc
     54  4+1   CFB6 A7   E8 88           STA -120,S
     55
     56  4+1   CFB9 A7   E8 B0           STA -80,S
     57
     58  4+4   CFBC 32   E9 0117         LEAS 279,S
     59  4+1   CFC0 A6   E8 B2           LDA -78,S
     60  5+1   CFC3 36   02              PSHU A
     61  2     CFC5 84   0F              ANDA #$0F
     62  2     CFC7 8A   C0              ORA #$c0
     63  4+1   CFC9 A7   E8 B2           STA -78,S
     64
     65  4+1   CFCC A6   E8 DA           LDA -38,S
     66  5+1   CFCF 36   02              PSHU A
     67  2     CFD1 84   0F              ANDA #$0F
     68  2     CFD3 8A   C0              ORA #$c0
     69  4+1   CFD5 A7   E8 DA           STA -38,S
     70
     71  5+1   CFD8 EC   E8 88           LDD -120,S
     72  5+2   CFDB 36   06              PSHU D
     73
     74  5+1   CFDD EC   E8 B0           LDD -80,S
     75  5+2   CFE0 36   06              PSHU D
     76
     77  5+1   CFE2 EC   E8 D8           LDD -40,S
     78  5+2   CFE5 36   06              PSHU D
     79
     80  3     CFE7 CC   ADDC            LDD #$addc
     81  5+1   CFEA ED   E8 88           STD -120,S
     82
     83  3     CFED CC   ABCC            LDD #$abcc
     84  5+1   CFF0 ED   E8 B0           STD -80,S
     85
     86  3     CFF3 CC   CBAC            LDD #$cbac
     87  5+1   CFF6 ED   E8 D8           STD -40,S
     88
     89  5+3   CFF9 35   12              PULS A,X
     90  5+5   CFFB 36   52              PSHU A,X,S
     91  2     CFFD 86   0B              LDA #$0b
     92  3     CFFF 8E   CCDC            LDX #$ccdc
     93  5+3   D002 34   12              PSHS A,X
     94
     95  4+1   D004 32   E8 28           LEAS 40,S
     96  5+1   D007 EC   E8 28           LDD 40,S
     97  5+2   D00A 36   06              PSHU D
     98
     99  5+1   D00C EC   E8 50           LDD 80,S
    100  5+2   D00F 36   06              PSHU D
    101
    102  5+1   D011 EC   E8 78           LDD 120,S
    103  5+2   D014 36   06              PSHU D
    104
    105  3     D016 CC   BBCD            LDD #$bbcd
    106  5+1   D019 ED   E8 78           STD 120,S
    107
    108  2     D01C 86   9B              LDA #$9b
    109  5+1   D01E ED   E8 28           STD 40,S
    110
    111  5+1   D021 ED   E8 50           STD 80,S
    112
    113  5+3   D024 35   12              PULS A,X
    114  5+5   D026 36   52              PSHU A,X,S
    115  2     D028 86   AB              LDA #$ab
    116  3     D02A 8E   CCDD            LDX #$ccdd
    117  5+3   D02D 34   12              PSHS A,X
    118
    119  4+4   D02F 32   E9 0118         LEAS 280,S
    120  4+1   D033 A6   E8 8A           LDA -118,S
    121  5+1   D036 36   02              PSHU A
    122  2     D038 84   0F              ANDA #$0F
    123  2     D03A 8A   C0              ORA #$c0
    124  4+1   D03C A7   E8 8A           STA -118,S
    125
    126  4+1   D03F A6   E8 B2           LDA -78,S
    127  5+1   D042 36   02              PSHU A
    128  2     D044 84   0F              ANDA #$0F
    129  2     D046 8A   C0              ORA #$c0
    130  4+1   D048 A7   E8 B2           STA -78,S
    131
    132  4+1   D04B A6   E8 DA           LDA -38,S
    133  5+1   D04E 36   02              PSHU A
    134  2     D050 84   0F              ANDA #$0F
    135  2     D052 8A   D0              ORA #$d0
    136  4+1   D054 A7   E8 DA           STA -38,S
    137
    138  5+1   D057 EC   E8 28           LDD 40,S
    139  5+2   D05A 36   06              PSHU D
    140  2     D05C 84   F0              ANDA #$F0
    141  2     D05E 8A   01              ORA #$01
    142  2     D060 C6   1D              LDB #$1d
    143  5+1   D062 ED   E8 28           STD 40,S
    144
    145  5+1   D065 EC   E8 88           LDD -120,S
    146  5+2   D068 36   06              PSHU D
    147
    148  5+1   D06A EC   E8 B0           LDD -80,S
    149  5+2   D06D 36   06              PSHU D
    150
    151  5+1   D06F EC   E8 D8           LDD -40,S
    152  5+2   D072 36   06              PSHU D
    153
    154  4+1   D074 A6   E8 2A           LDA 42,S
    155  5+1   D077 36   02              PSHU A
    156
    157  5+1   D079 EC   E8 51           LDD 81,S
    158  5+2   D07C 36   06              PSHU D
    159
    160  5+1   D07E EC   E8 79           LDD 121,S
    161  5+2   D081 36   06              PSHU D
    162
    163  3     D083 CC   22D0            LDD #$22d0
    164  5+1   D086 ED   E8 B0           STD -80,S
    165
    166  2     D089 86   BA              LDA #$ba
    167  4+1   D08B A7   E8 2A           STA 42,S
    168
    169  3     D08E CC   22DD            LDD #$22dd
    170  5+1   D091 ED   E8 D8           STD -40,S
    171
    172  2     D094 86   2B              LDA #$2b
    173  5+1   D096 ED   E8 88           STD -120,S
    174
    175  3     D099 CC   23BB            LDD #$23bb
    176  5+1   D09C ED   E8 51           STD 81,S
    177
    178  5+1   D09F ED   E8 79           STD 121,S
    179
    180  5+3   D0A2 35   12              PULS A,X
    181  5+5   D0A4 36   52              PSHU A,X,S
    182  2     D0A6 86   13              LDA #$13
    183  3     D0A8 8E   0DAC            LDX #$0dac
    184  5+3   D0AB 34   12              PSHS A,X
    185
    186  4+4   D0AD 32   E9 011A         LEAS 282,S
    187  5+1   D0B1 EC   E8 86           LDD -122,S
    188  5+2   D0B4 36   06              PSHU D
    189  2     D0B6 84   F0              ANDA #$F0
    190  2     D0B8 8A   0A              ORA #$0a
    191  2     D0BA C6   23              LDB #$23
    192  5+1   D0BC ED   E8 86           STD -122,S
    193
    194  5+1   D0BF EC   E8 AE           LDD -82,S
    195  5+2   D0C2 36   06              PSHU D
    196  2     D0C4 84   F0              ANDA #$F0
    197  2     D0C6 8A   0A              ORA #$0a
    198  2     D0C8 C6   2C              LDB #$2c
    199  5+1   D0CA ED   E8 AE           STD -82,S
    200
    201  5+1   D0CD EC   E8 D6           LDD -42,S
    202  5+2   D0D0 36   06              PSHU D
    203  2     D0D2 84   F0              ANDA #$F0
    204  2     D0D4 8A   0A              ORA #$0a
    205  2     D0D6 C6   3C              LDB #$3c
    206  5+1   D0D8 ED   E8 D6           STD -42,S
    207
    208  5+1   D0DB EC   7E              LDD -2,S
    209  5+2   D0DD 36   06              PSHU D
    210  2     D0DF 84   F0              ANDA #$F0
    211  2     D0E1 8A   0A              ORA #$0a
    212  2     D0E3 C6   DA              LDB #$da
    213  5+1   D0E5 ED   7E              STD -2,S
    214
    215  5+1   D0E7 EC   E8 26           LDD 38,S
    216  5+2   D0EA 36   06              PSHU D
    217  2     D0EC 84   F0              ANDA #$F0
    218  2     D0EE 8A   09              ORA #$09
    219  2     D0F0 C6   DC              LDB #$dc
    220  5+1   D0F2 ED   E8 26           STD 38,S
    221
    222  4+1   D0F5 A6   E8 28           LDA 40,S
    223  5+1   D0F8 36   02              PSHU A
    224  2     D0FA 84   F0              ANDA #$F0
    225  2     D0FC 8A   0A              ORA #$0a
    226  4+1   D0FE A7   E8 28           STA 40,S
    227
    228  4+1   D101 A6   E8 4F           LDA 79,S
    229  5+1   D104 36   02              PSHU A
    230  2     D106 84   F0              ANDA #$F0
    231  2     D108 8A   0D              ORA #$0d
    232  4+1   D10A A7   E8 4F           STA 79,S
    233
    234  4+1   D10D A6   E8 51           LDA 81,S
    235  5+1   D110 36   02              PSHU A
    236  2     D112 84   0F              ANDA #$0F
    237  2     D114 8A   00              ORA #$00
    238  4+1   D116 A7   E8 51           STA 81,S
    239
    240  4+1   D119 A6   E8 79           LDA 121,S
    241  5+1   D11C 36   02              PSHU A
    242  2     D11E 84   0F              ANDA #$0F
    243  2     D120 8A   00              ORA #$00
    244  4+1   D122 A7   E8 79           STA 121,S
    245
    246  4+1   D125 A6   E8 88           LDA -120,S
    247  5+1   D128 36   02              PSHU A
    248
    249  4+1   D12A A6   E8 B0           LDA -80,S
    250  5+1   D12D 36   02              PSHU A
    251
    252  4+1   D12F A6   E8 D8           LDA -40,S
    253  5+1   D132 36   02              PSHU A
    254
    255  4+0   D134 A6   E4              LDA ,S
    256  5+1   D136 36   02              PSHU A
    257
    258  4+1   D138 A6   E8 77           LDA 119,S
    259  5+3   D13B 36   42              PSHU A,S
    260
    261  2     D13D 86   99              LDA #$99
    262  4+1   D13F A7   E8 D8           STA -40,S
    263
    264  2     D142 86   DA              LDA #$da
    265  4+0   D144 A7   E4              STA ,S
    266
    267  2     D146 86   AD              LDA #$ad
    268  4+1   D148 A7   E8 77           STA 119,S
    269
    270  2     D14B 86   AA              LDA #$aa
    271  4+1   D14D A7   E8 88           STA -120,S
    272
    273  4+1   D150 A7   E8 B0           STA -80,S
    274
    275  4+4   D153 32   E9 0116         LEAS 278,S
    276  5+1   D157 EC   E8 88           LDD -120,S
    277  5+2   D15A 36   06              PSHU D
    278  2     D15C 84   0F              ANDA #$0F
    279  2     D15E C4   0F              ANDB #$0F
    280  4     D160 C3   20A0            ADDD #$20a0
    281  5+1   D163 ED   E8 88           STD -120,S
    282
    283  4+1   D166 A6   E8 8B           LDA -117,S
    284  5+1   D169 36   02              PSHU A
    285  2     D16B 84   0F              ANDA #$0F
    286  2     D16D 8A   00              ORA #$00
    287  4+1   D16F A7   E8 8B           STA -117,S
    288
    289  5+1   D172 EC   E8 B0           LDD -80,S
    290  5+2   D175 36   06              PSHU D
    291  2     D177 86   FB              LDA #$fb
    292  2     D179 C4   0F              ANDB #$0F
    293  2     D17B CA   B0              ORB #$b0
    294  5+1   D17D ED   E8 B0           STD -80,S
    295
    296  4+1   D180 A6   E8 B3           LDA -77,S
    297  5+1   D183 36   02              PSHU A
    298  2     D185 84   0F              ANDA #$0F
    299  2     D187 8A   E0              ORA #$e0
    300  4+1   D189 A7   E8 B3           STA -77,S
    301
    302  5+1   D18C EC   E8 D8           LDD -40,S
    303  5+2   D18F 36   06              PSHU D
    304  2     D191 86   EF              LDA #$ef
    305  2     D193 C4   0F              ANDB #$0F
    306  2     D195 CA   A0              ORB #$a0
    307  5+1   D197 ED   E8 D8           STD -40,S
    308
    309  4+1   D19A A6   E8 DB           LDA -37,S
    310  5+1   D19D 36   02              PSHU A
    311  2     D19F 84   0F              ANDA #$0F
    312  2     D1A1 8A   E0              ORA #$e0
    313  4+1   D1A3 A7   E8 DB           STA -37,S
    314
    315  5+0   D1A6 EC   E4              LDD ,S
    316  5+2   D1A8 36   06              PSHU D
    317  2     D1AA 86   1F              LDA #$1f
    318  2     D1AC C4   0F              ANDB #$0F
    319  2     D1AE CA   A0              ORB #$a0
    320  5+0   D1B0 ED   E4              STD ,S
    321
    322  5+1   D1B2 EC   E8 28           LDD 40,S
    323  5+2   D1B5 36   06              PSHU D
    324  2     D1B7 86   1E              LDA #$1e
    325  2     D1B9 C4   0F              ANDB #$0F
    326  2     D1BB CA   A0              ORB #$a0
    327  5+1   D1BD ED   E8 28           STD 40,S
    328
    329  5+1   D1C0 EC   E8 50           LDD 80,S
    330  5+2   D1C3 36   06              PSHU D
    331  2     D1C5 86   E1              LDA #$e1
    332  2     D1C7 C4   0F              ANDB #$0F
    333  2     D1C9 CA   E0              ORB #$e0
    334  5+1   D1CB ED   E8 50           STD 80,S
    335
    336  5+1   D1CE EC   E8 78           LDD 120,S
    337  5+4   D1D1 36   46              PSHU D,S
    338  2     D1D3 84   F0              ANDA #$F0
    339  2     D1D5 C4   0F              ANDB #$0F
    340  4     D1D7 C3   0EE0            ADDD #$0ee0
    341  5+1   D1DA ED   E8 78           STD 120,S
    342
    343  4+4   D1DD 32   E9 00B5         LEAS 181,S
    344  5+1   D1E1 EC   E8 EB           LDD -21,S
    345  5+2   D1E4 36   06              PSHU D
    346  2     D1E6 84   F0              ANDA #$F0
    347  2     D1E8 C4   0F              ANDB #$0F
    348  4     D1EA C3   00E0            ADDD #$00e0
    349  5+1   D1ED ED   E8 EB           STD -21,S
    350
    351  4+1   D1F0 A6   E8 14           LDA 20,S
    352  5+3   D1F3 36   42              PSHU A,S
    353  2     D1F5 84   0F              ANDA #$0F
    354  2     D1F7 8A   00              ORA #$00
    355  4+1   D1F9 A7   E8 14           STA 20,S
    356
    357
    358  7     D1FC 10FE 9F02            LDS $9F00+2
    359  7     D200 10FF D5A0            STS ERASE_POS_HWL5_2+2
    360  3     D204 CE   D77A            LDU #ERASE_DATA_HWL5_END
    361
    362  4+4   D207 32   E9 01F7         LEAS 503,S
    363  5+1   D20B EC   E8 12           LDD 18,S
    364  5+2   D20E 36   06              PSHU D
    365  2     D210 84   F0              ANDA #$F0
    366  2     D212 8A   0D              ORA #$0d
    367  2     D214 C6   AD              LDB #$ad
    368  5+1   D216 ED   E8 12           STD 18,S
    369
    370  5+1   D219 EC   E8 3A           LDD 58,S
    371  5+2   D21C 36   06              PSHU D
    372  2     D21E 84   F0              ANDA #$F0
    373  2     D220 8A   0D              ORA #$0d
    374  2     D222 C6   A3              LDB #$a3
    375  5+1   D224 ED   E8 3A           STD 58,S
    376
    377  4+1   D227 A6   E8 3C           LDA 60,S
    378  5+1   D22A 36   02              PSHU A
    379  2     D22C 84   0F              ANDA #$0F
    380  2     D22E 8A   D0              ORA #$d0
    381  4+1   D230 A7   E8 3C           STA 60,S
    382
    383  5+1   D233 EC   E8 C3           LDD -61,S
    384  5+2   D236 36   06              PSHU D
    385
    386  5+1   D238 EC   E8 EB           LDD -21,S
    387  5+2   D23B 36   06              PSHU D
    388
    389  4+1   D23D A6   E8 14           LDA 20,S
    390  5+3   D240 36   42              PSHU A,S
    391
    392  3     D242 CC   CCCC            LDD #$cccc
    393  5+1   D245 ED   E8 C3           STD -61,S
    394
    395  3     D248 CC   AACD            LDD #$aacd
    396  5+1   D24B ED   E8 EB           STD -21,S
    397
    398  2     D24E 86   DD              LDA #$dd
    399  4+1   D250 A7   E8 14           STA 20,S
    400
    401  4+4   D253 32   E9 00DA         LEAS 218,S
    402  5+1   D257 EC   E8 88           LDD -120,S
    403  5+2   D25A 36   06              PSHU D
    404  2     D25C 84   F0              ANDA #$F0
    405  2     D25E 8A   0C              ORA #$0c
    406  2     D260 C6   C2              LDB #$c2
    407  5+1   D262 ED   E8 88           STD -120,S
    408
    409  5+1   D265 EC   E8 B0           LDD -80,S
    410  5+2   D268 36   06              PSHU D
    411  2     D26A 84   F0              ANDA #$F0
    412  2     D26C 8A   0A              ORA #$0a
    413  2     D26E C6   AA              LDB #$aa
    414  5+1   D270 ED   E8 B0           STD -80,S
    415
    416  4+1   D273 A6   E8 B2           LDA -78,S
    417  5+1   D276 36   02              PSHU A
    418  2     D278 84   0F              ANDA #$0F
    419  2     D27A 8A   C0              ORA #$c0
    420  4+1   D27C A7   E8 B2           STA -78,S
    421
    422  5+1   D27F EC   E8 D8           LDD -40,S
    423  5+2   D282 36   06              PSHU D
    424  2     D284 84   F0              ANDA #$F0
    425  2     D286 8A   0A              ORA #$0a
    426  2     D288 C6   AA              LDB #$aa
    427  5+1   D28A ED   E8 D8           STD -40,S
    428
    429  4+1   D28D A6   E8 DA           LDA -38,S
    430  5+1   D290 36   02              PSHU A
    431
    432  2     D292 86   CC              LDA #$cc
    433  4+1   D294 A7   E8 DA           STA -38,S
    434
    435  5+3   D297 35   12              PULS A,X
    436  5+5   D299 36   52              PSHU A,X,S
    437  2     D29B 86   CA              LDA #$ca
    438  3     D29D 8E   CBDC            LDX #$cbdc
    439  5+3   D2A0 34   12              PSHS A,X
    440
    441  4+1   D2A2 32   E8 28           LEAS 40,S
    442  5+3   D2A5 35   12              PULS A,X
    443  5+5   D2A7 36   52              PSHU A,X,S
    444  2     D2A9 86   DA              LDA #$da
    445  3     D2AB 8E   AADD            LDX #$aadd
    446  5+3   D2AE 34   12              PSHS A,X
    447
    448  4+1   D2B0 32   E8 28           LEAS 40,S
    449  5+3   D2B3 35   12              PULS A,X
    450  5+5   D2B5 36   52              PSHU A,X,S
    451  2     D2B7 86   0A              LDA #$0a
    452  3     D2B9 8E   AADD            LDX #$aadd
    453  5+3   D2BC 34   12              PSHS A,X
    454
    455  4+1   D2BE 32   E8 28           LEAS 40,S
    456  5+3   D2C1 35   12              PULS A,X
    457  5+5   D2C3 36   52              PSHU A,X,S
    458  2     D2C5 86   9C              LDA #$9c
    459  3     D2C7 8E   AA0D            LDX #$aa0d
    460  5+3   D2CA 34   12              PSHS A,X
    461
    462  4+1   D2CC 32   E8 28           LEAS 40,S
    463  4+1   D2CF A6   E8 2A           LDA 42,S
    464  5+1   D2D2 36   02              PSHU A
    465  2     D2D4 84   0F              ANDA #$0F
    466  2     D2D6 8A   D0              ORA #$d0
    467  4+1   D2D8 A7   E8 2A           STA 42,S
    468
    469  5+1   D2DB EC   E8 28           LDD 40,S
    470  5+2   D2DE 36   06              PSHU D
    471
    472  3     D2E0 CC   ABCC            LDD #$abcc
    473  5+1   D2E3 ED   E8 28           STD 40,S
    474
    475  5+3   D2E6 35   12              PULS A,X
    476  5+5   D2E8 36   52              PSHU A,X,S
    477  2     D2EA 86   9A              LDA #$9a
    478  3     D2EC 8E   AC0D            LDX #$ac0d
    479  5+3   D2EF 34   12              PSHS A,X
    480
    481  4+1   D2F1 32   E8 50           LEAS 80,S
    482  5+3   D2F4 35   12              PULS A,X
    483  5+5   D2F6 36   52              PSHU A,X,S
    484  2     D2F8 86   0A              LDA #$0a
    485  3     D2FA 8E   B2CC            LDX #$b2cc
    486  5+3   D2FD 34   12              PSHS A,X
    487
    488  4+1   D2FF 32   E8 28           LEAS 40,S
    489  5+1   D302 EC   E8 28           LDD 40,S
    490  5+2   D305 36   06              PSHU D
    491  2     D307 84   F0              ANDA #$F0
    492  2     D309 8A   03              ORA #$03
    493  2     D30B C6   22              LDB #$22
    494  5+1   D30D ED   E8 28           STD 40,S
    495
    496  5+1   D310 EC   E8 50           LDD 80,S
    497  5+2   D313 36   06              PSHU D
    498  2     D315 84   F0              ANDA #$F0
    499  2     D317 8A   01              ORA #$01
    500  2     D319 C6   23              LDB #$23
    501  5+1   D31B ED   E8 50           STD 80,S
    502
    503  4+1   D31E A6   E8 2A           LDA 42,S
    504  5+1   D321 36   02              PSHU A
    505
    506  4+1   D323 A6   E8 52           LDA 82,S
    507  5+1   D326 36   02              PSHU A
    508
    509  5+1   D328 EC   E8 79           LDD 121,S
    510  5+2   D32B 36   06              PSHU D
    511
    512  3     D32D CC   3D3B            LDD #$3d3b
    513  5+1   D330 ED   E8 79           STD 121,S
    514
    515  2     D333 86   DD              LDA #$dd
    516  4+1   D335 A7   E8 2A           STA 42,S
    517
    518  4+1   D338 A7   E8 52           STA 82,S
    519
    520  5+3   D33B 35   12              PULS A,X
    521  5+5   D33D 36   52              PSHU A,X,S
    522  2     D33F 86   00              LDA #$00
    523  3     D341 8E   22DC            LDX #$22dc
    524  5+3   D344 34   12              PSHS A,X
    525
    526  4+4   D346 32   E9 00A1         LEAS 161,S
    527  5+0   D34A EC   E4              LDD ,S
    528  5+4   D34C 36   46              PSHU D,S
    529
    530  3     D34E CC   1E1B            LDD #$1e1b
    531  5+0   D351 ED   E4              STD ,S
    532
    533  4+4   D353 32   E9 00A0         LEAS 160,S
    534  5+1   D357 EC   E8 88           LDD -120,S
    535  5+2   D35A 36   06              PSHU D
    536  2     D35C 84   F0              ANDA #$F0
    537  2     D35E 8A   03              ORA #$03
    538  2     D360 C6   DA              LDB #$da
    539  5+1   D362 ED   E8 88           STD -120,S
    540
    541  4+1   D365 A6   E8 B2           LDA -78,S
    542  5+1   D368 36   02              PSHU A
    543  2     D36A 84   0F              ANDA #$0F
    544  2     D36C 8A   B0              ORA #$b0
    545  4+1   D36E A7   E8 B2           STA -78,S
    546
    547  4+1   D371 A6   E8 DA           LDA -38,S
    548  5+1   D374 36   02              PSHU A
    549  2     D376 84   0F              ANDA #$0F
    550  2     D378 8A   A0              ORA #$a0
    551  4+1   D37A A7   E8 DA           STA -38,S
    552
    553  5+1   D37D EC   E8 B0           LDD -80,S
    554  5+2   D380 36   06              PSHU D
    555
    556  5+1   D382 EC   E8 D8           LDD -40,S
    557  5+2   D385 36   06              PSHU D
    558
    559  3     D387 CC   A2DB            LDD #$a2db
    560  5+1   D38A ED   E8 B0           STD -80,S
    561
    562  3     D38D CC   92DA            LDD #$92da
    563  5+1   D390 ED   E8 D8           STD -40,S
    564
    565  5+3   D393 35   12              PULS A,X
    566  5+5   D395 36   52              PSHU A,X,S
    567  2     D397 86   92              LDA #$92
    568  3     D399 8E   DAA0            LDX #$daa0
    569  5+3   D39C 34   12              PSHS A,X
    570
    571  4+1   D39E 32   E8 28           LEAS 40,S
    572  5+3   D3A1 35   12              PULS A,X
    573  5+5   D3A3 36   52              PSHU A,X,S
    574  2     D3A5 86   A1              LDA #$a1
    575  3     D3A7 8E   DD99            LDX #$dd99
    576  5+3   D3AA 34   12              PSHS A,X
    577
    578  4+1   D3AC 32   E8 28           LEAS 40,S
    579  5+3   D3AF 35   12              PULS A,X
    580  5+5   D3B1 36   52              PSHU A,X,S
    581  2     D3B3 86   99              LDA #$99
    582  3     D3B5 8E   0A1E            LDX #$0a1e
    583  5+3   D3B8 34   12              PSHS A,X
    584
    585  4+1   D3BA 32   E8 28           LEAS 40,S
    586  5+1   D3BD EC   E8 28           LDD 40,S
    587  5+2   D3C0 36   06              PSHU D
    588  2     D3C2 84   0F              ANDA #$0F
    589  2     D3C4 C4   0F              ANDB #$0F
    590  4     D3C6 C3   A0D0            ADDD #$a0d0
    591  5+1   D3C9 ED   E8 28           STD 40,S
    592
    593  4+1   D3CC A6   E8 4F           LDA 79,S
    594  5+1   D3CF 36   02              PSHU A
    595  2     D3D1 84   F0              ANDA #$F0
    596  2     D3D3 8A   0F              ORA #$0f
    597  4+1   D3D5 A7   E8 4F           STA 79,S
    598
    599  5+1   D3D8 EC   E8 77           LDD 119,S
    600  5+2   D3DB 36   06              PSHU D
    601  2     D3DD 84   F0              ANDA #$F0
    602  2     D3DF C4   F0              ANDB #$F0
    603  4     D3E1 C3   0E0B            ADDD #$0e0b
    604  5+1   D3E4 ED   E8 77           STD 119,S
    605
    606  4+1   D3E7 A6   E8 7A           LDA 122,S
    607  5+1   D3EA 36   02              PSHU A
    608  2     D3EC 84   F0              ANDA #$F0
    609  2     D3EE 8A   01              ORA #$01
    610  4+1   D3F0 A7   E8 7A           STA 122,S
    611
    612  4+1   D3F3 A6   E8 2A           LDA 42,S
    613  5+1   D3F6 36   02              PSHU A
    614
    615  4+1   D3F8 A6   E8 52           LDA 82,S
    616  5+1   D3FB 36   02              PSHU A
    617
    618  2     D3FD 86   11              LDA #$11
    619  4+1   D3FF A7   E8 2A           STA 42,S
    620
    621  2     D402 86   F1              LDA #$f1
    622  4+1   D404 A7   E8 52           STA 82,S
    623
    624  5+3   D407 35   12              PULS A,X
    625  5+5   D409 36   52              PSHU A,X,S
    626  2     D40B 86   9A              LDA #$9a
    627  3     D40D 8E   0D1E            LDX #$0d1e
    628  5+3   D410 34   12              PSHS A,X
    629
    630  4+4   D412 32   E9 0118         LEAS 280,S
    631  5+1   D416 EC   E8 87           LDD -121,S
    632  5+2   D419 36   06              PSHU D
    633  2     D41B 84   F0              ANDA #$F0
    634  2     D41D C4   F0              ANDB #$F0
    635  4     D41F C3   010B            ADDD #$010b
    636  5+1   D422 ED   E8 87           STD -121,S
    637
    638  4+1   D425 A6   E8 8A           LDA -118,S
    639  5+1   D428 36   02              PSHU A
    640  2     D42A 84   F0              ANDA #$F0
    641  2     D42C 8A   0F              ORA #$0f
    642  4+1   D42E A7   E8 8A           STA -118,S
    643
    644  5+1   D431 EC   E8 AF           LDD -81,S
    645  5+2   D434 36   06              PSHU D
    646  2     D436 84   F0              ANDA #$F0
    647  2     D438 8A   01              ORA #$01
    648  2     D43A C6   B1              LDB #$b1
    649  5+1   D43C ED   E8 AF           STD -81,S
    650
    651  5+1   D43F EC   E8 D7           LDD -41,S
    652  5+2   D442 36   06              PSHU D
    653  2     D444 84   F0              ANDA #$F0
    654  2     D446 8A   0E              ORA #$0e
    655  2     D448 C6   BF              LDB #$bf
    656  5+1   D44A ED   E8 D7           STD -41,S
    657
    658  4+0   D44D A6   E4              LDA ,S
    659  5+1   D44F 36   02              PSHU A
    660
    661  4+1   D451 A6   E8 28           LDA 40,S
    662  5+1   D454 36   02              PSHU A
    663
    664  4+1   D456 A6   E8 50           LDA 80,S
    665  5+1   D459 36   02              PSHU A
    666
    667  4+1   D45B A6   E8 78           LDA 120,S
    668  5+3   D45E 36   42              PSHU A,S
    669
    670  2     D460 86   B1              LDA #$b1
    671  4+0   D462 A7   E4              STA ,S
    672
    673  2     D464 86   9A              LDA #$9a
    674  4+1   D466 A7   E8 28           STA 40,S
    675
    676  2     D469 86   EA              LDA #$ea
    677  4+1   D46B A7   E8 50           STA 80,S
    678
    679  2     D46E 86   EE              LDA #$ee
    680  4+1   D470 A7   E8 78           STA 120,S
    681
    682  4+4   D473 32   E9 00A0         LEAS 160,S
    683  4+0   D477 A6   E4              LDA ,S
    684  5+3   D479 36   42              PSHU A,S
    685
    686  2     D47B 86   00              LDA #$00
    687  4+0   D47D A7   E4              STA ,S
    688
    689        D47F               SSAV_HWL5
    690  4     D47F 10CE 0000            LDS #$0000
    691  5+5   D483 35   C8              PULS DP,U,PC * Ajout du PC au PULS>>
    692
    693        D485               ERASE_HWL5
    694  5+3   D485 34   48              PSHS U,DP
    695  7     D487 10FF D693            STS ERASE_SSAV_HWL5+2
    696
    697        D48B               ERASE_POS_HWL5_1
    698  4     D48B 10CE 0000            LDS #$0000
    699  3     D48F CE   D697            LDU #ERASE_DATA_HWL5_1
    700
    701        D492               ERASE_CODE_HWL5_1
    702  5+3   D492 37   42              PULU A,S
    703  4+1   D494 A7   E8 14           STA 20,S
    704  5+2   D497 37   06              PULU D
    705  5+1   D499 ED   E8 EB           STD -21,S
    706  5+4   D49C 37   46              PULU D,S
    707  5+1   D49E ED   E8 78           STD 120,S
    708  5+2   D4A1 37   06              PULU D
    709  5+1   D4A3 ED   E8 50           STD 80,S
    710  5+2   D4A6 37   06              PULU D
    711  5+1   D4A8 ED   E8 28           STD 40,S
    712  5+2   D4AB 37   06              PULU D
    713  5+0   D4AD ED   E4              STD ,S
    714  5+1   D4AF 37   02              PULU A
    715  4+1   D4B1 A7   E8 DB           STA -37,S
    716  5+2   D4B4 37   06              PULU D
    717  5+1   D4B6 ED   E8 D8           STD -40,S
    718  5+1   D4B9 37   02              PULU A
    719  4+1   D4BB A7   E8 B3           STA -77,S
    720  5+2   D4BE 37   06              PULU D
    721  5+1   D4C0 ED   E8 B0           STD -80,S
    722  5+1   D4C3 37   02              PULU A
    723  4+1   D4C5 A7   E8 8B           STA -117,S
    724  5+2   D4C8 37   06              PULU D
    725  5+1   D4CA ED   E8 88           STD -120,S
    726  5+3   D4CD 37   42              PULU A,S
    727  4+1   D4CF A7   E8 77           STA 119,S
    728  5+1   D4D2 37   02              PULU A
    729  4+0   D4D4 A7   E4              STA ,S
    730  5+1   D4D6 37   02              PULU A
    731  4+1   D4D8 A7   E8 D8           STA -40,S
    732  5+1   D4DB 37   02              PULU A
    733  4+1   D4DD A7   E8 B0           STA -80,S
    734  5+1   D4E0 37   02              PULU A
    735  4+1   D4E2 A7   E8 88           STA -120,S
    736  5+1   D4E5 37   02              PULU A
    737  4+1   D4E7 A7   E8 79           STA 121,S
    738  5+1   D4EA 37   02              PULU A
    739  4+1   D4EC A7   E8 51           STA 81,S
    740  5+1   D4EF 37   02              PULU A
    741  4+1   D4F1 A7   E8 4F           STA 79,S
    742  5+1   D4F4 37   02              PULU A
    743  4+1   D4F6 A7   E8 28           STA 40,S
    744  5+2   D4F9 37   06              PULU D
    745  5+1   D4FB ED   E8 26           STD 38,S
    746  5+2   D4FE 37   06              PULU D
    747  5+1   D500 ED   7E              STD -2,S
    748  5+2   D502 37   06              PULU D
    749  5+1   D504 ED   E8 D6           STD -42,S
    750  5+2   D507 37   06              PULU D
    751  5+1   D509 ED   E8 AE           STD -82,S
    752  5+2   D50C 37   06              PULU D
    753  5+1   D50E ED   E8 86           STD -122,S
    754  5+5   D511 37   52              PULU A,X,S
    755  5+3   D513 34   12              PSHS A,X
    756  5+2   D515 37   06              PULU D
    757  5+1   D517 ED   E8 79           STD 121,S
    758  5+2   D51A 37   06              PULU D
    759  5+1   D51C ED   E8 51           STD 81,S
    760  5+1   D51F 37   02              PULU A
    761  4+1   D521 A7   E8 2A           STA 42,S
    762  5+2   D524 37   06              PULU D
    763  5+1   D526 ED   E8 D8           STD -40,S
    764  5+2   D529 37   06              PULU D
    765  5+1   D52B ED   E8 B0           STD -80,S
    766  5+2   D52E 37   06              PULU D
    767  5+1   D530 ED   E8 88           STD -120,S
    768  5+2   D533 37   06              PULU D
    769  5+1   D535 ED   E8 28           STD 40,S
    770  5+1   D538 37   02              PULU A
    771  4+1   D53A A7   E8 DA           STA -38,S
    772  5+1   D53D 37   02              PULU A
    773  4+1   D53F A7   E8 B2           STA -78,S
    774  5+1   D542 37   02              PULU A
    775  4+1   D544 A7   E8 8A           STA -118,S
    776  5+5   D547 37   52              PULU A,X,S
    777  5+3   D549 34   12              PSHS A,X
    778  5+2   D54B 37   06              PULU D
    779  5+1   D54D ED   E8 78           STD 120,S
    780  5+2   D550 37   06              PULU D
    781  5+1   D552 ED   E8 50           STD 80,S
    782  5+2   D555 37   06              PULU D
    783  5+1   D557 ED   E8 28           STD 40,S
    784  5+5   D55A 37   52              PULU A,X,S
    785  5+3   D55C 34   12              PSHS A,X
    786  5+2   D55E 37   06              PULU D
    787  5+1   D560 ED   E8 D8           STD -40,S
    788  5+2   D563 37   06              PULU D
    789  5+1   D565 ED   E8 B0           STD -80,S
    790  5+2   D568 37   06              PULU D
    791  5+1   D56A ED   E8 88           STD -120,S
    792  5+1   D56D 37   02              PULU A
    793  4+1   D56F A7   E8 DA           STA -38,S
    794  5+1   D572 37   02              PULU A
    795  4+1   D574 A7   E8 B2           STA -78,S
    796  5+4   D577 37   46              PULU D,S
    797  5+1   D579 ED   E8 77           STD 119,S
    798  5+2   D57C 37   06              PULU D
    799  5+1   D57E ED   E8 4F           STD 79,S
    800  5+2   D581 37   06              PULU D
    801  5+1   D583 ED   E8 27           STD 39,S
    802  5+2   D586 37   06              PULU D
    803  5+1   D588 ED   7F              STD -1,S
    804  5+1   D58A 37   02              PULU A
    805  4+1   D58C A7   E8 B0           STA -80,S
    806  5+1   D58F 37   02              PULU A
    807  4+1   D591 A7   E8 88           STA -120,S
    808  5+1   D594 37   02              PULU A
    809  4+1   D596 A7   E8 D9           STA -39,S
    810  5+2   D599 37   06              PULU D
    811  5+1   D59B ED   E8 D7           STD -41,S
    812        D59E               ERASE_POS_HWL5_2
    813  4     D59E 10CE 0000            LDS #$0000
    814  3     D5A2 CE   D700            LDU #ERASE_DATA_HWL5_2
    815
    816        D5A5               ERASE_CODE_HWL5_2
    817  5+3   D5A5 37   42              PULU A,S
    818  4+0   D5A7 A7   E4              STA ,S
    819  5+3   D5A9 37   42              PULU A,S
    820  4+1   D5AB A7   E8 78           STA 120,S
    821  5+1   D5AE 37   02              PULU A
    822  4+1   D5B0 A7   E8 50           STA 80,S
    823  5+1   D5B3 37   02              PULU A
    824  4+1   D5B5 A7   E8 28           STA 40,S
    825  5+1   D5B8 37   02              PULU A
    826  4+0   D5BA A7   E4              STA ,S
    827  5+2   D5BC 37   06              PULU D
    828  5+1   D5BE ED   E8 D7           STD -41,S
    829  5+2   D5C1 37   06              PULU D
    830  5+1   D5C3 ED   E8 AF           STD -81,S
    831  5+1   D5C6 37   02              PULU A
    832  4+1   D5C8 A7   E8 8A           STA -118,S
    833  5+2   D5CB 37   06              PULU D
    834  5+1   D5CD ED   E8 87           STD -121,S
    835  5+5   D5D0 37   52              PULU A,X,S
    836  5+3   D5D2 34   12              PSHS A,X
    837  5+1   D5D4 37   02              PULU A
    838  4+1   D5D6 A7   E8 52           STA 82,S
    839  5+1   D5D9 37   02              PULU A
    840  4+1   D5DB A7   E8 2A           STA 42,S
    841  5+1   D5DE 37   02              PULU A
    842  4+1   D5E0 A7   E8 7A           STA 122,S
    843  5+2   D5E3 37   06              PULU D
    844  5+1   D5E5 ED   E8 77           STD 119,S
    845  5+1   D5E8 37   02              PULU A
    846  4+1   D5EA A7   E8 4F           STA 79,S
    847  5+2   D5ED 37   06              PULU D
    848  5+1   D5EF ED   E8 28           STD 40,S
    849  5+5   D5F2 37   52              PULU A,X,S
    850  5+3   D5F4 34   12              PSHS A,X
    851  5+5   D5F6 37   52              PULU A,X,S
    852  5+3   D5F8 34   12              PSHS A,X
    853  5+5   D5FA 37   52              PULU A,X,S
    854  5+3   D5FC 34   12              PSHS A,X
    855  5+2   D5FE 37   06              PULU D
    856  5+1   D600 ED   E8 D8           STD -40,S
    857  5+2   D603 37   06              PULU D
    858  5+1   D605 ED   E8 B0           STD -80,S
    859  5+1   D608 37   02              PULU A
    860  4+1   D60A A7   E8 DA           STA -38,S
    861  5+1   D60D 37   02              PULU A
    862  4+1   D60F A7   E8 B2           STA -78,S
    863  5+2   D612 37   06              PULU D
    864  5+1   D614 ED   E8 88           STD -120,S
    865  5+4   D617 37   46              PULU D,S
    866  5+0   D619 ED   E4              STD ,S
    867  5+5   D61B 37   52              PULU A,X,S
    868  5+3   D61D 34   12              PSHS A,X
    869  5+2   D61F 37   06              PULU D
    870  5+1   D621 ED   E8 79           STD 121,S
    871  5+1   D624 37   02              PULU A
    872  4+1   D626 A7   E8 52           STA 82,S
    873  5+1   D629 37   02              PULU A
    874  4+1   D62B A7   E8 2A           STA 42,S
    875  5+2   D62E 37   06              PULU D
    876  5+1   D630 ED   E8 50           STD 80,S
    877  5+2   D633 37   06              PULU D
    878  5+1   D635 ED   E8 28           STD 40,S
    879  5+5   D638 37   52              PULU A,X,S
    880  5+3   D63A 34   12              PSHS A,X
    881  5+5   D63C 37   52              PULU A,X,S
    882  5+3   D63E 34   12              PSHS A,X
    883  5+2   D640 37   06              PULU D
    884  5+1   D642 ED   E8 28           STD 40,S
    885  5+1   D645 37   02              PULU A
    886  4+1   D647 A7   E8 2A           STA 42,S
    887  5+5   D64A 37   52              PULU A,X,S
    888  5+3   D64C 34   12              PSHS A,X
    889  5+5   D64E 37   52              PULU A,X,S
    890  5+3   D650 34   12              PSHS A,X
    891  5+5   D652 37   52              PULU A,X,S
    892  5+3   D654 34   12              PSHS A,X
    893  5+5   D656 37   52              PULU A,X,S
    894  5+3   D658 34   12              PSHS A,X
    895  5+1   D65A 37   02              PULU A
    896  4+1   D65C A7   E8 DA           STA -38,S
    897  5+2   D65F 37   06              PULU D
    898  5+1   D661 ED   E8 D8           STD -40,S
    899  5+1   D664 37   02              PULU A
    900  4+1   D666 A7   E8 B2           STA -78,S
    901  5+2   D669 37   06              PULU D
    902  5+1   D66B ED   E8 B0           STD -80,S
    903  5+2   D66E 37   06              PULU D
    904  5+1   D670 ED   E8 88           STD -120,S
    905  5+3   D673 37   42              PULU A,S
    906  4+1   D675 A7   E8 14           STA 20,S
    907  5+2   D678 37   06              PULU D
    908  5+1   D67A ED   E8 EB           STD -21,S
    909  5+2   D67D 37   06              PULU D
    910  5+1   D67F ED   E8 C3           STD -61,S
    911  5+1   D682 37   02              PULU A
    912  4+1   D684 A7   E8 3C           STA 60,S
    913  5+2   D687 37   06              PULU D
    914  5+1   D689 ED   E8 3A           STD 58,S
    915  5+2   D68C 37   06              PULU D
    916  5+1   D68E ED   E8 12           STD 18,S
    917        D691               ERASE_SSAV_HWL5
    918  4     D691 10CE 0000            LDS #$0000
    919  5+5   D695 35   C8              PULS DP,U,PC * Ajout du PC au PULS>>
    920
    921        D697               ERASE_DATA_HWL5_1
    922        D697 0000                 FDB $0000
    923        D699 0000                 FDB $0000
    924        D69B 0000                 FDB $0000
    925        D69D 0000                 FDB $0000
    926        D69F 0000                 FDB $0000
    927        D6A1 0000                 FDB $0000
    928        D6A3 0000                 FDB $0000
    929        D6A5 0000                 FDB $0000
    930        D6A7 0000                 FDB $0000
    931        D6A9 0000                 FDB $0000
    932        D6AB 0000                 FDB $0000
    933        D6AD 0000                 FDB $0000
    934        D6AF 0000                 FDB $0000
    935        D6B1 0000                 FDB $0000
    936        D6B3 0000                 FDB $0000
    937        D6B5 0000                 FDB $0000
    938        D6B7 0000                 FDB $0000
    939        D6B9 0000                 FDB $0000
    940        D6BB 0000                 FDB $0000
    941        D6BD 0000                 FDB $0000
    942        D6BF 0000                 FDB $0000
    943        D6C1 0000                 FDB $0000
    944        D6C3 0000                 FDB $0000
    945        D6C5 0000                 FDB $0000
    946        D6C7 0000                 FDB $0000
    947        D6C9 0000                 FDB $0000
    948        D6CB 0000                 FDB $0000
    949        D6CD 0000                 FDB $0000
    950        D6CF 0000                 FDB $0000
    951        D6D1 0000                 FDB $0000
    952        D6D3 0000                 FDB $0000
    953        D6D5 0000                 FDB $0000
    954        D6D7 0000                 FDB $0000
    955        D6D9 0000                 FDB $0000
    956        D6DB 0000                 FDB $0000
    957        D6DD 0000                 FDB $0000
    958        D6DF 0000                 FDB $0000
    959        D6E1 0000                 FDB $0000
    960        D6E3 0000                 FDB $0000
    961        D6E5 0000                 FDB $0000
    962        D6E7 0000                 FDB $0000
    963        D6E9 0000                 FDB $0000
    964        D6EB 0000                 FDB $0000
    965        D6ED 0000                 FDB $0000
    966        D6EF 0000                 FDB $0000
    967        D6F1 0000                 FDB $0000
    968        D6F3 0000                 FDB $0000
    969        D6F5 0000                 FDB $0000
    970        D6F7 0000                 FDB $0000
    971        D6F9 0000                 FDB $0000
    972        D6FB 0000                 FDB $0000
    973        D6FD 0000                 FDB $0000
    974        D6FF 00                   FCB $00
    975        D700               ERASE_DATA_HWL5_2
    976        D700 0000                 FDB $0000
    977        D702 0000                 FDB $0000
    978        D704 0000                 FDB $0000
    979        D706 0000                 FDB $0000
    980        D708 0000                 FDB $0000
    981        D70A 0000                 FDB $0000
    982        D70C 0000                 FDB $0000
    983        D70E 0000                 FDB $0000
    984        D710 0000                 FDB $0000
    985        D712 0000                 FDB $0000
    986        D714 0000                 FDB $0000
    987        D716 0000                 FDB $0000
    988        D718 0000                 FDB $0000
    989        D71A 0000                 FDB $0000
    990        D71C 0000                 FDB $0000
    991        D71E 0000                 FDB $0000
    992        D720 0000                 FDB $0000
    993        D722 0000                 FDB $0000
    994        D724 0000                 FDB $0000
    995        D726 0000                 FDB $0000
    996        D728 0000                 FDB $0000
    997        D72A 0000                 FDB $0000
    998        D72C 0000                 FDB $0000
    999        D72E 0000                 FDB $0000
   1000        D730 0000                 FDB $0000
   1001        D732 0000                 FDB $0000
   1002        D734 0000                 FDB $0000
   1003        D736 0000                 FDB $0000
   1004        D738 0000                 FDB $0000
   1005        D73A 0000                 FDB $0000
   1006        D73C 0000                 FDB $0000
   1007        D73E 0000                 FDB $0000
   1008        D740 0000                 FDB $0000
   1009        D742 0000                 FDB $0000
   1010        D744 0000                 FDB $0000
   1011        D746 0000                 FDB $0000
   1012        D748 0000                 FDB $0000
   1013        D74A 0000                 FDB $0000
   1014        D74C 0000                 FDB $0000
   1015        D74E 0000                 FDB $0000
   1016        D750 0000                 FDB $0000
   1017        D752 0000                 FDB $0000
   1018        D754 0000                 FDB $0000
   1019        D756 0000                 FDB $0000
   1020        D758 0000                 FDB $0000
   1021        D75A 0000                 FDB $0000
   1022        D75C 0000                 FDB $0000
   1023        D75E 0000                 FDB $0000
   1024        D760 0000                 FDB $0000
   1025        D762 0000                 FDB $0000
   1026        D764 0000                 FDB $0000
   1027        D766 0000                 FDB $0000
   1028        D768 0000                 FDB $0000
   1029        D76A 0000                 FDB $0000
   1030        D76C 0000                 FDB $0000
   1031        D76E 0000                 FDB $0000
   1032        D770 0000                 FDB $0000
   1033        D772 0000                 FDB $0000
   1034        D774 0000                 FDB $0000
   1035        D776 0000                 FDB $0000
   1036        D778 00                   FCB $00
   1037        D779 00                   FCB $00
   1038        D77A               ERASE_DATA_HWL5_END

000000 Total Errors

000011 Total Symbols
     0x          Label CF55 DRAW_HWL5
     0x          Label D492 ERASE_CODE_HWL5_1
     0x          Label D5A5 ERASE_CODE_HWL5_2
     1x          Label D697 ERASE_DATA_HWL5_1
     2x          Label D700 ERASE_DATA_HWL5_2
     1x          Label D77A ERASE_DATA_HWL5_END
     0x          Label D485 ERASE_HWL5
     1x          Label D48B ERASE_POS_HWL5_1
     1x          Label D59E ERASE_POS_HWL5_2
     1x          Label D691 ERASE_SSAV_HWL5
     1x          Label D47F SSAV_HWL5

