/*--------------------------------------------------------------*
 * Compilé avec C6809 v0.83                                     *
 *--------------------------------------------------------------*
 * Fichier source      : TMP.ASS
 * Fichier destination : TMP.BIN
 * Contenu :
 *     Main     0:TMP.ASS      14779
 *--------------------------------------------------------------*/

Macro Pass
Pass1
Pass2
      2        A000                      ORG $A000
      3        A000               DRAW_HIL0
      4  5+3   A000 34   48              PSHS U,DP
      5  7     A002 10FF A659            STS SSAV_HIL0+2
      6
      7  7     A006 10FE 9F00            LDS $9F00
      8  7     A00A 10FF A666            STS ERASE_POS_HIL0_1+2
      9  3     A00E CE   A65E            LDU #DATA_HIL0_1
     10
     11  4+1   A011 32   7E              LEAS -2,S
     12  5+1   A013 AE   7E              LDX -2,S
     13  6     A015 BF   A66E            STX ERASE_CODE_HIL0_1+3
     14  3     A018 8E   AAA9            LDX #$aaa9
     15  5+1   A01B AF   7E              STX -2,S
     16  5+1   A01D AE   E8 D6           LDX -42,S
     17  6     A020 BF   A673            STX ERASE_CODE_HIL0_1+8
     18  3     A023 8E   7335            LDX #$7335
     19  5+1   A026 AF   E8 D6           STX -42,S
     20  5+1   A029 AE   E8 AE           LDX -82,S
     21  6     A02C BF   A679            STX ERASE_CODE_HIL0_1+14
     22  3     A02F 8E   A985            LDX #$a985
     23  5+1   A032 AF   E8 AE           STX -82,S
     24  5+1   A035 AE   E8 86           LDX -122,S
     25  6     A038 BF   A67F            STX ERASE_CODE_HIL0_1+20
     26  3     A03B 8E   8287            LDX #$8287
     27  5+1   A03E AF   E8 86           STX -122,S
     28  4+4   A041 32   E9 FF60         LEAS -160,S
     29  4+1   A045 A6   7F              LDA -1,S
     30  5     A047 B7   A689            STA ERASE_CODE_HIL0_1+30
     31  2     A04A 86   78              LDA #$78
     32  4+1   A04C A7   7F              STA -1,S
     33  4+1   A04E A6   7E              LDA -2,S
     34  5     A050 B7   A691            STA ERASE_CODE_HIL0_1+38
     35  2     A053 86   F0              LDA  #$F0
     36  4+1   A055 A4   7E              ANDA -2,S
     37  2     A057 8B   07              ADDA #$07
     38  4+1   A059 A7   7E              STA -2,S
     39  4+1   A05B A6   E8 D7           LDA -41,S
     40  5     A05E B7   A695            STA ERASE_CODE_HIL0_1+42
     41  2     A061 86   85              LDA #$85
     42  4+1   A063 A7   E8 D7           STA -41,S
     43  4+1   A066 A6   E8 D6           LDA -42,S
     44  5     A069 B7   A69F            STA ERASE_CODE_HIL0_1+52
     45  2     A06C 86   F0              LDA  #$F0
     46  4+1   A06E A4   E8 D6           ANDA -42,S
     47  2     A071 8B   08              ADDA #$08
     48  4+1   A073 A7   E8 D6           STA -42,S
     49  4+1   A076 A6   E8 AF           LDA -81,S
     50  5     A079 B7   A6A4            STA ERASE_CODE_HIL0_1+57
     51  2     A07C 86   88              LDA #$88
     52  4+1   A07E A7   E8 AF           STA -81,S
     53  4+1   A081 A6   E8 AE           LDA -82,S
     54  5     A084 B7   A6AE            STA ERASE_CODE_HIL0_1+67
     55  2     A087 86   F0              LDA  #$F0
     56  4+1   A089 A4   E8 AE           ANDA -82,S
     57  2     A08C 8B   08              ADDA #$08
     58  4+1   A08E A7   E8 AE           STA -82,S
     59  4+1   A091 A6   E8 87           LDA -121,S
     60  5     A094 B7   A6B8            STA ERASE_CODE_HIL0_1+77
     61  2     A097 86   F0              LDA  #$F0
     62  4+1   A099 A4   E8 87           ANDA -121,S
     63  2     A09C 8B   04              ADDA #$04
     64  4+1   A09E A7   E8 87           STA -121,S
     65  4+4   A0A1 32   E9 FF5F         LEAS -161,S
     66  4+0   A0A5 A6   E4              LDA ,S
     67  5     A0A7 B7   A6C5            STA ERASE_CODE_HIL0_1+90
     68  2     A0AA 86   F0              LDA  #$F0
     69  4+0   A0AC A4   E4              ANDA ,S
     70  2     A0AE 8B   04              ADDA #$04
     71  4+0   A0B0 A7   E4              STA ,S
     72  4+1   A0B2 A6   E8 D8           LDA -40,S
     73  5     A0B5 B7   A6C9            STA ERASE_CODE_HIL0_1+94
     74  2     A0B8 86   22              LDA #$22
     75  4+1   A0BA A7   E8 D8           STA -40,S
     76  4+1   A0BD A6   E8 D7           LDA -41,S
     77  5     A0C0 B7   A6D3            STA ERASE_CODE_HIL0_1+104
     78  2     A0C3 86   F0              LDA  #$F0
     79  4+1   A0C5 A4   E8 D7           ANDA -41,S
     80  2     A0C8 8B   02              ADDA #$02
     81  4+1   A0CA A7   E8 D7           STA -41,S
     82  4+1   A0CD A6   E8 B0           LDA -80,S
     83  5     A0D0 B7   A6D8            STA ERASE_CODE_HIL0_1+109
     84  2     A0D3 86   25              LDA #$25
     85  4+1   A0D5 A7   E8 B0           STA -80,S
     86  4+1   A0D8 A6   E8 AF           LDA -81,S
     87  5     A0DB B7   A6E2            STA ERASE_CODE_HIL0_1+119
     88  2     A0DE 86   F0              LDA  #$F0
     89  4+1   A0E0 A4   E8 AF           ANDA -81,S
     90  2     A0E3 8B   02              ADDA #$02
     91  4+1   A0E5 A7   E8 AF           STA -81,S
     92  4+1   A0E8 A6   E8 89           LDA -119,S
     93  5     A0EB B7   A6EC            STA ERASE_CODE_HIL0_1+129
     94  2     A0EE 86   0F              LDA  #$0F
     95  4+1   A0F0 A4   E8 89           ANDA -119,S
     96  2     A0F3 8B   40              ADDA #$40
     97  4+1   A0F5 A7   E8 89           STA -119,S
     98  5+1   A0F8 AE   E8 87           LDX -121,S
     99  6     A0FB BF   A6F1            STX ERASE_CODE_HIL0_1+134
    100  3     A0FE 8E   2558            LDX #$2558
    101  5+1   A101 AF   E8 87           STX -121,S
    102  4+4   A104 32   E9 FF61         LEAS -159,S
    103  4+0   A108 A6   E4              LDA ,S
    104  5     A10A B7   A6FF            STA ERASE_CODE_HIL0_1+148
    105  2     A10D 86   0F              LDA  #$0F
    106  4+0   A10F A4   E4              ANDA ,S
    107  2     A111 8B   40              ADDA #$40
    108  4+0   A113 A7   E4              STA ,S
    109  5+1   A115 AE   7E              LDX -2,S
    110  6     A117 BF   A703            STX ERASE_CODE_HIL0_1+152
    111  3     A11A 8E   5288            LDX #$5288
    112  5+1   A11D AF   7E              STX -2,S
    113  4+1   A11F A6   E8 D8           LDA -40,S
    114  5     A122 B7   A70D            STA ERASE_CODE_HIL0_1+162
    115  2     A125 86   0F              LDA  #$0F
    116  4+1   A127 A4   E8 D8           ANDA -40,S
    117  2     A12A 8B   20              ADDA #$20
    118  4+1   A12C A7   E8 D8           STA -40,S
    119  5+1   A12F AE   E8 D6           LDX -42,S
    120  6     A132 BF   A712            STX ERASE_CODE_HIL0_1+167
    121  3     A135 8E   8288            LDX #$8288
    122  5+1   A138 AF   E8 D6           STX -42,S
    123  4+1   A13B A6   E8 B0           LDA -80,S
    124  5     A13E B7   A71D            STA ERASE_CODE_HIL0_1+178
    125  2     A141 86   0F              LDA  #$0F
    126  4+1   A143 A4   E8 B0           ANDA -80,S
    127  2     A146 8B   00              ADDA #$00
    128  4+1   A148 A7   E8 B0           STA -80,S
    129  4+1   A14B A6   E8 AF           LDA -81,S
    130  5     A14E B7   A722            STA ERASE_CODE_HIL0_1+183
    131  2     A151 86   88              LDA #$88
    132  4+1   A153 A7   E8 AF           STA -81,S
    133  4+1   A156 A6   E8 AE           LDA -82,S
    134  5     A159 B7   A72C            STA ERASE_CODE_HIL0_1+193
    135  2     A15C 86   F0              LDA  #$F0
    136  4+1   A15E A4   E8 AE           ANDA -82,S
    137  2     A161 8B   09              ADDA #$09
    138  4+1   A163 A7   E8 AE           STA -82,S
    139  4+1   A166 A6   E8 87           LDA -121,S
    140  5     A169 B7   A731            STA ERASE_CODE_HIL0_1+198
    141  2     A16C 86   28              LDA #$28
    142  4+1   A16E A7   E8 87           STA -121,S
    143  4+1   A171 A6   E8 86           LDA -122,S
    144  5     A174 B7   A73B            STA ERASE_CODE_HIL0_1+208
    145  2     A177 86   F0              LDA  #$F0
    146  4+1   A179 A4   E8 86           ANDA -122,S
    147  2     A17C 8B   03              ADDA #$03
    148  4+1   A17E A7   E8 86           STA -122,S
    149  4+4   A181 32   E9 FF60         LEAS -160,S
    150  4+1   A185 A6   7F              LDA -1,S
    151  5     A187 B7   A744            STA ERASE_CODE_HIL0_1+217
    152  2     A18A 86   29              LDA #$29
    153  4+1   A18C A7   7F              STA -1,S
    154  4+1   A18E A6   7E              LDA -2,S
    155  5     A190 B7   A74C            STA ERASE_CODE_HIL0_1+225
    156  2     A193 86   F0              LDA  #$F0
    157  4+1   A195 A4   7E              ANDA -2,S
    158  2     A197 8B   06              ADDA #$06
    159  4+1   A199 A7   7E              STA -2,S
    160  4+1   A19B A6   E8 D7           LDA -41,S
    161  5     A19E B7   A750            STA ERASE_CODE_HIL0_1+229
    162  2     A1A1 86   47              LDA #$47
    163  4+1   A1A3 A7   E8 D7           STA -41,S
    164  4+1   A1A6 A6   E8 D6           LDA -42,S
    165  5     A1A9 B7   A75A            STA ERASE_CODE_HIL0_1+239
    166  2     A1AC 86   F0              LDA  #$F0
    167  4+1   A1AE A4   E8 D6           ANDA -42,S
    168  2     A1B1 8B   03              ADDA #$03
    169  4+1   A1B3 A7   E8 D6           STA -42,S
    170  4+1   A1B6 A6   E8 AF           LDA -81,S
    171  5     A1B9 B7   A75F            STA ERASE_CODE_HIL0_1+244
    172  2     A1BC 86   76              LDA #$76
    173  4+1   A1BE A7   E8 AF           STA -81,S
    174  4+1   A1C1 A6   E8 AE           LDA -82,S
    175  5     A1C4 B7   A769            STA ERASE_CODE_HIL0_1+254
    176  2     A1C7 86   F0              LDA  #$F0
    177  4+1   A1C9 A4   E8 AE           ANDA -82,S
    178  2     A1CC 8B   07              ADDA #$07
    179  4+1   A1CE A7   E8 AE           STA -82,S
    180  4+1   A1D1 A6   E8 87           LDA -121,S
    181  5     A1D4 B7   A76E            STA ERASE_CODE_HIL0_1+259
    182  2     A1D7 86   49              LDA #$49
    183  4+1   A1D9 A7   E8 87           STA -121,S
    184  4+4   A1DC 32   E9 FF61         LEAS -159,S
    185  5+1   A1E0 AE   7E              LDX -2,S
    186  6     A1E2 BF   A777            STX ERASE_CODE_HIL0_1+268
    187  3     A1E5 8E   7424            LDX #$7424
    188  5+1   A1E8 AF   7E              STX -2,S
    189  4+1   A1EA A6   7D              LDA -3,S
    190  5     A1EC B7   A780            STA ERASE_CODE_HIL0_1+277
    191  2     A1EF 86   F0              LDA  #$F0
    192  4+1   A1F1 A4   7D              ANDA -3,S
    193  2     A1F3 8B   07              ADDA #$07
    194  4+1   A1F5 A7   7D              STA -3,S
    195  5+1   A1F7 AE   E8 D6           LDX -42,S
    196  6     A1FA BF   A784            STX ERASE_CODE_HIL0_1+281
    197  3     A1FD 8E   6442            LDX #$6442
    198  5+1   A200 AF   E8 D6           STX -42,S
    199  4+1   A203 A6   E8 D5           LDA -43,S
    200  5     A206 B7   A78F            STA ERASE_CODE_HIL0_1+292
    201  2     A209 86   F0              LDA  #$F0
    202  4+1   A20B A4   E8 D5           ANDA -43,S
    203  2     A20E 8B   03              ADDA #$03
    204  4+1   A210 A7   E8 D5           STA -43,S
    205  4+1   A213 32   E8 AD           LEAS -83,S
    206  5+3   A216 35   12              PULS A,X
    207  5     A218 B7   A797            STA ERASE_CODE_HIL0_1+300
    208  6     A21B BF   A799            STX ERASE_CODE_HIL0_1+302
    209  2     A21E 86   76              LDA #$76
    210  3     A220 8E   6320            LDX #$6320
    211  5+3   A223 34   12              PSHS X,A
    212  4+1   A225 32   E8 D8           LEAS -40,S
    213  5+3   A228 35   12              PULS A,X
    214  5     A22A B7   A7A1            STA ERASE_CODE_HIL0_1+310
    215  6     A22D BF   A7A3            STX ERASE_CODE_HIL0_1+312
    216  2     A230 86   96              LDA #$96
    217  3     A232 8E   6300            LDX #$6300
    218  5+3   A235 34   12              PSHS X,A
    219  4+1   A237 A6   E8 DA           LDA -38,S
    220  5     A23A B7   A7AD            STA ERASE_CODE_HIL0_1+322
    221  2     A23D 86   0F              LDA  #$0F
    222  4+1   A23F A4   E8 DA           ANDA -38,S
    223  2     A242 8B   00              ADDA #$00
    224  4+1   A244 A7   E8 DA           STA -38,S
    225  5+1   A247 AE   E8 D8           LDX -40,S
    226  6     A24A BF   A7B2            STX ERASE_CODE_HIL0_1+327
    227  3     A24D 8E   5860            LDX #$5860
    228  5+1   A250 AF   E8 D8           STX -40,S
    229  5+1   A253 AE   E8 B0           LDX -80,S
    230  6     A256 BF   A7B8            STX ERASE_CODE_HIL0_1+333
    231  3     A259 8E   9910            LDX #$9910
    232  5+1   A25C AF   E8 B0           STX -80,S
    233  4+1   A25F A6   E8 8A           LDA -118,S
    234  5     A262 B7   A7C3            STA ERASE_CODE_HIL0_1+344
    235  2     A265 86   0F              LDA  #$0F
    236  4+1   A267 A4   E8 8A           ANDA -118,S
    237  2     A26A 8B   20              ADDA #$20
    238  4+1   A26C A7   E8 8A           STA -118,S
    239  5+1   A26F AE   E8 88           LDX -120,S
    240  6     A272 BF   A7C8            STX ERASE_CODE_HIL0_1+349
    241  3     A275 8E   9911            LDX #$9911
    242  5+1   A278 AF   E8 88           STX -120,S
    243  4+4   A27B 32   E9 FF63         LEAS -157,S
    244  4+1   A27F 32   7D              LEAS -3,S
    245  5+3   A281 35   12              PULS A,X
    246  5     A283 B7   A7D2            STA ERASE_CODE_HIL0_1+359
    247  6     A286 BF   A7D4            STX ERASE_CODE_HIL0_1+361
    248  2     A289 86   09              LDA #$09
    249  3     A28B 8E   1142            LDX #$1142
    250  5+3   A28E 34   12              PSHS X,A
    251  4+1   A290 32   E8 D8           LEAS -40,S
    252  5+3   A293 35   12              PULS A,X
    253  5     A295 B7   A7DC            STA ERASE_CODE_HIL0_1+369
    254  6     A298 BF   A7DE            STX ERASE_CODE_HIL0_1+371
    255  2     A29B 86   10              LDA #$10
    256  3     A29D 8E   1144            LDX #$1144
    257  5+3   A2A0 34   12              PSHS X,A
    258  4+1   A2A2 32   E8 D8           LEAS -40,S
    259  5+3   A2A5 35   12              PULS A,X
    260  5     A2A7 B7   A7E6            STA ERASE_CODE_HIL0_1+379
    261  6     A2AA BF   A7E8            STX ERASE_CODE_HIL0_1+381
    262  2     A2AD 86   11              LDA #$11
    263  3     A2AF 8E   1122            LDX #$1122
    264  5+3   A2B2 34   12              PSHS X,A
    265  4+1   A2B4 32   E8 D8           LEAS -40,S
    266  5+3   A2B7 35   12              PULS A,X
    267  5     A2B9 B7   A7F0            STA ERASE_CODE_HIL0_1+389
    268  6     A2BC BF   A7F2            STX ERASE_CODE_HIL0_1+391
    269  2     A2BF 86   15              LDA #$15
    270  3     A2C1 8E   5500            LDX #$5500
    271  5+3   A2C4 34   12              PSHS X,A
    272  4+1   A2C6 A6   E8 DA           LDA -38,S
    273  5     A2C9 B7   A7FC            STA ERASE_CODE_HIL0_1+401
    274  2     A2CC 86   0F              LDA  #$0F
    275  4+1   A2CE A4   E8 DA           ANDA -38,S
    276  2     A2D1 8B   00              ADDA #$00
    277  4+1   A2D3 A7   E8 DA           STA -38,S
    278  5+1   A2D6 AE   E8 D8           LDX -40,S
    279  6     A2D9 BF   A801            STX ERASE_CODE_HIL0_1+406
    280  3     A2DC 8E   1511            LDX #$1511
    281  5+1   A2DF AF   E8 D8           STX -40,S
    282  5+1   A2E2 AE   E8 B0           LDX -80,S
    283  6     A2E5 BF   A807            STX ERASE_CODE_HIL0_1+412
    284  3     A2E8 8E   0116            LDX #$0116
    285  5+1   A2EB AF   E8 B0           STX -80,S
    286  5+1   A2EE AE   E8 88           LDX -120,S
    287  6     A2F1 BF   A80D            STX ERASE_CODE_HIL0_1+418
    288  3     A2F4 8E   4176            LDX #$4176
    289  5+1   A2F7 AF   E8 88           STX -120,S
    290  4+4   A2FA 32   E9 FF62         LEAS -158,S
    291  5+1   A2FE AE   7E              LDX -2,S
    292  6     A300 BF   A817            STX ERASE_CODE_HIL0_1+428
    293  3     A303 8E   2126            LDX #$2126
    294  5+1   A306 AF   7E              STX -2,S
    295  5+1   A308 AE   E8 D7           LDX -41,S
    296  6     A30B BF   A81C            STX ERASE_CODE_HIL0_1+433
    297  3     A30E 8E   1344            LDX #$1344
    298  5+1   A311 AF   E8 D7           STX -41,S
    299  4+1   A314 A6   E8 D6           LDA -42,S
    300  5     A317 B7   A827            STA ERASE_CODE_HIL0_1+444
    301  2     A31A 86   0F              LDA  #$0F
    302  4+1   A31C A4   E8 D6           ANDA -42,S
    303  2     A31F 8B   20              ADDA #$20
    304  4+1   A321 A7   E8 D6           STA -42,S
    305  5+1   A324 AE   E8 AF           LDX -81,S
    306  6     A327 BF   A82C            STX ERASE_CODE_HIL0_1+449
    307  3     A32A 8E   1222            LDX #$1222
    308  5+1   A32D AF   E8 AF           STX -81,S
    309  4+1   A330 A6   E8 AE           LDA -82,S
    310  5     A333 B7   A837            STA ERASE_CODE_HIL0_1+460
    311  2     A336 86   0F              LDA  #$0F
    312  4+1   A338 A4   E8 AE           ANDA -82,S
    313  2     A33B 8B   20              ADDA #$20
    314  4+1   A33D A7   E8 AE           STA -82,S
    315  5+1   A340 AE   E8 87           LDX -121,S
    316  6     A343 BF   A83C            STX ERASE_CODE_HIL0_1+465
    317  3     A346 8E   0100            LDX #$0100
    318  5+1   A349 AF   E8 87           STX -121,S
    319  4+4   A34C 32   E9 FF5F         LEAS -161,S
    320  4+0   A350 A6   E4              LDA ,S
    321  5     A352 B7   A84A            STA ERASE_CODE_HIL0_1+479
    322  2     A355 86   F0              LDA  #$F0
    323  4+0   A357 A4   E4              ANDA ,S
    324  2     A359 8B   00              ADDA #$00
    325  4+0   A35B A7   E4              STA ,S
    326
    327  7     A35D 10FE 9F02            LDS $9F00+2
    328  7     A361 10FF A84F            STS ERASE_POS_HIL0_2+2
    329  3     A365 CE   A65E            LDU #DATA_HIL0_2
    330
    331  4+1   A368 32   7E              LEAS -2,S
    332  4+1   A36A 32   7D              LEAS -3,S
    333  5+3   A36C 35   12              PULS A,X
    334  5     A36E B7   A857            STA ERASE_CODE_HIL0_2+3
    335  6     A371 BF   A859            STX ERASE_CODE_HIL0_2+5
    336  2     A374 86   99              LDA #$99
    337  3     A376 8E   AA9A            LDX #$aa9a
    338  5+3   A379 34   12              PSHS X,A
    339  4+1   A37B 32   E8 D8           LEAS -40,S
    340  5+3   A37E 35   12              PULS A,X
    341  5     A380 B7   A861            STA ERASE_CODE_HIL0_2+13
    342  6     A383 BF   A863            STX ERASE_CODE_HIL0_2+15
    343  2     A386 86   7A              LDA #$7a
    344  3     A388 8E   337A            LDX #$337a
    345  5+3   A38B 34   12              PSHS X,A
    346  5+1   A38D AE   E8 D9           LDX -39,S
    347  6     A390 BF   A868            STX ERASE_CODE_HIL0_2+20
    348  3     A393 8E   637A            LDX #$637a
    349  5+1   A396 AF   E8 D9           STX -39,S
    350  4+1   A399 A6   E8 D8           LDA -40,S
    351  5     A39C B7   A873            STA ERASE_CODE_HIL0_2+31
    352  2     A39F 86   F0              LDA  #$F0
    353  4+1   A3A1 A4   E8 D8           ANDA -40,S
    354  2     A3A4 8B   07              ADDA #$07
    355  4+1   A3A6 A7   E8 D8           STA -40,S
    356  4+1   A3A9 A6   E8 B2           LDA -78,S
    357  5     A3AC B7   A87D            STA ERASE_CODE_HIL0_2+41
    358  2     A3AF 86   0F              LDA  #$0F
    359  4+1   A3B1 A4   E8 B2           ANDA -78,S
    360  2     A3B4 8B   70              ADDA #$70
    361  4+1   A3B6 A7   E8 B2           STA -78,S
    362  4+1   A3B9 A6   E8 B1           LDA -79,S
    363  5     A3BC B7   A882            STA ERASE_CODE_HIL0_2+46
    364  2     A3BF 86   98              LDA #$98
    365  4+1   A3C1 A7   E8 B1           STA -79,S
    366  4+1   A3C4 A6   E8 8A           LDA -118,S
    367  5     A3C7 B7   A88C            STA ERASE_CODE_HIL0_2+56
    368  2     A3CA 86   0F              LDA  #$0F
    369  4+1   A3CC A4   E8 8A           ANDA -118,S
    370  2     A3CF 8B   90              ADDA #$90
    371  4+1   A3D1 A7   E8 8A           STA -118,S
    372  4+1   A3D4 A6   E8 89           LDA -119,S
    373  5     A3D7 B7   A891            STA ERASE_CODE_HIL0_2+61
    374  2     A3DA 86   58              LDA #$58
    375  4+1   A3DC A7   E8 89           STA -119,S
    376  4+4   A3DF 32   E9 FF62         LEAS -158,S
    377  4+0   A3E3 A6   E4              LDA ,S
    378  5     A3E5 B7   A89E            STA ERASE_CODE_HIL0_2+74
    379  2     A3E8 86   0F              LDA  #$0F
    380  4+0   A3EA A4   E4              ANDA ,S
    381  2     A3EC 8B   20              ADDA #$20
    382  4+0   A3EE A7   E4              STA ,S
    383  4+1   A3F0 A6   7F              LDA -1,S
    384  5     A3F2 B7   A8A2            STA ERASE_CODE_HIL0_2+78
    385  2     A3F5 86   29              LDA #$29
    386  4+1   A3F7 A7   7F              STA -1,S
    387  4+1   A3F9 A6   E8 D8           LDA -40,S
    388  5     A3FC B7   A8AB            STA ERASE_CODE_HIL0_2+87
    389  2     A3FF 86   0F              LDA  #$0F
    390  4+1   A401 A4   E8 D8           ANDA -40,S
    391  2     A404 8B   50              ADDA #$50
    392  4+1   A406 A7   E8 D8           STA -40,S
    393  4+1   A409 A6   E8 D7           LDA -41,S
    394  5     A40C B7   A8B0            STA ERASE_CODE_HIL0_2+92
    395  2     A40F 86   52              LDA #$52
    396  4+1   A411 A7   E8 D7           STA -41,S
    397  4+1   A414 A6   E8 AF           LDA -81,S
    398  5     A417 B7   A8BA            STA ERASE_CODE_HIL0_2+102
    399  2     A41A 86   0F              LDA  #$0F
    400  4+1   A41C A4   E8 AF           ANDA -81,S
    401  2     A41F 8B   20              ADDA #$20
    402  4+1   A421 A7   E8 AF           STA -81,S
    403  4+1   A424 A6   E8 87           LDA -121,S
    404  5     A427 B7   A8C4            STA ERASE_CODE_HIL0_2+112
    405  2     A42A 86   0F              LDA  #$0F
    406  4+1   A42C A4   E8 87           ANDA -121,S
    407  2     A42F 8B   20              ADDA #$20
    408  4+1   A431 A7   E8 87           STA -121,S
    409  4+4   A434 32   E9 FF5F         LEAS -161,S
    410  4+0   A438 A6   E4              LDA ,S
    411  5     A43A B7   A8D1            STA ERASE_CODE_HIL0_2+125
    412  2     A43D 86   0F              LDA  #$0F
    413  4+0   A43F A4   E4              ANDA ,S
    414  2     A441 8B   20              ADDA #$20
    415  4+0   A443 A7   E4              STA ,S
    416  4+1   A445 A6   E8 D9           LDA -39,S
    417  5     A448 B7   A8DA            STA ERASE_CODE_HIL0_2+134
    418  2     A44B 86   0F              LDA  #$0F
    419  4+1   A44D A4   E8 D9           ANDA -39,S
    420  2     A450 8B   20              ADDA #$20
    421  4+1   A452 A7   E8 D9           STA -39,S
    422  4+1   A455 A6   E8 D8           LDA -40,S
    423  5     A458 B7   A8E4            STA ERASE_CODE_HIL0_2+144
    424  2     A45B 86   0F              LDA  #$0F
    425  4+1   A45D A4   E8 D8           ANDA -40,S
    426  2     A460 8B   40              ADDA #$40
    427  4+1   A462 A7   E8 D8           STA -40,S
    428  4+1   A465 A6   E8 B1           LDA -79,S
    429  5     A468 B7   A8EE            STA ERASE_CODE_HIL0_2+154
    430  2     A46B 86   0F              LDA  #$0F
    431  4+1   A46D A4   E8 B1           ANDA -79,S
    432  2     A470 8B   50              ADDA #$50
    433  4+1   A472 A7   E8 B1           STA -79,S
    434  4+1   A475 A6   E8 B0           LDA -80,S
    435  5     A478 B7   A8F8            STA ERASE_CODE_HIL0_2+164
    436  2     A47B 86   0F              LDA  #$0F
    437  4+1   A47D A4   E8 B0           ANDA -80,S
    438  2     A480 8B   40              ADDA #$40
    439  4+1   A482 A7   E8 B0           STA -80,S
    440  5+1   A485 AE   E8 88           LDX -120,S
    441  6     A488 BF   A8FD            STX ERASE_CODE_HIL0_2+169
    442  3     A48B 8E   9422            LDX #$9422
    443  5+1   A48E AF   E8 88           STX -120,S
    444  4+4   A491 32   E9 FF62         LEAS -158,S
    445  5+1   A495 AE   7E              LDX -2,S
    446  6     A497 BF   A907            STX ERASE_CODE_HIL0_2+179
    447  3     A49A 8E   225A            LDX #$225a
    448  5+1   A49D AF   7E              STX -2,S
    449  5+1   A49F AE   E8 D6           LDX -42,S
    450  6     A4A2 BF   A90C            STX ERASE_CODE_HIL0_2+184
    451  3     A4A5 8E   3783            LDX #$3783
    452  5+1   A4A8 AF   E8 D6           STX -42,S
    453  5+1   A4AB AE   E8 AE           LDX -82,S
    454  6     A4AE BF   A912            STX ERASE_CODE_HIL0_2+190
    455  3     A4B1 8E   6646            LDX #$6646
    456  5+1   A4B4 AF   E8 AE           STX -82,S
    457  5+1   A4B7 AE   E8 86           LDX -122,S
    458  6     A4BA BF   A918            STX ERASE_CODE_HIL0_2+196
    459  3     A4BD 8E   6636            LDX #$6636
    460  5+1   A4C0 AF   E8 86           STX -122,S
    461  4+4   A4C3 32   E9 FF60         LEAS -160,S
    462  5+1   A4C7 AE   7E              LDX -2,S
    463  6     A4C9 BF   A922            STX ERASE_CODE_HIL0_2+206
    464  3     A4CC 8E   6660            LDX #$6660
    465  5+1   A4CF AF   7E              STX -2,S
    466  4+1   A4D1 A6   E8 D7           LDA -41,S
    467  5     A4D4 B7   A92C            STA ERASE_CODE_HIL0_2+216
    468  2     A4D7 86   0F              LDA  #$0F
    469  4+1   A4D9 A4   E8 D7           ANDA -41,S
    470  2     A4DC 8B   40              ADDA #$40
    471  4+1   A4DE A7   E8 D7           STA -41,S
    472  4+1   A4E1 A6   E8 D6           LDA -42,S
    473  5     A4E4 B7   A931            STA ERASE_CODE_HIL0_2+221
    474  2     A4E7 86   63              LDA #$63
    475  4+1   A4E9 A7   E8 D6           STA -42,S
    476  5+1   A4EC AE   E8 AE           LDX -82,S
    477  6     A4EF BF   A936            STX ERASE_CODE_HIL0_2+226
    478  3     A4F2 8E   A922            LDX #$a922
    479  5+1   A4F5 AF   E8 AE           STX -82,S
    480  4+1   A4F8 A6   E8 88           LDA -120,S
    481  5     A4FB B7   A941            STA ERASE_CODE_HIL0_2+237
    482  2     A4FE 86   0F              LDA  #$0F
    483  4+1   A500 A4   E8 88           ANDA -120,S
    484  2     A503 8B   00              ADDA #$00
    485  4+1   A505 A7   E8 88           STA -120,S
    486  5+1   A508 AE   E8 86           LDX -122,S
    487  6     A50B BF   A946            STX ERASE_CODE_HIL0_2+242
    488  3     A50E 8E   3344            LDX #$3344
    489  5+1   A511 AF   E8 86           STX -122,S
    490  4+4   A514 32   E9 FF60         LEAS -160,S
    491  5+1   A518 AE   7E              LDX -2,S
    492  6     A51A BF   A950            STX ERASE_CODE_HIL0_2+252
    493  3     A51D 8E   6694            LDX #$6694
    494  5+1   A520 AF   7E              STX -2,S
    495  5+1   A522 AE   E8 D6           LDX -42,S
    496  6     A525 BF   A955            STX ERASE_CODE_HIL0_2+257
    497  3     A528 8E   6644            LDX #$6644
    498  5+1   A52B AF   E8 D6           STX -42,S
    499  5+1   A52E AE   E8 AE           LDX -82,S
    500  6     A531 BF   A95B            STX ERASE_CODE_HIL0_2+263
    501  3     A534 8E   8644            LDX #$8644
    502  5+1   A537 AF   E8 AE           STX -82,S
    503  4+1   A53A A6   E8 AD           LDA -83,S
    504  5     A53D B7   A966            STA ERASE_CODE_HIL0_2+274
    505  2     A540 86   F0              LDA  #$F0
    506  4+1   A542 A4   E8 AD           ANDA -83,S
    507  2     A545 8B   09              ADDA #$09
    508  4+1   A547 A7   E8 AD           STA -83,S
    509  5+1   A54A AE   E8 86           LDX -122,S
    510  6     A54D BF   A96B            STX ERASE_CODE_HIL0_2+279
    511  3     A550 8E   8124            LDX #$8124
    512  5+1   A553 AF   E8 86           STX -122,S
    513  4+1   A556 A6   E8 85           LDA -123,S
    514  5     A559 B7   A976            STA ERASE_CODE_HIL0_2+290
    515  2     A55C 86   F0              LDA  #$F0
    516  4+1   A55E A4   E8 85           ANDA -123,S
    517  2     A561 8B   09              ADDA #$09
    518  4+1   A563 A7   E8 85           STA -123,S
    519  4+4   A566 32   E9 FF60         LEAS -160,S
    520  5+1   A56A AE   7E              LDX -2,S
    521  6     A56C BF   A97F            STX ERASE_CODE_HIL0_2+299
    522  3     A56F 8E   8804            LDX #$8804
    523  5+1   A572 AF   7E              STX -2,S
    524  5+1   A574 AE   E8 D6           LDX -42,S
    525  6     A577 BF   A984            STX ERASE_CODE_HIL0_2+304
    526  3     A57A 8E   8804            LDX #$8804
    527  5+1   A57D AF   E8 D6           STX -42,S
    528  4+1   A580 32   E8 AE           LEAS -82,S
    529  5+3   A583 35   12              PULS A,X
    530  5     A585 B7   A98D            STA ERASE_CODE_HIL0_2+313
    531  6     A588 BF   A98F            STX ERASE_CODE_HIL0_2+315
    532  2     A58B 86   88              LDA #$88
    533  3     A58D 8E   0422            LDX #$0422
    534  5+3   A590 34   12              PSHS X,A
    535  4+1   A592 A6   E8 DA           LDA -38,S
    536  5     A595 B7   A999            STA ERASE_CODE_HIL0_2+325
    537  2     A598 86   0F              LDA  #$0F
    538  4+1   A59A A4   E8 DA           ANDA -38,S
    539  2     A59D 8B   40              ADDA #$40
    540  4+1   A59F A7   E8 DA           STA -38,S
    541  5+1   A5A2 AE   E8 D8           LDX -40,S
    542  6     A5A5 BF   A99E            STX ERASE_CODE_HIL0_2+330
    543  3     A5A8 8E   8802            LDX #$8802
    544  5+1   A5AB AF   E8 D8           STX -40,S
    545  4+1   A5AE A6   E8 B2           LDA -78,S
    546  5     A5B1 B7   A9A9            STA ERASE_CODE_HIL0_2+341
    547  2     A5B4 86   0F              LDA  #$0F
    548  4+1   A5B6 A4   E8 B2           ANDA -78,S
    549  2     A5B9 8B   00              ADDA #$00
    550  4+1   A5BB A7   E8 B2           STA -78,S
    551  5+1   A5BE AE   E8 B0           LDX -80,S
    552  6     A5C1 BF   A9AE            STX ERASE_CODE_HIL0_2+346
    553  3     A5C4 8E   8802            LDX #$8802
    554  5+1   A5C7 AF   E8 B0           STX -80,S
    555  5+1   A5CA AE   E8 88           LDX -120,S
    556  6     A5CD BF   A9B4            STX ERASE_CODE_HIL0_2+352
    557  3     A5D0 8E   0802            LDX #$0802
    558  5+1   A5D3 AF   E8 88           STX -120,S
    559  4+4   A5D6 32   E9 FF62         LEAS -158,S
    560  5+1   A5DA AE   7E              LDX -2,S
    561  6     A5DC BF   A9BE            STX ERASE_CODE_HIL0_2+362
    562  3     A5DF 8E   1002            LDX #$1002
    563  5+1   A5E2 AF   7E              STX -2,S
    564  5+1   A5E4 AE   E8 D6           LDX -42,S
    565  6     A5E7 BF   A9C3            STX ERASE_CODE_HIL0_2+367
    566  3     A5EA 8E   5540            LDX #$5540
    567  5+1   A5ED AF   E8 D6           STX -42,S
    568  5+1   A5F0 AE   E8 AE           LDX -82,S
    569  6     A5F3 BF   A9C9            STX ERASE_CODE_HIL0_2+373
    570  3     A5F6 8E   5542            LDX #$5542
    571  5+1   A5F9 AF   E8 AE           STX -82,S
    572  5+1   A5FC AE   E8 86           LDX -122,S
    573  6     A5FF BF   A9CF            STX ERASE_CODE_HIL0_2+379
    574  3     A602 8E   1544            LDX #$1544
    575  5+1   A605 AF   E8 86           STX -122,S
    576  4+4   A608 32   E9 FF60         LEAS -160,S
    577  5+1   A60C AE   7E              LDX -2,S
    578  6     A60E BF   A9D9            STX ERASE_CODE_HIL0_2+389
    579  3     A611 8E   1122            LDX #$1122
    580  5+1   A614 AF   7E              STX -2,S
    581  4+1   A616 A6   E8 D8           LDA -40,S
    582  5     A619 B7   A9E3            STA ERASE_CODE_HIL0_2+399
    583  2     A61C 86   0F              LDA  #$0F
    584  4+1   A61E A4   E8 D8           ANDA -40,S
    585  2     A621 8B   20              ADDA #$20
    586  4+1   A623 A7   E8 D8           STA -40,S
    587  4+1   A626 A6   E8 D7           LDA -41,S
    588  5     A629 B7   A9E8            STA ERASE_CODE_HIL0_2+404
    589  2     A62C 86   00              LDA #$00
    590  4+1   A62E A7   E8 D7           STA -41,S
    591  4+1   A631 A6   E8 D6           LDA -42,S
    592  5     A634 B7   A9F2            STA ERASE_CODE_HIL0_2+414
    593  2     A637 86   F0              LDA  #$F0
    594  4+1   A639 A4   E8 D6           ANDA -42,S
    595  2     A63C 8B   01              ADDA #$01
    596  4+1   A63E A7   E8 D6           STA -42,S
    597  4+1   A641 A6   E8 AF           LDA -81,S
    598  5     A644 B7   A9F7            STA ERASE_CODE_HIL0_2+419
    599  2     A647 86   11              LDA #$11
    600  4+1   A649 A7   E8 AF           STA -81,S
    601  4+1   A64C A6   E8 87           LDA -121,S
    602  5     A64F B7   A9FC            STA ERASE_CODE_HIL0_2+424
    603  2     A652 86   00              LDA #$00
    604  4+1   A654 A7   E8 87           STA -121,S
    605
    606        A657               SSAV_HIL0
    607  4     A657 10CE 0000            LDS #$0000
    608  5+3   A65B 35   48              PULS U,DP
    609  5     A65D 39                   RTS
    610
    611        A65E               DATA_HIL0_2
    612        A65E               DATA_HIL0_1
    613        A65E               ERASE_HIL0
    614  5+3   A65E 34   48              PSHS U,DP
    615  7     A660 10FF AA02            STS ERASE_SSAV_HIL0+2
    616
    617        A664               ERASE_POS_HIL0_1
    618  4     A664 10CE 0000            LDS #$0000
    619  3     A668 CE   AA07            LDU #ERASE_DATA_HIL0_1
    620        A66B               ERASE_CODE_HIL0_1
    621  4+1   A66B 32   7E              LEAS -2,S
    622  3     A66D 8E   AAA9            LDX #$aaa9
    623  5+1   A670 AF   7E              STX -2,S
    624  3     A672 8E   7335            LDX #$7335
    625  5+1   A675 AF   E8 D6           STX -42,S
    626  3     A678 8E   A985            LDX #$a985
    627  5+1   A67B AF   E8 AE           STX -82,S
    628  3     A67E 8E   8287            LDX #$8287
    629  5+1   A681 AF   E8 86           STX -122,S
    630  4+4   A684 32   E9 FF60         LEAS -160,S
    631  2     A688 86   78              LDA #$78
    632  4+1   A68A A7   7F              STA -1,S
    633  2     A68C 86   F0              LDA  #$F0
    634  4+1   A68E A4   7E              ANDA -2,S
    635  2     A690 8B   07              ADDA #$07
    636  4+1   A692 A7   7E              STA -2,S
    637  2     A694 86   85              LDA #$85
    638  4+1   A696 A7   E8 D7           STA -41,S
    639  2     A699 86   F0              LDA  #$F0
    640  4+1   A69B A4   E8 D6           ANDA -42,S
    641  2     A69E 8B   08              ADDA #$08
    642  4+1   A6A0 A7   E8 D6           STA -42,S
    643  2     A6A3 86   88              LDA #$88
    644  4+1   A6A5 A7   E8 AF           STA -81,S
    645  2     A6A8 86   F0              LDA  #$F0
    646  4+1   A6AA A4   E8 AE           ANDA -82,S
    647  2     A6AD 8B   08              ADDA #$08
    648  4+1   A6AF A7   E8 AE           STA -82,S
    649  2     A6B2 86   F0              LDA  #$F0
    650  4+1   A6B4 A4   E8 87           ANDA -121,S
    651  2     A6B7 8B   04              ADDA #$04
    652  4+1   A6B9 A7   E8 87           STA -121,S
    653  4+4   A6BC 32   E9 FF5F         LEAS -161,S
    654  2     A6C0 86   F0              LDA  #$F0
    655  4+0   A6C2 A4   E4              ANDA ,S
    656  2     A6C4 8B   04              ADDA #$04
    657  4+0   A6C6 A7   E4              STA ,S
    658  2     A6C8 86   22              LDA #$22
    659  4+1   A6CA A7   E8 D8           STA -40,S
    660  2     A6CD 86   F0              LDA  #$F0
    661  4+1   A6CF A4   E8 D7           ANDA -41,S
    662  2     A6D2 8B   02              ADDA #$02
    663  4+1   A6D4 A7   E8 D7           STA -41,S
    664  2     A6D7 86   25              LDA #$25
    665  4+1   A6D9 A7   E8 B0           STA -80,S
    666  2     A6DC 86   F0              LDA  #$F0
    667  4+1   A6DE A4   E8 AF           ANDA -81,S
    668  2     A6E1 8B   02              ADDA #$02
    669  4+1   A6E3 A7   E8 AF           STA -81,S
    670  2     A6E6 86   0F              LDA  #$0F
    671  4+1   A6E8 A4   E8 89           ANDA -119,S
    672  2     A6EB 8B   40              ADDA #$40
    673  4+1   A6ED A7   E8 89           STA -119,S
    674  3     A6F0 8E   2558            LDX #$2558
    675  5+1   A6F3 AF   E8 87           STX -121,S
    676  4+4   A6F6 32   E9 FF61         LEAS -159,S
    677  2     A6FA 86   0F              LDA  #$0F
    678  4+0   A6FC A4   E4              ANDA ,S
    679  2     A6FE 8B   40              ADDA #$40
    680  4+0   A700 A7   E4              STA ,S
    681  3     A702 8E   5288            LDX #$5288
    682  5+1   A705 AF   7E              STX -2,S
    683  2     A707 86   0F              LDA  #$0F
    684  4+1   A709 A4   E8 D8           ANDA -40,S
    685  2     A70C 8B   20              ADDA #$20
    686  4+1   A70E A7   E8 D8           STA -40,S
    687  3     A711 8E   8288            LDX #$8288
    688  5+1   A714 AF   E8 D6           STX -42,S
    689  2     A717 86   0F              LDA  #$0F
    690  4+1   A719 A4   E8 B0           ANDA -80,S
    691  2     A71C 8B   00              ADDA #$00
    692  4+1   A71E A7   E8 B0           STA -80,S
    693  2     A721 86   88              LDA #$88
    694  4+1   A723 A7   E8 AF           STA -81,S
    695  2     A726 86   F0              LDA  #$F0
    696  4+1   A728 A4   E8 AE           ANDA -82,S
    697  2     A72B 8B   09              ADDA #$09
    698  4+1   A72D A7   E8 AE           STA -82,S
    699  2     A730 86   28              LDA #$28
    700  4+1   A732 A7   E8 87           STA -121,S
    701  2     A735 86   F0              LDA  #$F0
    702  4+1   A737 A4   E8 86           ANDA -122,S
    703  2     A73A 8B   03              ADDA #$03
    704  4+1   A73C A7   E8 86           STA -122,S
    705  4+4   A73F 32   E9 FF60         LEAS -160,S
    706  2     A743 86   29              LDA #$29
    707  4+1   A745 A7   7F              STA -1,S
    708  2     A747 86   F0              LDA  #$F0
    709  4+1   A749 A4   7E              ANDA -2,S
    710  2     A74B 8B   06              ADDA #$06
    711  4+1   A74D A7   7E              STA -2,S
    712  2     A74F 86   47              LDA #$47
    713  4+1   A751 A7   E8 D7           STA -41,S
    714  2     A754 86   F0              LDA  #$F0
    715  4+1   A756 A4   E8 D6           ANDA -42,S
    716  2     A759 8B   03              ADDA #$03
    717  4+1   A75B A7   E8 D6           STA -42,S
    718  2     A75E 86   76              LDA #$76
    719  4+1   A760 A7   E8 AF           STA -81,S
    720  2     A763 86   F0              LDA  #$F0
    721  4+1   A765 A4   E8 AE           ANDA -82,S
    722  2     A768 8B   07              ADDA #$07
    723  4+1   A76A A7   E8 AE           STA -82,S
    724  2     A76D 86   49              LDA #$49
    725  4+1   A76F A7   E8 87           STA -121,S
    726  4+4   A772 32   E9 FF61         LEAS -159,S
    727  3     A776 8E   7424            LDX #$7424
    728  5+1   A779 AF   7E              STX -2,S
    729  2     A77B 86   F0              LDA  #$F0
    730  4+1   A77D A4   7D              ANDA -3,S
    731  2     A77F 8B   07              ADDA #$07
    732  4+1   A781 A7   7D              STA -3,S
    733  3     A783 8E   6442            LDX #$6442
    734  5+1   A786 AF   E8 D6           STX -42,S
    735  2     A789 86   F0              LDA  #$F0
    736  4+1   A78B A4   E8 D5           ANDA -43,S
    737  2     A78E 8B   03              ADDA #$03
    738  4+1   A790 A7   E8 D5           STA -43,S
    739  4+1   A793 32   E8 B0           LEAS -80,S
    740  2     A796 86   76              LDA #$76
    741  3     A798 8E   6320            LDX #$6320
    742  5+3   A79B 34   12              PSHS X,A
    743  4+1   A79D 32   E8 DB           LEAS -37,S
    744  2     A7A0 86   96              LDA #$96
    745  3     A7A2 8E   6300            LDX #$6300
    746  5+3   A7A5 34   12              PSHS X,A
    747  2     A7A7 86   0F              LDA  #$0F
    748  4+1   A7A9 A4   E8 DA           ANDA -38,S
    749  2     A7AC 8B   00              ADDA #$00
    750  4+1   A7AE A7   E8 DA           STA -38,S
    751  3     A7B1 8E   5860            LDX #$5860
    752  5+1   A7B4 AF   E8 D8           STX -40,S
    753  3     A7B7 8E   9910            LDX #$9910
    754  5+1   A7BA AF   E8 B0           STX -80,S
    755  2     A7BD 86   0F              LDA  #$0F
    756  4+1   A7BF A4   E8 8A           ANDA -118,S
    757  2     A7C2 8B   20              ADDA #$20
    758  4+1   A7C4 A7   E8 8A           STA -118,S
    759  3     A7C7 8E   9911            LDX #$9911
    760  5+1   A7CA AF   E8 88           STX -120,S
    761  4+4   A7CD 32   E9 FF63         LEAS -157,S
    762  2     A7D1 86   09              LDA #$09
    763  3     A7D3 8E   1142            LDX #$1142
    764  5+3   A7D6 34   12              PSHS X,A
    765  4+1   A7D8 32   E8 DB           LEAS -37,S
    766  2     A7DB 86   10              LDA #$10
    767  3     A7DD 8E   1144            LDX #$1144
    768  5+3   A7E0 34   12              PSHS X,A
    769  4+1   A7E2 32   E8 DB           LEAS -37,S
    770  2     A7E5 86   11              LDA #$11
    771  3     A7E7 8E   1122            LDX #$1122
    772  5+3   A7EA 34   12              PSHS X,A
    773  4+1   A7EC 32   E8 DB           LEAS -37,S
    774  2     A7EF 86   15              LDA #$15
    775  3     A7F1 8E   5500            LDX #$5500
    776  5+3   A7F4 34   12              PSHS X,A
    777  2     A7F6 86   0F              LDA  #$0F
    778  4+1   A7F8 A4   E8 DA           ANDA -38,S
    779  2     A7FB 8B   00              ADDA #$00
    780  4+1   A7FD A7   E8 DA           STA -38,S
    781  3     A800 8E   1511            LDX #$1511
    782  5+1   A803 AF   E8 D8           STX -40,S
    783  3     A806 8E   0116            LDX #$0116
    784  5+1   A809 AF   E8 B0           STX -80,S
    785  3     A80C 8E   4176            LDX #$4176
    786  5+1   A80F AF   E8 88           STX -120,S
    787  4+4   A812 32   E9 FF62         LEAS -158,S
    788  3     A816 8E   2126            LDX #$2126
    789  5+1   A819 AF   7E              STX -2,S
    790  3     A81B 8E   1344            LDX #$1344
    791  5+1   A81E AF   E8 D7           STX -41,S
    792  2     A821 86   0F              LDA  #$0F
    793  4+1   A823 A4   E8 D6           ANDA -42,S
    794  2     A826 8B   20              ADDA #$20
    795  4+1   A828 A7   E8 D6           STA -42,S
    796  3     A82B 8E   1222            LDX #$1222
    797  5+1   A82E AF   E8 AF           STX -81,S
    798  2     A831 86   0F              LDA  #$0F
    799  4+1   A833 A4   E8 AE           ANDA -82,S
    800  2     A836 8B   20              ADDA #$20
    801  4+1   A838 A7   E8 AE           STA -82,S
    802  3     A83B 8E   0100            LDX #$0100
    803  5+1   A83E AF   E8 87           STX -121,S
    804  4+4   A841 32   E9 FF5F         LEAS -161,S
    805  2     A845 86   F0              LDA  #$F0
    806  4+0   A847 A4   E4              ANDA ,S
    807  2     A849 8B   00              ADDA #$00
    808  4+0   A84B A7   E4              STA ,S
    809
    810        A84D               ERASE_POS_HIL0_2
    811  4     A84D 10CE 0000            LDS #$0000
    812  3     A851 CE   AA07            LDU #ERASE_DATA_HIL0_2
    813        A854               ERASE_CODE_HIL0_2
    814  4+1   A854 32   7E              LEAS -2,S
    815  2     A856 86   99              LDA #$99
    816  3     A858 8E   AA9A            LDX #$aa9a
    817  5+3   A85B 34   12              PSHS X,A
    818  4+1   A85D 32   E8 DB           LEAS -37,S
    819  2     A860 86   7A              LDA #$7a
    820  3     A862 8E   337A            LDX #$337a
    821  5+3   A865 34   12              PSHS X,A
    822  3     A867 8E   637A            LDX #$637a
    823  5+1   A86A AF   E8 D9           STX -39,S
    824  2     A86D 86   F0              LDA  #$F0
    825  4+1   A86F A4   E8 D8           ANDA -40,S
    826  2     A872 8B   07              ADDA #$07
    827  4+1   A874 A7   E8 D8           STA -40,S
    828  2     A877 86   0F              LDA  #$0F
    829  4+1   A879 A4   E8 B2           ANDA -78,S
    830  2     A87C 8B   70              ADDA #$70
    831  4+1   A87E A7   E8 B2           STA -78,S
    832  2     A881 86   98              LDA #$98
    833  4+1   A883 A7   E8 B1           STA -79,S
    834  2     A886 86   0F              LDA  #$0F
    835  4+1   A888 A4   E8 8A           ANDA -118,S
    836  2     A88B 8B   90              ADDA #$90
    837  4+1   A88D A7   E8 8A           STA -118,S
    838  2     A890 86   58              LDA #$58
    839  4+1   A892 A7   E8 89           STA -119,S
    840  4+4   A895 32   E9 FF62         LEAS -158,S
    841  2     A899 86   0F              LDA  #$0F
    842  4+0   A89B A4   E4              ANDA ,S
    843  2     A89D 8B   20              ADDA #$20
    844  4+0   A89F A7   E4              STA ,S
    845  2     A8A1 86   29              LDA #$29
    846  4+1   A8A3 A7   7F              STA -1,S
    847  2     A8A5 86   0F              LDA  #$0F
    848  4+1   A8A7 A4   E8 D8           ANDA -40,S
    849  2     A8AA 8B   50              ADDA #$50
    850  4+1   A8AC A7   E8 D8           STA -40,S
    851  2     A8AF 86   52              LDA #$52
    852  4+1   A8B1 A7   E8 D7           STA -41,S
    853  2     A8B4 86   0F              LDA  #$0F
    854  4+1   A8B6 A4   E8 AF           ANDA -81,S
    855  2     A8B9 8B   20              ADDA #$20
    856  4+1   A8BB A7   E8 AF           STA -81,S
    857  2     A8BE 86   0F              LDA  #$0F
    858  4+1   A8C0 A4   E8 87           ANDA -121,S
    859  2     A8C3 8B   20              ADDA #$20
    860  4+1   A8C5 A7   E8 87           STA -121,S
    861  4+4   A8C8 32   E9 FF5F         LEAS -161,S
    862  2     A8CC 86   0F              LDA  #$0F
    863  4+0   A8CE A4   E4              ANDA ,S
    864  2     A8D0 8B   20              ADDA #$20
    865  4+0   A8D2 A7   E4              STA ,S
    866  2     A8D4 86   0F              LDA  #$0F
    867  4+1   A8D6 A4   E8 D9           ANDA -39,S
    868  2     A8D9 8B   20              ADDA #$20
    869  4+1   A8DB A7   E8 D9           STA -39,S
    870  2     A8DE 86   0F              LDA  #$0F
    871  4+1   A8E0 A4   E8 D8           ANDA -40,S
    872  2     A8E3 8B   40              ADDA #$40
    873  4+1   A8E5 A7   E8 D8           STA -40,S
    874  2     A8E8 86   0F              LDA  #$0F
    875  4+1   A8EA A4   E8 B1           ANDA -79,S
    876  2     A8ED 8B   50              ADDA #$50
    877  4+1   A8EF A7   E8 B1           STA -79,S
    878  2     A8F2 86   0F              LDA  #$0F
    879  4+1   A8F4 A4   E8 B0           ANDA -80,S
    880  2     A8F7 8B   40              ADDA #$40
    881  4+1   A8F9 A7   E8 B0           STA -80,S
    882  3     A8FC 8E   9422            LDX #$9422
    883  5+1   A8FF AF   E8 88           STX -120,S
    884  4+4   A902 32   E9 FF62         LEAS -158,S
    885  3     A906 8E   225A            LDX #$225a
    886  5+1   A909 AF   7E              STX -2,S
    887  3     A90B 8E   3783            LDX #$3783
    888  5+1   A90E AF   E8 D6           STX -42,S
    889  3     A911 8E   6646            LDX #$6646
    890  5+1   A914 AF   E8 AE           STX -82,S
    891  3     A917 8E   6636            LDX #$6636
    892  5+1   A91A AF   E8 86           STX -122,S
    893  4+4   A91D 32   E9 FF60         LEAS -160,S
    894  3     A921 8E   6660            LDX #$6660
    895  5+1   A924 AF   7E              STX -2,S
    896  2     A926 86   0F              LDA  #$0F
    897  4+1   A928 A4   E8 D7           ANDA -41,S
    898  2     A92B 8B   40              ADDA #$40
    899  4+1   A92D A7   E8 D7           STA -41,S
    900  2     A930 86   63              LDA #$63
    901  4+1   A932 A7   E8 D6           STA -42,S
    902  3     A935 8E   A922            LDX #$a922
    903  5+1   A938 AF   E8 AE           STX -82,S
    904  2     A93B 86   0F              LDA  #$0F
    905  4+1   A93D A4   E8 88           ANDA -120,S
    906  2     A940 8B   00              ADDA #$00
    907  4+1   A942 A7   E8 88           STA -120,S
    908  3     A945 8E   3344            LDX #$3344
    909  5+1   A948 AF   E8 86           STX -122,S
    910  4+4   A94B 32   E9 FF60         LEAS -160,S
    911  3     A94F 8E   6694            LDX #$6694
    912  5+1   A952 AF   7E              STX -2,S
    913  3     A954 8E   6644            LDX #$6644
    914  5+1   A957 AF   E8 D6           STX -42,S
    915  3     A95A 8E   8644            LDX #$8644
    916  5+1   A95D AF   E8 AE           STX -82,S
    917  2     A960 86   F0              LDA  #$F0
    918  4+1   A962 A4   E8 AD           ANDA -83,S
    919  2     A965 8B   09              ADDA #$09
    920  4+1   A967 A7   E8 AD           STA -83,S
    921  3     A96A 8E   8124            LDX #$8124
    922  5+1   A96D AF   E8 86           STX -122,S
    923  2     A970 86   F0              LDA  #$F0
    924  4+1   A972 A4   E8 85           ANDA -123,S
    925  2     A975 8B   09              ADDA #$09
    926  4+1   A977 A7   E8 85           STA -123,S
    927  4+4   A97A 32   E9 FF60         LEAS -160,S
    928  3     A97E 8E   8804            LDX #$8804
    929  5+1   A981 AF   7E              STX -2,S
    930  3     A983 8E   8804            LDX #$8804
    931  5+1   A986 AF   E8 D6           STX -42,S
    932  4+1   A989 32   E8 B1           LEAS -79,S
    933  2     A98C 86   88              LDA #$88
    934  3     A98E 8E   0422            LDX #$0422
    935  5+3   A991 34   12              PSHS X,A
    936  2     A993 86   0F              LDA  #$0F
    937  4+1   A995 A4   E8 DA           ANDA -38,S
    938  2     A998 8B   40              ADDA #$40
    939  4+1   A99A A7   E8 DA           STA -38,S
    940  3     A99D 8E   8802            LDX #$8802
    941  5+1   A9A0 AF   E8 D8           STX -40,S
    942  2     A9A3 86   0F              LDA  #$0F
    943  4+1   A9A5 A4   E8 B2           ANDA -78,S
    944  2     A9A8 8B   00              ADDA #$00
    945  4+1   A9AA A7   E8 B2           STA -78,S
    946  3     A9AD 8E   8802            LDX #$8802
    947  5+1   A9B0 AF   E8 B0           STX -80,S
    948  3     A9B3 8E   0802            LDX #$0802
    949  5+1   A9B6 AF   E8 88           STX -120,S
    950  4+4   A9B9 32   E9 FF62         LEAS -158,S
    951  3     A9BD 8E   1002            LDX #$1002
    952  5+1   A9C0 AF   7E              STX -2,S
    953  3     A9C2 8E   5540            LDX #$5540
    954  5+1   A9C5 AF   E8 D6           STX -42,S
    955  3     A9C8 8E   5542            LDX #$5542
    956  5+1   A9CB AF   E8 AE           STX -82,S
    957  3     A9CE 8E   1544            LDX #$1544
    958  5+1   A9D1 AF   E8 86           STX -122,S
    959  4+4   A9D4 32   E9 FF60         LEAS -160,S
    960  3     A9D8 8E   1122            LDX #$1122
    961  5+1   A9DB AF   7E              STX -2,S
    962  2     A9DD 86   0F              LDA  #$0F
    963  4+1   A9DF A4   E8 D8           ANDA -40,S
    964  2     A9E2 8B   20              ADDA #$20
    965  4+1   A9E4 A7   E8 D8           STA -40,S
    966  2     A9E7 86   00              LDA #$00
    967  4+1   A9E9 A7   E8 D7           STA -41,S
    968  2     A9EC 86   F0              LDA  #$F0
    969  4+1   A9EE A4   E8 D6           ANDA -42,S
    970  2     A9F1 8B   01              ADDA #$01
    971  4+1   A9F3 A7   E8 D6           STA -42,S
    972  2     A9F6 86   11              LDA #$11
    973  4+1   A9F8 A7   E8 AF           STA -81,S
    974  2     A9FB 86   00              LDA #$00
    975  4+1   A9FD A7   E8 87           STA -121,S
    976
    977        AA00               ERASE_SSAV_HIL0
    978  4     AA00 10CE 0000            LDS #$0000
    979  5+3   AA04 35   48              PULS U,DP
    980  5     AA06 39                   RTS
    981
    982        AA07               ERASE_DATA_HIL0_2
    983        AA07               ERASE_DATA_HIL0_1

000000 Total Errors

000012 Total Symbols
     1x          Label A65E DATA_HIL0_1
     1x          Label A65E DATA_HIL0_2
     0x          Label A000 DRAW_HIL0
    66x          Label A66B ERASE_CODE_HIL0_1
    57x          Label A854 ERASE_CODE_HIL0_2
     1x          Label AA07 ERASE_DATA_HIL0_1
     1x          Label AA07 ERASE_DATA_HIL0_2
     0x          Label A65E ERASE_HIL0
     1x          Label A664 ERASE_POS_HIL0_1
     1x          Label A84D ERASE_POS_HIL0_2
     1x          Label AA00 ERASE_SSAV_HIL0
     1x          Label A657 SSAV_HIL0

