/*--------------------------------------------------------------*
 * Compilé avec C6809 v0.83                                     *
 *--------------------------------------------------------------*
 * Fichier source      : TMP.ASS
 * Fichier destination : TMP.BIN
 * Contenu :
 *     Main     0:TMP.ASS      13734
 *--------------------------------------------------------------*/

Macro Pass
Pass1
Pass2
      2        CC3A                      ORG $CC3A
      3        CC3A               DRAW_HJR5
      4  5+3   CC3A 34   48              PSHS U,DP
      5  7     CC3C 10FF D25E            STS SSAV_HJR5+2
      6
      7  7     CC40 10FE 9F00            LDS $9F00
      8  7     CC44 10FF D26B            STS ERASE_POS_HJR5_1+2
      9  3     CC48 CE   D263            LDU #DATA_HJR5_1
     10
     11  4+4   CC4B 32   E9 FEE6         LEAS -282,S
     12  4+1   CC4F A6   7F              LDA -1,S
     13  5     CC51 B7   D275            STA ERASE_CODE_HJR5_1+5
     14  2     CC54 86   DD              LDA #$dd
     15  4+1   CC56 A7   7F              STA -1,S
     16  4+1   CC58 A6   E8 D7           LDA -41,S
     17  5     CC5B B7   D279            STA ERASE_CODE_HJR5_1+9
     18  2     CC5E 86   DD              LDA #$dd
     19  4+1   CC60 A7   E8 D7           STA -41,S
     20  4+1   CC63 A6   E8 B0           LDA -80,S
     21  5     CC66 B7   D27E            STA ERASE_CODE_HJR5_1+14
     22  2     CC69 86   0F              LDA  #$0F
     23  4+1   CC6B A4   E8 B0           ANDA -80,S
     24  2     CC6E 8B   D0              ADDA #$d0
     25  4+1   CC70 A7   E8 B0           STA -80,S
     26  4+1   CC73 A6   E8 AF           LDA -81,S
     27  5     CC76 B7   D283            STA ERASE_CODE_HJR5_1+19
     28  2     CC79 86   DD              LDA #$dd
     29  4+1   CC7B A7   E8 AF           STA -81,S
     30  5+1   CC7E AE   E8 87           LDX -121,S
     31  6     CC81 BF   D288            STX ERASE_CODE_HJR5_1+24
     32  3     CC84 8E   DDDD            LDX #$dddd
     33  5+1   CC87 AF   E8 87           STX -121,S
     34  4+1   CC8A A6   E8 86           LDA -122,S
     35  5     CC8D B7   D28E            STA ERASE_CODE_HJR5_1+30
     36  2     CC90 86   0F              LDA  #$0F
     37  4+1   CC92 A4   E8 86           ANDA -122,S
     38  2     CC95 8B   00              ADDA #$00
     39  4+1   CC97 A7   E8 86           STA -122,S
     40  4+4   CC9A 32   E9 FF61         LEAS -159,S
     41  5+1   CC9E AE   7E              LDX -2,S
     42  6     CCA0 BF   D297            STX ERASE_CODE_HJR5_1+39
     43  3     CCA3 8E   DCDD            LDX #$dcdd
     44  5+1   CCA6 AF   7E              STX -2,S
     45  4+1   CCA8 A6   7D              LDA -3,S
     46  5     CCAA B7   D29C            STA ERASE_CODE_HJR5_1+44
     47  2     CCAD 86   0F              LDA  #$0F
     48  4+1   CCAF A4   7D              ANDA -3,S
     49  2     CCB1 8B   00              ADDA #$00
     50  4+1   CCB3 A7   7D              STA -3,S
     51  4+1   CCB5 32   E8 D5           LEAS -43,S
     52  5+3   CCB8 35   12              PULS A,X
     53  5     CCBA B7   D2A3            STA ERASE_CODE_HJR5_1+51
     54  6     CCBD BF   D2A5            STX ERASE_CODE_HJR5_1+53
     55  2     CCC0 86   00              LDA #$00
     56  3     CCC2 8E   DDCC            LDX #$ddcc
     57  5+3   CCC5 34   12              PSHS X,A
     58  4+1   CCC7 32   E8 D8           LEAS -40,S
     59  5+3   CCCA 35   12              PULS A,X
     60  5     CCCC B7   D2AD            STA ERASE_CODE_HJR5_1+61
     61  6     CCCF BF   D2AF            STX ERASE_CODE_HJR5_1+63
     62  2     CCD2 86   03              LDA #$03
     63  3     CCD4 8E   DCCC            LDX #$dccc
     64  5+3   CCD7 34   12              PSHS X,A
     65  5+1   CCD9 AE   E8 D9           LDX -39,S
     66  6     CCDC BF   D2B4            STX ERASE_CODE_HJR5_1+68
     67  3     CCDF 8E   DDAC            LDX #$ddac
     68  5+1   CCE2 AF   E8 D9           STX -39,S
     69  4+1   CCE5 A6   E8 D8           LDA -40,S
     70  5     CCE8 B7   D2BA            STA ERASE_CODE_HJR5_1+74
     71  2     CCEB 86   F0              LDA  #$F0
     72  4+1   CCED A4   E8 D8           ANDA -40,S
     73  2     CCF0 8B   0A              ADDA #$0a
     74  4+1   CCF2 A7   E8 D8           STA -40,S
     75  4+1   CCF5 A6   E8 D7           LDA -41,S
     76  5     CCF8 B7   D2BF            STA ERASE_CODE_HJR5_1+79
     77  2     CCFB 86   F0              LDA  #$F0
     78  4+1   CCFD A4   E8 D7           ANDA -41,S
     79  2     CD00 8B   00              ADDA #$00
     80  4+1   CD02 A7   E8 D7           STA -41,S
     81  4+1   CD05 32   E8 B0           LEAS -80,S
     82  5+3   CD08 35   12              PULS A,X
     83  5     CD0A B7   D2C7            STA ERASE_CODE_HJR5_1+87
     84  6     CD0D BF   D2C9            STX ERASE_CODE_HJR5_1+89
     85  2     CD10 86   9A              LDA #$9a
     86  3     CD12 8E   CCAA            LDX #$ccaa
     87  5+3   CD15 34   12              PSHS X,A
     88  4+1   CD17 A6   7F              LDA -1,S
     89  5     CD19 B7   D2CE            STA ERASE_CODE_HJR5_1+94
     90  2     CD1C 86   F0              LDA  #$F0
     91  4+1   CD1E A4   7F              ANDA -1,S
     92  2     CD20 8B   0E              ADDA #$0e
     93  4+1   CD22 A7   7F              STA -1,S
     94  4+1   CD24 32   E8 D8           LEAS -40,S
     95  5+3   CD27 35   12              PULS A,X
     96  5     CD29 B7   D2D5            STA ERASE_CODE_HJR5_1+101
     97  6     CD2C BF   D2D7            STX ERASE_CODE_HJR5_1+103
     98  2     CD2F 86   A1              LDA #$a1
     99  3     CD31 8E   DCAA            LDX #$dcaa
    100  5+3   CD34 34   12              PSHS X,A
    101  4+1   CD36 A6   7F              LDA -1,S
    102  5     CD38 B7   D2DC            STA ERASE_CODE_HJR5_1+108
    103  2     CD3B 86   F0              LDA  #$F0
    104  4+1   CD3D A4   7F              ANDA -1,S
    105  2     CD3F 8B   0E              ADDA #$0e
    106  4+1   CD41 A7   7F              STA -1,S
    107  4+1   CD43 32   E8 D8           LEAS -40,S
    108  5+3   CD46 35   12              PULS A,X
    109  5     CD48 B7   D2E3            STA ERASE_CODE_HJR5_1+115
    110  6     CD4B BF   D2E5            STX ERASE_CODE_HJR5_1+117
    111  2     CD4E 86   AC              LDA #$ac
    112  3     CD50 8E   CCAA            LDX #$ccaa
    113  5+3   CD53 34   12              PSHS X,A
    114  4+1   CD55 A6   7F              LDA -1,S
    115  5     CD57 B7   D2EA            STA ERASE_CODE_HJR5_1+122
    116  2     CD5A 86   F0              LDA  #$F0
    117  4+1   CD5C A4   7F              ANDA -1,S
    118  2     CD5E 8B   0E              ADDA #$0e
    119  4+1   CD60 A7   7F              STA -1,S
    120  4+1   CD62 32   E8 D8           LEAS -40,S
    121  5+3   CD65 35   12              PULS A,X
    122  5     CD67 B7   D2F1            STA ERASE_CODE_HJR5_1+129
    123  6     CD6A BF   D2F3            STX ERASE_CODE_HJR5_1+131
    124  2     CD6D 86   AA              LDA #$aa
    125  3     CD6F 8E   DCAA            LDX #$dcaa
    126  5+3   CD72 34   12              PSHS X,A
    127  4+1   CD74 A6   7F              LDA -1,S
    128  5     CD76 B7   D2F8            STA ERASE_CODE_HJR5_1+136
    129  2     CD79 86   F0              LDA  #$F0
    130  4+1   CD7B A4   7F              ANDA -1,S
    131  2     CD7D 8B   0E              ADDA #$0e
    132  4+1   CD7F A7   7F              STA -1,S
    133  4+1   CD81 32   E8 D8           LEAS -40,S
    134  5+3   CD84 35   12              PULS A,X
    135  5     CD86 B7   D2FF            STA ERASE_CODE_HJR5_1+143
    136  6     CD89 BF   D301            STX ERASE_CODE_HJR5_1+145
    137  2     CD8C 86   A9              LDA #$a9
    138  3     CD8E 8E   CCCD            LDX #$cccd
    139  5+3   CD91 34   12              PSHS X,A
    140  4+1   CD93 A6   7F              LDA -1,S
    141  5     CD95 B7   D306            STA ERASE_CODE_HJR5_1+150
    142  2     CD98 86   F0              LDA  #$F0
    143  4+1   CD9A A4   7F              ANDA -1,S
    144  2     CD9C 8B   0E              ADDA #$0e
    145  4+1   CD9E A7   7F              STA -1,S
    146  4+1   CDA0 32   E8 D8           LEAS -40,S
    147  5+3   CDA3 35   12              PULS A,X
    148  5     CDA5 B7   D30D            STA ERASE_CODE_HJR5_1+157
    149  6     CDA8 BF   D30F            STX ERASE_CODE_HJR5_1+159
    150  2     CDAB 86   AC              LDA #$ac
    151  3     CDAD 8E   CCCC            LDX #$cccc
    152  5+3   CDB0 34   12              PSHS X,A
    153  4+1   CDB2 A6   7F              LDA -1,S
    154  5     CDB4 B7   D314            STA ERASE_CODE_HJR5_1+164
    155  2     CDB7 86   F0              LDA  #$F0
    156  4+1   CDB9 A4   7F              ANDA -1,S
    157  2     CDBB 8B   0E              ADDA #$0e
    158  4+1   CDBD A7   7F              STA -1,S
    159  4+1   CDBF 32   E8 D8           LEAS -40,S
    160  5+3   CDC2 35   12              PULS A,X
    161  5     CDC4 B7   D31B            STA ERASE_CODE_HJR5_1+171
    162  6     CDC7 BF   D31D            STX ERASE_CODE_HJR5_1+173
    163  2     CDCA 86   AA              LDA #$aa
    164  3     CDCC 8E   CCCC            LDX #$cccc
    165  5+3   CDCF 34   12              PSHS X,A
    166  4+1   CDD1 A6   7F              LDA -1,S
    167  5     CDD3 B7   D322            STA ERASE_CODE_HJR5_1+178
    168  2     CDD6 86   F0              LDA  #$F0
    169  4+1   CDD8 A4   7F              ANDA -1,S
    170  2     CDDA 8B   0E              ADDA #$0e
    171  4+1   CDDC A7   7F              STA -1,S
    172  4+1   CDDE 32   E8 D8           LEAS -40,S
    173  5+3   CDE1 35   12              PULS A,X
    174  5     CDE3 B7   D329            STA ERASE_CODE_HJR5_1+185
    175  6     CDE6 BF   D32B            STX ERASE_CODE_HJR5_1+187
    176  2     CDE9 86   CA              LDA #$ca
    177  3     CDEB 8E   ACCC            LDX #$accc
    178  5+3   CDEE 34   12              PSHS X,A
    179  4+1   CDF0 A6   7F              LDA -1,S
    180  5     CDF2 B7   D330            STA ERASE_CODE_HJR5_1+192
    181  2     CDF5 86   F0              LDA  #$F0
    182  4+1   CDF7 A4   7F              ANDA -1,S
    183  2     CDF9 8B   0E              ADDA #$0e
    184  4+1   CDFB A7   7F              STA -1,S
    185  4+1   CDFD 32   E8 D8           LEAS -40,S
    186  5+3   CE00 35   12              PULS A,X
    187  5     CE02 B7   D337            STA ERASE_CODE_HJR5_1+199
    188  6     CE05 BF   D339            STX ERASE_CODE_HJR5_1+201
    189  2     CE08 86   CD              LDA #$cd
    190  3     CE0A 8E   CCAC            LDX #$ccac
    191  5+3   CE0D 34   12              PSHS X,A
    192  4+1   CE0F A6   7F              LDA -1,S
    193  5     CE11 B7   D33E            STA ERASE_CODE_HJR5_1+206
    194  2     CE14 86   F0              LDA  #$F0
    195  4+1   CE16 A4   7F              ANDA -1,S
    196  2     CE18 8B   0E              ADDA #$0e
    197  4+1   CE1A A7   7F              STA -1,S
    198  4+1   CE1C 32   E8 D8           LEAS -40,S
    199  5+3   CE1F 35   12              PULS A,X
    200  5     CE21 B7   D345            STA ERASE_CODE_HJR5_1+213
    201  6     CE24 BF   D347            STX ERASE_CODE_HJR5_1+215
    202  2     CE27 86   0D              LDA #$0d
    203  3     CE29 8E   CCAC            LDX #$ccac
    204  5+3   CE2C 34   12              PSHS X,A
    205  4+1   CE2E A6   7F              LDA -1,S
    206  5     CE30 B7   D34C            STA ERASE_CODE_HJR5_1+220
    207  2     CE33 86   F0              LDA  #$F0
    208  4+1   CE35 A4   7F              ANDA -1,S
    209  2     CE37 8B   09              ADDA #$09
    210  4+1   CE39 A7   7F              STA -1,S
    211  4+1   CE3B 32   E8 D8           LEAS -40,S
    212  5+3   CE3E 35   12              PULS A,X
    213  5     CE40 B7   D353            STA ERASE_CODE_HJR5_1+227
    214  6     CE43 BF   D355            STX ERASE_CODE_HJR5_1+229
    215  2     CE46 86   AC              LDA #$ac
    216  3     CE48 8E   CCAC            LDX #$ccac
    217  5+3   CE4B 34   12              PSHS X,A
    218  4+1   CE4D A6   7F              LDA -1,S
    219  5     CE4F B7   D35A            STA ERASE_CODE_HJR5_1+234
    220  2     CE52 86   F0              LDA  #$F0
    221  4+1   CE54 A4   7F              ANDA -1,S
    222  2     CE56 8B   09              ADDA #$09
    223  4+1   CE58 A7   7F              STA -1,S
    224  4+1   CE5A A6   E8 DA           LDA -38,S
    225  5     CE5D B7   D35E            STA ERASE_CODE_HJR5_1+238
    226  2     CE60 86   F0              LDA  #$F0
    227  4+1   CE62 A4   E8 DA           ANDA -38,S
    228  2     CE65 8B   0C              ADDA #$0c
    229  4+1   CE67 A7   E8 DA           STA -38,S
    230  5+1   CE6A AE   E8 D8           LDX -40,S
    231  6     CE6D BF   D363            STX ERASE_CODE_HJR5_1+243
    232  3     CE70 8E   9ACC            LDX #$9acc
    233  5+1   CE73 AF   E8 D8           STX -40,S
    234  4+1   CE76 A6   E8 D7           LDA -41,S
    235  5     CE79 B7   D369            STA ERASE_CODE_HJR5_1+249
    236  2     CE7C 86   F0              LDA  #$F0
    237  4+1   CE7E A4   E8 D7           ANDA -41,S
    238  2     CE81 8B   00              ADDA #$00
    239  4+1   CE83 A7   E8 D7           STA -41,S
    240  4+1   CE86 A6   E8 B2           LDA -78,S
    241  5     CE89 B7   D36E            STA ERASE_CODE_HJR5_1+254
    242  2     CE8C 86   F0              LDA  #$F0
    243  4+1   CE8E A4   E8 B2           ANDA -78,S
    244  2     CE91 8B   0A              ADDA #$0a
    245  4+1   CE93 A7   E8 B2           STA -78,S
    246  5+1   CE96 AE   E8 B0           LDX -80,S
    247  6     CE99 BF   D373            STX ERASE_CODE_HJR5_1+259
    248  3     CE9C 8E   2AAA            LDX #$2aaa
    249  5+1   CE9F AF   E8 B0           STX -80,S
    250  4+1   CEA2 A6   E8 8A           LDA -118,S
    251  5     CEA5 B7   D379            STA ERASE_CODE_HJR5_1+265
    252  2     CEA8 86   F0              LDA  #$F0
    253  4+1   CEAA A4   E8 8A           ANDA -118,S
    254  2     CEAD 8B   0A              ADDA #$0a
    255  4+1   CEAF A7   E8 8A           STA -118,S
    256  4+1   CEB2 A6   E8 89           LDA -119,S
    257  5     CEB5 B7   D37E            STA ERASE_CODE_HJR5_1+270
    258  2     CEB8 86   0F              LDA  #$0F
    259  4+1   CEBA A4   E8 89           ANDA -119,S
    260  2     CEBD 8B   A0              ADDA #$a0
    261  4+1   CEBF A7   E8 89           STA -119,S
    262  4+1   CEC2 A6   E8 88           LDA -120,S
    263  5     CEC5 B7   D383            STA ERASE_CODE_HJR5_1+275
    264  2     CEC8 86   2C              LDA #$2c
    265  4+1   CECA A7   E8 88           STA -120,S
    266  4+4   CECD 32   E9 FF62         LEAS -158,S
    267  4+0   CED1 A6   E4              LDA ,S
    268  5     CED3 B7   D38C            STA ERASE_CODE_HJR5_1+284
    269  2     CED6 86   F0              LDA  #$F0
    270  4+0   CED8 A4   E4              ANDA ,S
    271  2     CEDA 8B   0A              ADDA #$0a
    272  4+0   CEDC A7   E4              STA ,S
    273  4+1   CEDE A6   7F              LDA -1,S
    274  5     CEE0 B7   D390            STA ERASE_CODE_HJR5_1+288
    275  2     CEE3 86   0F              LDA  #$0F
    276  4+1   CEE5 A4   7F              ANDA -1,S
    277  2     CEE7 8B   A0              ADDA #$a0
    278  4+1   CEE9 A7   7F              STA -1,S
    279  4+1   CEEB A6   7E              LDA -2,S
    280  5     CEED B7   D394            STA ERASE_CODE_HJR5_1+292
    281  2     CEF0 86   FD              LDA #$fd
    282  4+1   CEF2 A7   7E              STA -2,S
    283  4+1   CEF4 A6   E8 D8           LDA -40,S
    284  5     CEF7 B7   D398            STA ERASE_CODE_HJR5_1+296
    285  2     CEFA 86   F0              LDA  #$F0
    286  4+1   CEFC A4   E8 D8           ANDA -40,S
    287  2     CEFF 8B   0A              ADDA #$0a
    288  4+1   CF01 A7   E8 D8           STA -40,S
    289  4+1   CF04 A6   E8 D7           LDA -41,S
    290  5     CF07 B7   D39D            STA ERASE_CODE_HJR5_1+301
    291  2     CF0A 86   0F              LDA  #$0F
    292  4+1   CF0C A4   E8 D7           ANDA -41,S
    293  2     CF0F 8B   A0              ADDA #$a0
    294  4+1   CF11 A7   E8 D7           STA -41,S
    295  4+1   CF14 A6   E8 D6           LDA -42,S
    296  5     CF17 B7   D3A2            STA ERASE_CODE_HJR5_1+306
    297  2     CF1A 86   DD              LDA #$dd
    298  4+1   CF1C A7   E8 D6           STA -42,S
    299  4+1   CF1F A6   E8 AE           LDA -82,S
    300  5     CF22 B7   D3A7            STA ERASE_CODE_HJR5_1+311
    301  2     CF25 86   DC              LDA #$dc
    302  4+1   CF27 A7   E8 AE           STA -82,S
    303  4+1   CF2A A6   E8 86           LDA -122,S
    304  5     CF2D B7   D3AC            STA ERASE_CODE_HJR5_1+316
    305  2     CF30 86   F0              LDA  #$F0
    306  4+1   CF32 A4   E8 86           ANDA -122,S
    307  2     CF35 8B   0A              ADDA #$0a
    308  4+1   CF37 A7   E8 86           STA -122,S
    309
    310  7     CF3A 10FE 9F02            LDS $9F00+2
    311  7     CF3E 10FF D3B2            STS ERASE_POS_HJR5_2+2
    312  3     CF42 CE   D263            LDU #DATA_HJR5_2
    313
    314  4+4   CF45 32   E9 FF0D         LEAS -243,S
    315  4+0   CF49 A6   E4              LDA ,S
    316  5     CF4B B7   D3BC            STA ERASE_CODE_HJR5_2+5
    317  2     CF4E 86   0F              LDA  #$0F
    318  4+0   CF50 A4   E4              ANDA ,S
    319  2     CF52 8B   D0              ADDA #$d0
    320  4+0   CF54 A7   E4              STA ,S
    321  4+1   CF56 A6   E8 D8           LDA -40,S
    322  5     CF59 B7   D3C0            STA ERASE_CODE_HJR5_2+9
    323  2     CF5C 86   0F              LDA  #$0F
    324  4+1   CF5E A4   E8 D8           ANDA -40,S
    325  2     CF61 8B   D0              ADDA #$d0
    326  4+1   CF63 A7   E8 D8           STA -40,S
    327  4+1   CF66 A6   E8 D7           LDA -41,S
    328  5     CF69 B7   D3C5            STA ERASE_CODE_HJR5_2+14
    329  2     CF6C 86   F0              LDA  #$F0
    330  4+1   CF6E A4   E8 D7           ANDA -41,S
    331  2     CF71 8B   0D              ADDA #$0d
    332  4+1   CF73 A7   E8 D7           STA -41,S
    333  5+1   CF76 AE   E8 AF           LDX -81,S
    334  6     CF79 BF   D3CA            STX ERASE_CODE_HJR5_2+19
    335  3     CF7C 8E   DDD3            LDX #$ddd3
    336  5+1   CF7F AF   E8 AF           STX -81,S
    337  5+1   CF82 AE   E8 87           LDX -121,S
    338  6     CF85 BF   D3D0            STX ERASE_CODE_HJR5_2+25
    339  3     CF88 8E   DDCD            LDX #$ddcd
    340  5+1   CF8B AF   E8 87           STX -121,S
    341  4+4   CF8E 32   E9 FF61         LEAS -159,S
    342  5+1   CF92 AE   7E              LDX -2,S
    343  6     CF94 BF   D3DA            STX ERASE_CODE_HJR5_2+35
    344  3     CF97 8E   A9DC            LDX #$a9dc
    345  5+1   CF9A AF   7E              STX -2,S
    346  5+1   CF9C AE   E8 D6           LDX -42,S
    347  6     CF9F BF   D3DF            STX ERASE_CODE_HJR5_2+40
    348  3     CFA2 8E   0ADC            LDX #$0adc
    349  5+1   CFA5 AF   E8 D6           STX -42,S
    350  4+1   CFA8 A6   E8 B0           LDA -80,S
    351  5     CFAB B7   D3E5            STA ERASE_CODE_HJR5_2+46
    352  2     CFAE 86   0F              LDA  #$0F
    353  4+1   CFB0 A4   E8 B0           ANDA -80,S
    354  2     CFB3 8B   D0              ADDA #$d0
    355  4+1   CFB5 A7   E8 B0           STA -80,S
    356  5+1   CFB8 AE   E8 AE           LDX -82,S
    357  6     CFBB BF   D3EA            STX ERASE_CODE_HJR5_2+51
    358  3     CFBE 8E   AACC            LDX #$aacc
    359  5+1   CFC1 AF   E8 AE           STX -82,S
    360  4+1   CFC4 A6   E8 AD           LDA -83,S
    361  5     CFC7 B7   D3F0            STA ERASE_CODE_HJR5_2+57
    362  2     CFCA 86   0F              LDA  #$0F
    363  4+1   CFCC A4   E8 AD           ANDA -83,S
    364  2     CFCF 8B   10              ADDA #$10
    365  4+1   CFD1 A7   E8 AD           STA -83,S
    366  4+1   CFD4 A6   E8 88           LDA -120,S
    367  5     CFD7 B7   D3F5            STA ERASE_CODE_HJR5_2+62
    368  2     CFDA 86   0F              LDA  #$0F
    369  4+1   CFDC A4   E8 88           ANDA -120,S
    370  2     CFDF 8B   C0              ADDA #$c0
    371  4+1   CFE1 A7   E8 88           STA -120,S
    372  5+1   CFE4 AE   E8 86           LDX -122,S
    373  6     CFE7 BF   D3FA            STX ERASE_CODE_HJR5_2+67
    374  3     CFEA 8E   AACC            LDX #$aacc
    375  5+1   CFED AF   E8 86           STX -122,S
    376  4+1   CFF0 A6   E8 85           LDA -123,S
    377  5     CFF3 B7   D400            STA ERASE_CODE_HJR5_2+73
    378  2     CFF6 86   0F              LDA  #$0F
    379  4+1   CFF8 A4   E8 85           ANDA -123,S
    380  2     CFFB 8B   F0              ADDA #$f0
    381  4+1   CFFD A7   E8 85           STA -123,S
    382  4+4   D000 32   E9 FF60         LEAS -160,S
    383  4+0   D004 A6   E4              LDA ,S
    384  5     D006 B7   D409            STA ERASE_CODE_HJR5_2+82
    385  2     D009 86   0F              LDA  #$0F
    386  4+0   D00B A4   E4              ANDA ,S
    387  2     D00D 8B   C0              ADDA #$c0
    388  4+0   D00F A7   E4              STA ,S
    389  5+1   D011 AE   7E              LDX -2,S
    390  6     D013 BF   D40D            STX ERASE_CODE_HJR5_2+86
    391  3     D016 8E   A9CA            LDX #$a9ca
    392  5+1   D019 AF   7E              STX -2,S
    393  4+1   D01B A6   7D              LDA -3,S
    394  5     D01D B7   D412            STA ERASE_CODE_HJR5_2+91
    395  2     D020 86   0F              LDA  #$0F
    396  4+1   D022 A4   7D              ANDA -3,S
    397  2     D024 8B   10              ADDA #$10
    398  4+1   D026 A7   7D              STA -3,S
    399  4+1   D028 32   E8 D5           LEAS -43,S
    400  5+4   D02B 35   16              PULS A,B,X
    401  5     D02D B7   D419            STA ERASE_CODE_HJR5_2+98
    402  5     D030 F7   D41B            STB ERASE_CODE_HJR5_2+100
    403  6     D033 BF   D41D            STX ERASE_CODE_HJR5_2+102
    404  2     D036 86   1A              LDA #$1a
    405  2     D038 C6   9D              LDB #$9d
    406  3     D03A 8E   CACC            LDX #$cacc
    407  5+4   D03D 34   16              PSHS X,B,A
    408  4+1   D03F 32   E8 D9           LEAS -39,S
    409  5+3   D042 35   12              PULS A,X
    410  5     D044 B7   D425            STA ERASE_CODE_HJR5_2+110
    411  6     D047 BF   D427            STX ERASE_CODE_HJR5_2+112
    412  2     D04A 86   DD              LDA #$dd
    413  3     D04C 8E   CAAC            LDX #$caac
    414  5+3   D04F 34   12              PSHS X,A
    415  4+1   D051 A6   7F              LDA -1,S
    416  5     D053 B7   D42C            STA ERASE_CODE_HJR5_2+117
    417  2     D056 86   F0              LDA  #$F0
    418  4+1   D058 A4   7F              ANDA -1,S
    419  2     D05A 8B   09              ADDA #$09
    420  4+1   D05C A7   7F              STA -1,S
    421  4+1   D05E 32   E8 D8           LEAS -40,S
    422  5+3   D061 35   12              PULS A,X
    423  5     D063 B7   D433            STA ERASE_CODE_HJR5_2+124
    424  6     D066 BF   D435            STX ERASE_CODE_HJR5_2+126
    425  2     D069 86   13              LDA #$13
    426  3     D06B 8E   CAAC            LDX #$caac
    427  5+3   D06E 34   12              PSHS X,A
    428  4+1   D070 A6   7F              LDA -1,S
    429  5     D072 B7   D43A            STA ERASE_CODE_HJR5_2+131
    430  2     D075 86   F0              LDA  #$F0
    431  4+1   D077 A4   7F              ANDA -1,S
    432  2     D079 8B   09              ADDA #$09
    433  4+1   D07B A7   7F              STA -1,S
    434  4+1   D07D 32   E8 D8           LEAS -40,S
    435  5+3   D080 35   12              PULS A,X
    436  5     D082 B7   D441            STA ERASE_CODE_HJR5_2+138
    437  6     D085 BF   D443            STX ERASE_CODE_HJR5_2+140
    438  2     D088 86   C2              LDA #$c2
    439  3     D08A 8E   CCAA            LDX #$ccaa
    440  5+3   D08D 34   12              PSHS X,A
    441  4+1   D08F A6   7F              LDA -1,S
    442  5     D091 B7   D448            STA ERASE_CODE_HJR5_2+145
    443  2     D094 86   F0              LDA  #$F0
    444  4+1   D096 A4   7F              ANDA -1,S
    445  2     D098 8B   09              ADDA #$09
    446  4+1   D09A A7   7F              STA -1,S
    447  4+1   D09C A6   E8 DA           LDA -38,S
    448  5     D09F B7   D44C            STA ERASE_CODE_HJR5_2+149
    449  2     D0A2 86   F0              LDA  #$F0
    450  4+1   D0A4 A4   E8 DA           ANDA -38,S
    451  2     D0A7 8B   0A              ADDA #$0a
    452  4+1   D0A9 A7   E8 DA           STA -38,S
    453  5+1   D0AC AE   E8 D8           LDX -40,S
    454  6     D0AF BF   D451            STX ERASE_CODE_HJR5_2+154
    455  3     D0B2 8E   2CCC            LDX #$2ccc
    456  5+1   D0B5 AF   E8 D8           STX -40,S
    457  4+1   D0B8 A6   E8 D7           LDA -41,S
    458  5     D0BB B7   D457            STA ERASE_CODE_HJR5_2+160
    459  2     D0BE 86   F0              LDA  #$F0
    460  4+1   D0C0 A4   E8 D7           ANDA -41,S
    461  2     D0C3 8B   0A              ADDA #$0a
    462  4+1   D0C5 A7   E8 D7           STA -41,S
    463  5+1   D0C8 AE   E8 B0           LDX -80,S
    464  6     D0CB BF   D45C            STX ERASE_CODE_HJR5_2+165
    465  3     D0CE 8E   22AC            LDX #$22ac
    466  5+1   D0D1 AF   E8 B0           STX -80,S
    467  4+1   D0D4 A6   E8 AF           LDA -81,S
    468  5     D0D7 B7   D462            STA ERASE_CODE_HJR5_2+171
    469  2     D0DA 86   F0              LDA  #$F0
    470  4+1   D0DC A4   E8 AF           ANDA -81,S
    471  2     D0DF 8B   0A              ADDA #$0a
    472  4+1   D0E1 A7   E8 AF           STA -81,S
    473  4+1   D0E4 32   E8 87           LEAS -121,S
    474  5+3   D0E7 35   12              PULS A,X
    475  5     D0E9 B7   D46A            STA ERASE_CODE_HJR5_2+179
    476  6     D0EC BF   D46C            STX ERASE_CODE_HJR5_2+181
    477  2     D0EF 86   19              LDA #$19
    478  3     D0F1 8E   DDCC            LDX #$ddcc
    479  5+3   D0F4 34   12              PSHS X,A
    480  4+1   D0F6 A6   E8 DB           LDA -37,S
    481  5     D0F9 B7   D471            STA ERASE_CODE_HJR5_2+186
    482  2     D0FC 86   0F              LDA  #$0F
    483  4+1   D0FE A4   E8 DB           ANDA -37,S
    484  2     D101 8B   C0              ADDA #$c0
    485  4+1   D103 A7   E8 DB           STA -37,S
    486  4+1   D106 32   E8 D8           LEAS -40,S
    487  5+3   D109 35   12              PULS A,X
    488  5     D10B B7   D479            STA ERASE_CODE_HJR5_2+194
    489  6     D10E BF   D47B            STX ERASE_CODE_HJR5_2+196
    490  2     D111 86   1A              LDA #$1a
    491  3     D113 8E   DCCA            LDX #$dcca
    492  5+3   D116 34   12              PSHS X,A
    493  4+1   D118 A6   E8 DB           LDA -37,S
    494  5     D11B B7   D480            STA ERASE_CODE_HJR5_2+201
    495  2     D11E 86   0F              LDA  #$0F
    496  4+1   D120 A4   E8 DB           ANDA -37,S
    497  2     D123 8B   A0              ADDA #$a0
    498  4+1   D125 A7   E8 DB           STA -37,S
    499  4+1   D128 32   E8 D8           LEAS -40,S
    500  5+3   D12B 35   12              PULS A,X
    501  5     D12D B7   D488            STA ERASE_CODE_HJR5_2+209
    502  6     D130 BF   D48A            STX ERASE_CODE_HJR5_2+211
    503  2     D133 86   19              LDA #$19
    504  3     D135 8E   DDAB            LDX #$ddab
    505  5+3   D138 34   12              PSHS X,A
    506  4+1   D13A A6   E8 DB           LDA -37,S
    507  5     D13D B7   D48F            STA ERASE_CODE_HJR5_2+216
    508  2     D140 86   0F              LDA  #$0F
    509  4+1   D142 A4   E8 DB           ANDA -37,S
    510  2     D145 8B   A0              ADDA #$a0
    511  4+1   D147 A7   E8 DB           STA -37,S
    512  4+1   D14A 32   E8 D8           LEAS -40,S
    513  5+3   D14D 35   12              PULS A,X
    514  5     D14F B7   D497            STA ERASE_CODE_HJR5_2+224
    515  6     D152 BF   D499            STX ERASE_CODE_HJR5_2+226
    516  2     D155 86   AA              LDA #$aa
    517  3     D157 8E   DCAB            LDX #$dcab
    518  5+3   D15A 34   12              PSHS X,A
    519  4+1   D15C A6   E8 DB           LDA -37,S
    520  5     D15F B7   D49E            STA ERASE_CODE_HJR5_2+231
    521  2     D162 86   0F              LDA  #$0F
    522  4+1   D164 A4   E8 DB           ANDA -37,S
    523  2     D167 8B   A0              ADDA #$a0
    524  4+1   D169 A7   E8 DB           STA -37,S
    525  4+1   D16C 32   E8 D8           LEAS -40,S
    526  5+3   D16F 35   12              PULS A,X
    527  5     D171 B7   D4A6            STA ERASE_CODE_HJR5_2+239
    528  6     D174 BF   D4A8            STX ERASE_CODE_HJR5_2+241
    529  2     D177 86   AA              LDA #$aa
    530  3     D179 8E   DDAB            LDX #$ddab
    531  5+3   D17C 34   12              PSHS X,A
    532  4+1   D17E A6   E8 DB           LDA -37,S
    533  5     D181 B7   D4AD            STA ERASE_CODE_HJR5_2+246
    534  2     D184 86   0F              LDA  #$0F
    535  4+1   D186 A4   E8 DB           ANDA -37,S
    536  2     D189 8B   A0              ADDA #$a0
    537  4+1   D18B A7   E8 DB           STA -37,S
    538  4+1   D18E 32   E8 D8           LEAS -40,S
    539  5+3   D191 35   12              PULS A,X
    540  5     D193 B7   D4B5            STA ERASE_CODE_HJR5_2+254
    541  6     D196 BF   D4B7            STX ERASE_CODE_HJR5_2+256
    542  2     D199 86   11              LDA #$11
    543  3     D19B 8E   DDCA            LDX #$ddca
    544  5+3   D19E 34   12              PSHS X,A
    545  4+1   D1A0 A6   E8 DB           LDA -37,S
    546  5     D1A3 B7   D4BC            STA ERASE_CODE_HJR5_2+261
    547  2     D1A6 86   0F              LDA  #$0F
    548  4+1   D1A8 A4   E8 DB           ANDA -37,S
    549  2     D1AB 8B   A0              ADDA #$a0
    550  4+1   D1AD A7   E8 DB           STA -37,S
    551  4+1   D1B0 32   E8 D8           LEAS -40,S
    552  5+3   D1B3 35   12              PULS A,X
    553  5     D1B5 B7   D4C4            STA ERASE_CODE_HJR5_2+269
    554  6     D1B8 BF   D4C6            STX ERASE_CODE_HJR5_2+271
    555  2     D1BB 86   11              LDA #$11
    556  3     D1BD 8E   CACA            LDX #$caca
    557  5+3   D1C0 34   12              PSHS X,A
    558  4+1   D1C2 32   E8 D8           LEAS -40,S
    559  5+3   D1C5 35   12              PULS A,X
    560  5     D1C7 B7   D4CE            STA ERASE_CODE_HJR5_2+279
    561  6     D1CA BF   D4D0            STX ERASE_CODE_HJR5_2+281
    562  2     D1CD 86   E1              LDA #$e1
    563  3     D1CF 8E   CACA            LDX #$caca
    564  5+3   D1D2 34   12              PSHS X,A
    565  4+1   D1D4 32   E8 D8           LEAS -40,S
    566  5+3   D1D7 35   12              PULS A,X
    567  5     D1D9 B7   D4D8            STA ERASE_CODE_HJR5_2+289
    568  6     D1DC BF   D4DA            STX ERASE_CODE_HJR5_2+291
    569  2     D1DF 86   11              LDA #$11
    570  3     D1E1 8E   ADAA            LDX #$adaa
    571  5+3   D1E4 34   12              PSHS X,A
    572  5+1   D1E6 AE   E8 D9           LDX -39,S
    573  6     D1E9 BF   D4DF            STX ERASE_CODE_HJR5_2+296
    574  3     D1EC 8E   ACAA            LDX #$acaa
    575  5+1   D1EF AF   E8 D9           STX -39,S
    576  4+1   D1F2 A6   E8 D8           LDA -40,S
    577  5     D1F5 B7   D4E5            STA ERASE_CODE_HJR5_2+302
    578  2     D1F8 86   F0              LDA  #$F0
    579  4+1   D1FA A4   E8 D8           ANDA -40,S
    580  2     D1FD 8B   0F              ADDA #$0f
    581  4+1   D1FF A7   E8 D8           STA -40,S
    582  5+1   D202 AE   E8 B1           LDX -79,S
    583  6     D205 BF   D4EA            STX ERASE_CODE_HJR5_2+307
    584  3     D208 8E   ACAA            LDX #$acaa
    585  5+1   D20B AF   E8 B1           STX -79,S
    586  4+1   D20E A6   E8 B0           LDA -80,S
    587  5     D211 B7   D4F0            STA ERASE_CODE_HJR5_2+313
    588  2     D214 86   F0              LDA  #$F0
    589  4+1   D216 A4   E8 B0           ANDA -80,S
    590  2     D219 8B   0D              ADDA #$0d
    591  4+1   D21B A7   E8 B0           STA -80,S
    592  4+1   D21E A6   E8 8A           LDA -118,S
    593  5     D221 B7   D4F5            STA ERASE_CODE_HJR5_2+318
    594  2     D224 86   0F              LDA  #$0F
    595  4+1   D226 A4   E8 8A           ANDA -118,S
    596  2     D229 8B   A0              ADDA #$a0
    597  4+1   D22B A7   E8 8A           STA -118,S
    598  4+1   D22E A6   E8 89           LDA -119,S
    599  5     D231 B7   D4FA            STA ERASE_CODE_HJR5_2+323
    600  2     D234 86   F0              LDA  #$F0
    601  4+1   D236 A4   E8 89           ANDA -119,S
    602  2     D239 8B   0A              ADDA #$0a
    603  4+1   D23B A7   E8 89           STA -119,S
    604  4+4   D23E 32   E9 FF62         LEAS -158,S
    605  4+0   D242 A6   E4              LDA ,S
    606  5     D244 B7   D503            STA ERASE_CODE_HJR5_2+332
    607  2     D247 86   0F              LDA  #$0F
    608  4+0   D249 A4   E4              ANDA ,S
    609  2     D24B 8B   A0              ADDA #$a0
    610  4+0   D24D A7   E4              STA ,S
    611  4+1   D24F A6   7F              LDA -1,S
    612  5     D251 B7   D507            STA ERASE_CODE_HJR5_2+336
    613  2     D254 86   F0              LDA  #$F0
    614  4+1   D256 A4   7F              ANDA -1,S
    615  2     D258 8B   0A              ADDA #$0a
    616  4+1   D25A A7   7F              STA -1,S
    617
    618        D25C               SSAV_HJR5
    619  4     D25C 10CE 0000            LDS #$0000
    620  5+3   D260 35   48              PULS U,DP
    621  5     D262 39                   RTS
    622
    623        D263               DATA_HJR5_2
    624        D263               DATA_HJR5_1
    625        D263               ERASE_HJR5
    626  5+3   D263 34   48              PSHS U,DP
    627  7     D265 10FF D50C            STS ERASE_SSAV_HJR5+2
    628
    629        D269               ERASE_POS_HJR5_1
    630  4     D269 10CE 0000            LDS #$0000
    631  3     D26D CE   D511            LDU #ERASE_DATA_HJR5_1
    632        D270               ERASE_CODE_HJR5_1
    633  4+4   D270 32   E9 FEE6         LEAS -282,S
    634  2     D274 86   DD              LDA #$dd
    635  4+1   D276 A7   7F              STA -1,S
    636  2     D278 86   DD              LDA #$dd
    637  4+1   D27A A7   E8 D7           STA -41,S
    638  2     D27D 86   D0              LDA #$d0
    639  4+1   D27F A7   E8 B0           STA -80,S
    640  2     D282 86   DD              LDA #$dd
    641  4+1   D284 A7   E8 AF           STA -81,S
    642  3     D287 8E   DDDD            LDX #$dddd
    643  5+1   D28A AF   E8 87           STX -121,S
    644  2     D28D 86   00              LDA #$00
    645  4+1   D28F A7   E8 86           STA -122,S
    646  4+4   D292 32   E9 FF61         LEAS -159,S
    647  3     D296 8E   DCDD            LDX #$dcdd
    648  5+1   D299 AF   7E              STX -2,S
    649  2     D29B 86   00              LDA #$00
    650  4+1   D29D A7   7D              STA -3,S
    651  4+1   D29F 32   E8 D8           LEAS -40,S
    652  2     D2A2 86   00              LDA #$00
    653  3     D2A4 8E   DDCC            LDX #$ddcc
    654  5+3   D2A7 34   12              PSHS X,A
    655  4+1   D2A9 32   E8 DB           LEAS -37,S
    656  2     D2AC 86   03              LDA #$03
    657  3     D2AE 8E   DCCC            LDX #$dccc
    658  5+3   D2B1 34   12              PSHS X,A
    659  3     D2B3 8E   DDAC            LDX #$ddac
    660  5+1   D2B6 AF   E8 D9           STX -39,S
    661  2     D2B9 86   0A              LDA #$0a
    662  4+1   D2BB A7   E8 D8           STA -40,S
    663  2     D2BE 86   00              LDA #$00
    664  4+1   D2C0 A7   E8 D7           STA -41,S
    665  4+1   D2C3 32   E8 B3           LEAS -77,S
    666  2     D2C6 86   9A              LDA #$9a
    667  3     D2C8 8E   CCAA            LDX #$ccaa
    668  5+3   D2CB 34   12              PSHS X,A
    669  2     D2CD 86   0E              LDA #$0e
    670  4+1   D2CF A7   7F              STA -1,S
    671  4+1   D2D1 32   E8 DB           LEAS -37,S
    672  2     D2D4 86   A1              LDA #$a1
    673  3     D2D6 8E   DCAA            LDX #$dcaa
    674  5+3   D2D9 34   12              PSHS X,A
    675  2     D2DB 86   0E              LDA #$0e
    676  4+1   D2DD A7   7F              STA -1,S
    677  4+1   D2DF 32   E8 DB           LEAS -37,S
    678  2     D2E2 86   AC              LDA #$ac
    679  3     D2E4 8E   CCAA            LDX #$ccaa
    680  5+3   D2E7 34   12              PSHS X,A
    681  2     D2E9 86   0E              LDA #$0e
    682  4+1   D2EB A7   7F              STA -1,S
    683  4+1   D2ED 32   E8 DB           LEAS -37,S
    684  2     D2F0 86   AA              LDA #$aa
    685  3     D2F2 8E   DCAA            LDX #$dcaa
    686  5+3   D2F5 34   12              PSHS X,A
    687  2     D2F7 86   0E              LDA #$0e
    688  4+1   D2F9 A7   7F              STA -1,S
    689  4+1   D2FB 32   E8 DB           LEAS -37,S
    690  2     D2FE 86   A9              LDA #$a9
    691  3     D300 8E   CCCD            LDX #$cccd
    692  5+3   D303 34   12              PSHS X,A
    693  2     D305 86   0E              LDA #$0e
    694  4+1   D307 A7   7F              STA -1,S
    695  4+1   D309 32   E8 DB           LEAS -37,S
    696  2     D30C 86   AC              LDA #$ac
    697  3     D30E 8E   CCCC            LDX #$cccc
    698  5+3   D311 34   12              PSHS X,A
    699  2     D313 86   0E              LDA #$0e
    700  4+1   D315 A7   7F              STA -1,S
    701  4+1   D317 32   E8 DB           LEAS -37,S
    702  2     D31A 86   AA              LDA #$aa
    703  3     D31C 8E   CCCC            LDX #$cccc
    704  5+3   D31F 34   12              PSHS X,A
    705  2     D321 86   0E              LDA #$0e
    706  4+1   D323 A7   7F              STA -1,S
    707  4+1   D325 32   E8 DB           LEAS -37,S
    708  2     D328 86   CA              LDA #$ca
    709  3     D32A 8E   ACCC            LDX #$accc
    710  5+3   D32D 34   12              PSHS X,A
    711  2     D32F 86   0E              LDA #$0e
    712  4+1   D331 A7   7F              STA -1,S
    713  4+1   D333 32   E8 DB           LEAS -37,S
    714  2     D336 86   CD              LDA #$cd
    715  3     D338 8E   CCAC            LDX #$ccac
    716  5+3   D33B 34   12              PSHS X,A
    717  2     D33D 86   0E              LDA #$0e
    718  4+1   D33F A7   7F              STA -1,S
    719  4+1   D341 32   E8 DB           LEAS -37,S
    720  2     D344 86   0D              LDA #$0d
    721  3     D346 8E   CCAC            LDX #$ccac
    722  5+3   D349 34   12              PSHS X,A
    723  2     D34B 86   09              LDA #$09
    724  4+1   D34D A7   7F              STA -1,S
    725  4+1   D34F 32   E8 DB           LEAS -37,S
    726  2     D352 86   AC              LDA #$ac
    727  3     D354 8E   CCAC            LDX #$ccac
    728  5+3   D357 34   12              PSHS X,A
    729  2     D359 86   09              LDA #$09
    730  4+1   D35B A7   7F              STA -1,S
    731  2     D35D 86   0C              LDA #$0c
    732  4+1   D35F A7   E8 DA           STA -38,S
    733  3     D362 8E   9ACC            LDX #$9acc
    734  5+1   D365 AF   E8 D8           STX -40,S
    735  2     D368 86   00              LDA #$00
    736  4+1   D36A A7   E8 D7           STA -41,S
    737  2     D36D 86   0A              LDA #$0a
    738  4+1   D36F A7   E8 B2           STA -78,S
    739  3     D372 8E   2AAA            LDX #$2aaa
    740  5+1   D375 AF   E8 B0           STX -80,S
    741  2     D378 86   0A              LDA #$0a
    742  4+1   D37A A7   E8 8A           STA -118,S
    743  2     D37D 86   A0              LDA #$a0
    744  4+1   D37F A7   E8 89           STA -119,S
    745  2     D382 86   2C              LDA #$2c
    746  4+1   D384 A7   E8 88           STA -120,S
    747  4+4   D387 32   E9 FF62         LEAS -158,S
    748  2     D38B 86   0A              LDA #$0a
    749  4+0   D38D A7   E4              STA ,S
    750  2     D38F 86   A0              LDA #$a0
    751  4+1   D391 A7   7F              STA -1,S
    752  2     D393 86   FD              LDA #$fd
    753  4+1   D395 A7   7E              STA -2,S
    754  2     D397 86   0A              LDA #$0a
    755  4+1   D399 A7   E8 D8           STA -40,S
    756  2     D39C 86   A0              LDA #$a0
    757  4+1   D39E A7   E8 D7           STA -41,S
    758  2     D3A1 86   DD              LDA #$dd
    759  4+1   D3A3 A7   E8 D6           STA -42,S
    760  2     D3A6 86   DC              LDA #$dc
    761  4+1   D3A8 A7   E8 AE           STA -82,S
    762  2     D3AB 86   0A              LDA #$0a
    763  4+1   D3AD A7   E8 86           STA -122,S
    764
    765        D3B0               ERASE_POS_HJR5_2
    766  4     D3B0 10CE 0000            LDS #$0000
    767  3     D3B4 CE   D511            LDU #ERASE_DATA_HJR5_2
    768        D3B7               ERASE_CODE_HJR5_2
    769  4+4   D3B7 32   E9 FF0D         LEAS -243,S
    770  2     D3BB 86   D0              LDA #$d0
    771  4+0   D3BD A7   E4              STA ,S
    772  2     D3BF 86   D0              LDA #$d0
    773  4+1   D3C1 A7   E8 D8           STA -40,S
    774  2     D3C4 86   0D              LDA #$0d
    775  4+1   D3C6 A7   E8 D7           STA -41,S
    776  3     D3C9 8E   DDD3            LDX #$ddd3
    777  5+1   D3CC AF   E8 AF           STX -81,S
    778  3     D3CF 8E   DDCD            LDX #$ddcd
    779  5+1   D3D2 AF   E8 87           STX -121,S
    780  4+4   D3D5 32   E9 FF61         LEAS -159,S
    781  3     D3D9 8E   A9DC            LDX #$a9dc
    782  5+1   D3DC AF   7E              STX -2,S
    783  3     D3DE 8E   0ADC            LDX #$0adc
    784  5+1   D3E1 AF   E8 D6           STX -42,S
    785  2     D3E4 86   D0              LDA #$d0
    786  4+1   D3E6 A7   E8 B0           STA -80,S
    787  3     D3E9 8E   AACC            LDX #$aacc
    788  5+1   D3EC AF   E8 AE           STX -82,S
    789  2     D3EF 86   10              LDA #$10
    790  4+1   D3F1 A7   E8 AD           STA -83,S
    791  2     D3F4 86   C0              LDA #$c0
    792  4+1   D3F6 A7   E8 88           STA -120,S
    793  3     D3F9 8E   AACC            LDX #$aacc
    794  5+1   D3FC AF   E8 86           STX -122,S
    795  2     D3FF 86   F0              LDA #$f0
    796  4+1   D401 A7   E8 85           STA -123,S
    797  4+4   D404 32   E9 FF60         LEAS -160,S
    798  2     D408 86   C0              LDA #$c0
    799  4+0   D40A A7   E4              STA ,S
    800  3     D40C 8E   A9CA            LDX #$a9ca
    801  5+1   D40F AF   7E              STX -2,S
    802  2     D411 86   10              LDA #$10
    803  4+1   D413 A7   7D              STA -3,S
    804  4+1   D415 32   E8 D9           LEAS -39,S
    805  2     D418 86   1A              LDA #$1a
    806  2     D41A C6   9D              LDB #$9d
    807  3     D41C 8E   CACC            LDX #$cacc
    808  5+4   D41F 34   16              PSHS X,B,A
    809  4+1   D421 32   E8 DC           LEAS -36,S
    810  2     D424 86   DD              LDA #$dd
    811  3     D426 8E   CAAC            LDX #$caac
    812  5+3   D429 34   12              PSHS X,A
    813  2     D42B 86   09              LDA #$09
    814  4+1   D42D A7   7F              STA -1,S
    815  4+1   D42F 32   E8 DB           LEAS -37,S
    816  2     D432 86   13              LDA #$13
    817  3     D434 8E   CAAC            LDX #$caac
    818  5+3   D437 34   12              PSHS X,A
    819  2     D439 86   09              LDA #$09
    820  4+1   D43B A7   7F              STA -1,S
    821  4+1   D43D 32   E8 DB           LEAS -37,S
    822  2     D440 86   C2              LDA #$c2
    823  3     D442 8E   CCAA            LDX #$ccaa
    824  5+3   D445 34   12              PSHS X,A
    825  2     D447 86   09              LDA #$09
    826  4+1   D449 A7   7F              STA -1,S
    827  2     D44B 86   0A              LDA #$0a
    828  4+1   D44D A7   E8 DA           STA -38,S
    829  3     D450 8E   2CCC            LDX #$2ccc
    830  5+1   D453 AF   E8 D8           STX -40,S
    831  2     D456 86   0A              LDA #$0a
    832  4+1   D458 A7   E8 D7           STA -41,S
    833  3     D45B 8E   22AC            LDX #$22ac
    834  5+1   D45E AF   E8 B0           STX -80,S
    835  2     D461 86   0A              LDA #$0a
    836  4+1   D463 A7   E8 AF           STA -81,S
    837  4+1   D466 32   E8 8A           LEAS -118,S
    838  2     D469 86   19              LDA #$19
    839  3     D46B 8E   DDCC            LDX #$ddcc
    840  5+3   D46E 34   12              PSHS X,A
    841  2     D470 86   C0              LDA #$c0
    842  4+1   D472 A7   E8 DB           STA -37,S
    843  4+1   D475 32   E8 DB           LEAS -37,S
    844  2     D478 86   1A              LDA #$1a
    845  3     D47A 8E   DCCA            LDX #$dcca
    846  5+3   D47D 34   12              PSHS X,A
    847  2     D47F 86   A0              LDA #$a0
    848  4+1   D481 A7   E8 DB           STA -37,S
    849  4+1   D484 32   E8 DB           LEAS -37,S
    850  2     D487 86   19              LDA #$19
    851  3     D489 8E   DDAB            LDX #$ddab
    852  5+3   D48C 34   12              PSHS X,A
    853  2     D48E 86   A0              LDA #$a0
    854  4+1   D490 A7   E8 DB           STA -37,S
    855  4+1   D493 32   E8 DB           LEAS -37,S
    856  2     D496 86   AA              LDA #$aa
    857  3     D498 8E   DCAB            LDX #$dcab
    858  5+3   D49B 34   12              PSHS X,A
    859  2     D49D 86   A0              LDA #$a0
    860  4+1   D49F A7   E8 DB           STA -37,S
    861  4+1   D4A2 32   E8 DB           LEAS -37,S
    862  2     D4A5 86   AA              LDA #$aa
    863  3     D4A7 8E   DDAB            LDX #$ddab
    864  5+3   D4AA 34   12              PSHS X,A
    865  2     D4AC 86   A0              LDA #$a0
    866  4+1   D4AE A7   E8 DB           STA -37,S
    867  4+1   D4B1 32   E8 DB           LEAS -37,S
    868  2     D4B4 86   11              LDA #$11
    869  3     D4B6 8E   DDCA            LDX #$ddca
    870  5+3   D4B9 34   12              PSHS X,A
    871  2     D4BB 86   A0              LDA #$a0
    872  4+1   D4BD A7   E8 DB           STA -37,S
    873  4+1   D4C0 32   E8 DB           LEAS -37,S
    874  2     D4C3 86   11              LDA #$11
    875  3     D4C5 8E   CACA            LDX #$caca
    876  5+3   D4C8 34   12              PSHS X,A
    877  4+1   D4CA 32   E8 DB           LEAS -37,S
    878  2     D4CD 86   E1              LDA #$e1
    879  3     D4CF 8E   CACA            LDX #$caca
    880  5+3   D4D2 34   12              PSHS X,A
    881  4+1   D4D4 32   E8 DB           LEAS -37,S
    882  2     D4D7 86   11              LDA #$11
    883  3     D4D9 8E   ADAA            LDX #$adaa
    884  5+3   D4DC 34   12              PSHS X,A
    885  3     D4DE 8E   ACAA            LDX #$acaa
    886  5+1   D4E1 AF   E8 D9           STX -39,S
    887  2     D4E4 86   0F              LDA #$0f
    888  4+1   D4E6 A7   E8 D8           STA -40,S
    889  3     D4E9 8E   ACAA            LDX #$acaa
    890  5+1   D4EC AF   E8 B1           STX -79,S
    891  2     D4EF 86   0D              LDA #$0d
    892  4+1   D4F1 A7   E8 B0           STA -80,S
    893  2     D4F4 86   A0              LDA #$a0
    894  4+1   D4F6 A7   E8 8A           STA -118,S
    895  2     D4F9 86   0A              LDA #$0a
    896  4+1   D4FB A7   E8 89           STA -119,S
    897  4+4   D4FE 32   E9 FF62         LEAS -158,S
    898  2     D502 86   A0              LDA #$a0
    899  4+0   D504 A7   E4              STA ,S
    900  2     D506 86   0A              LDA #$0a
    901  4+1   D508 A7   7F              STA -1,S
    902
    903        D50A               ERASE_SSAV_HJR5
    904  4     D50A 10CE 0000            LDS #$0000
    905  5+3   D50E 35   48              PULS U,DP
    906  5     D510 39                   RTS
    907
    908        D511               ERASE_DATA_HJR5_2
    909        D511               ERASE_DATA_HJR5_1

000000 Total Errors

000012 Total Symbols
     1x          Label D263 DATA_HJR5_1
     1x          Label D263 DATA_HJR5_2
     0x          Label CC3A DRAW_HJR5
    64x          Label D270 ERASE_CODE_HJR5_1
    65x          Label D3B7 ERASE_CODE_HJR5_2
     1x          Label D511 ERASE_DATA_HJR5_1
     1x          Label D511 ERASE_DATA_HJR5_2
     0x          Label D263 ERASE_HJR5
     1x          Label D269 ERASE_POS_HJR5_1
     1x          Label D3B0 ERASE_POS_HJR5_2
     1x          Label D50A ERASE_SSAV_HJR5
     1x          Label D25C SSAV_HJR5

